Component: ARM Compiler 5.06 update 6 (build 750) Tool: armlink [4d35ed]

==============================================================================

Section Cross References

    system_hhd32f1xx.o(i.SystemCoreClockUpdate) refers to system_hhd32f1xx.o(.data) for .data
    startup_hhd32f1xx_s.o(RESET) refers to startup_hhd32f1xx_s.o(STACK) for __initial_sp
    startup_hhd32f1xx_s.o(RESET) refers to startup_hhd32f1xx_s.o(.text) for Reset_Handler
    startup_hhd32f1xx_s.o(RESET) refers to hhd32f10x_it.o(i.NMI_Handler) for NMI_Handler
    startup_hhd32f1xx_s.o(RESET) refers to hhd32f10x_it.o(i.HardFault_Handler) for HardFault_Handler
    startup_hhd32f1xx_s.o(RESET) refers to hhd32f10x_it.o(i.BusFault_Handler) for BusFault_Handler
    startup_hhd32f1xx_s.o(RESET) refers to hhd32f10x_it.o(i.UsageFault_Handler) for UsageFault_Handler
    startup_hhd32f1xx_s.o(RESET) refers to hhd32f10x_it.o(i.SVC_Handler) for SVC_Handler
    startup_hhd32f1xx_s.o(RESET) refers to hhd32f10x_it.o(i.PendSV_Handler) for PendSV_Handler
    startup_hhd32f1xx_s.o(RESET) refers to hhd32f10x_it.o(i.SysTick_Handler) for SysTick_Handler
    startup_hhd32f1xx_s.o(RESET) refers to hhd32f10x_it.o(i.ETH_IRQHandler) for ETH_IRQHandler
    startup_hhd32f1xx_s.o(.text) refers to system_hhd32f1xx.o(i.SystemInit) for SystemInit
    startup_hhd32f1xx_s.o(.text) refers to entry.o(.ARM.Collect$$$$00000000) for __main
    main.o(i.Delay) refers to main.o(.data) for .data
    main.o(i.Get_Tick) refers to main.o(.data) for .data
    main.o(i.System_Periodic_Handle) refers to netconf.o(i.LwIP_Periodic_Handle) for LwIP_Periodic_Handle
    main.o(i.System_Periodic_Handle) refers to main.o(.data) for .data
    main.o(i.Time_Update) refers to main.o(.data) for .data
    main.o(i.application_init) refers to netconf.o(i.LwIP_Init) for LwIP_Init
    main.o(i.application_init) refers to load_server.o(i.tcp_LoadServer_init) for tcp_LoadServer_init
    main.o(i.main) refers to io_init.o(i.IO_init) for IO_init
    main.o(i.main) refers to main.o(i.peripheral_init) for peripheral_init
    main.o(i.main) refers to main.o(i.application_init) for application_init
    main.o(i.main) refers to printf8.o(i.__0printf$8) for __2printf
    main.o(i.main) refers to main.o(i.Delay) for Delay
    main.o(i.main) refers to hhd_gpio.o(i.GPIO_ResetPin) for GPIO_ResetPin
    main.o(i.main) refers to hhd_gpio.o(i.GPIO_SetPin) for GPIO_SetPin
    main.o(i.main) refers to main.o(.data) for .data
    main.o(i.peripheral_init) refers to hhd_gpio.o(i.GPIO_ResetPin) for GPIO_ResetPin
    main.o(i.peripheral_init) refers to simulator_spi.o(i.simulator_Init) for simulator_Init
    main.o(i.peripheral_init) refers to hhd32f107.o(i.System_Setup) for System_Setup
    netconf.o(i.Display_Periodic_Handle) refers to printf8.o(i.__0sprintf$8) for __2sprintf
    netconf.o(i.Display_Periodic_Handle) refers to netconf.o(.data) for .data
    netconf.o(i.Display_Periodic_Handle) refers to netconf.o(.bss) for .bss
    netconf.o(i.LwIP_Init) refers to mem.o(i.mem_init) for mem_init
    netconf.o(i.LwIP_Init) refers to memp.o(i.memp_init) for memp_init
    netconf.o(i.LwIP_Init) refers to inet.o(i.htonl) for htonl
    netconf.o(i.LwIP_Init) refers to ethernetif.o(i.Set_MAC_Address) for Set_MAC_Address
    netconf.o(i.LwIP_Init) refers to netif.o(i.netif_add) for netif_add
    netconf.o(i.LwIP_Init) refers to netif.o(i.netif_set_default) for netif_set_default
    netconf.o(i.LwIP_Init) refers to netif.o(i.netif_set_up) for netif_set_up
    netconf.o(i.LwIP_Init) refers to etharp.o(i.ethernet_input) for ethernet_input
    netconf.o(i.LwIP_Init) refers to ethernetif.o(i.ethernetif_init) for ethernetif_init
    netconf.o(i.LwIP_Init) refers to netconf.o(.bss) for .bss
    netconf.o(i.LwIP_Periodic_Handle) refers to tcp.o(i.tcp_tmr) for tcp_tmr
    netconf.o(i.LwIP_Periodic_Handle) refers to etharp.o(i.etharp_tmr) for etharp_tmr
    netconf.o(i.LwIP_Periodic_Handle) refers to netconf.o(.data) for .data
    netconf.o(i.LwIP_Pkt_Handle) refers to ethernetif.o(i.ethernetif_input) for ethernetif_input
    netconf.o(i.LwIP_Pkt_Handle) refers to netconf.o(.bss) for .bss
    hhd32f107.o(i.Ethernet_Configuration) refers to hhd_gpio.o(i.GPIO_SetPin) for GPIO_SetPin
    hhd32f107.o(i.Ethernet_Configuration) refers to hhd32f107.o(i.Delay_1ms) for Delay_1ms
    hhd32f107.o(i.Ethernet_Configuration) refers to hhd_gpio.o(i.GPIO_ResetPin) for GPIO_ResetPin
    hhd32f107.o(i.Ethernet_Configuration) refers to hhd_eth.o(i.ETH_DeInit) for ETH_DeInit
    hhd32f107.o(i.Ethernet_Configuration) refers to hhd_eth.o(i.ETH_SoftwareReset) for ETH_SoftwareReset
    hhd32f107.o(i.Ethernet_Configuration) refers to main.o(i.Get_Tick) for Get_Tick
    hhd32f107.o(i.Ethernet_Configuration) refers to hhd_eth.o(i.ETH_GetSoftwareResetStatus) for ETH_GetSoftwareResetStatus
    hhd32f107.o(i.Ethernet_Configuration) refers to hhd_eth.o(i.ETH_StructInit) for ETH_StructInit
[...]
    ..\middleware\lwip-1.3.1\src\core\tcp_out.c 0x00000000   Number         0  tcp_out.o ABSOLUTE
    ..\middleware\lwip-1.3.1\src\core\udp.c  0x00000000   Number         0  udp.o ABSOLUTE
    ..\middleware\lwip-1.3.1\src\netif\etharp.c 0x00000000   Number         0  etharp.o ABSOLUTE
    cdrcmple.s                               0x00000000   Number         0  cdrcmple.o ABSOLUTE
    dc.s                                     0x00000000   Number         0  dc.o ABSOLUTE
    handlers.s                               0x00000000   Number         0  handlers.o ABSOLUTE
    init.s                                   0x00000000   Number         0  init.o ABSOLUTE
    .ARM.Collect$$$$00000000                 0x00000148   Section        0  entry.o(.ARM.Collect$$$$00000000)
    .ARM.Collect$$$$00000001                 0x00000148   Section        4  entry2.o(.ARM.Collect$$$$00000001)
    .ARM.Collect$$$$00000004                 0x0000014c   Section        4  entry5.o(.ARM.Collect$$$$00000004)
    .ARM.Collect$$$$00000008                 0x00000150   Section        0  entry7b.o(.ARM.Collect$$$$00000008)
    .ARM.Collect$$$$0000000A                 0x00000150   Section        0  entry8b.o(.ARM.Collect$$$$0000000A)
    .ARM.Collect$$$$0000000B                 0x00000150   Section        8  entry9a.o(.ARM.Collect$$$$0000000B)
    .ARM.Collect$$$$0000000D                 0x00000158   Section        0  entry10a.o(.ARM.Collect$$$$0000000D)
    .ARM.Collect$$$$0000000F                 0x00000158   Section        0  entry11a.o(.ARM.Collect$$$$0000000F)
    .ARM.Collect$$$$00002712                 0x00000158   Section        4  entry2.o(.ARM.Collect$$$$00002712)
    __lit__00000000                          0x00000158   Data           4  entry2.o(.ARM.Collect$$$$00002712)
    .text                                    0x0000015c   Section       36  startup_hhd32f1xx_s.o(.text)
    .text                                    0x00000180   Section        0  memcpya.o(.text)
    .text                                    0x000001a4   Section        0  memseta.o(.text)
    .text                                    0x000001c8   Section        0  memcmp.o(.text)
    .text                                    0x000001e2   Section        0  uldiv.o(.text)
    .text                                    0x00000244   Section       36  init.o(.text)
    .text                                    0x00000268   Section        0  llshl.o(.text)
    .text                                    0x00000286   Section        0  llushr.o(.text)
    .text                                    0x000002a6   Section        0  __dczerorl2.o(.text)
    i.BusFault_Handler                       0x000002fc   Section        0  hhd32f10x_it.o(i.BusFault_Handler)
    i.Delay                                  0x00000300   Section        0  main.o(i.Delay)
    i.Delay_1ms                              0x00000314   Section        0  hhd32f107.o(i.Delay_1ms)
    i.ETH_DMAClearITPendingBit               0x0000032c   Section        0  hhd_eth.o(i.ETH_DMAClearITPendingBit)
    i.ETH_DMAITConfig                        0x00000338   Section        0  hhd_eth.o(i.ETH_DMAITConfig)
    i.ETH_DMAReceptionCmd                    0x00000350   Section        0  hhd_eth.o(i.ETH_DMAReceptionCmd)
    i.ETH_DMARxDescChainInit                 0x0000036c   Section        0  hhd_eth.o(i.ETH_DMARxDescChainInit)
    i.ETH_DMARxDescReceiveITConfig           0x000003bc   Section        0  hhd_eth.o(i.ETH_DMARxDescReceiveITConfig)
    i.ETH_DMATransmissionCmd                 0x000003d0   Section        0  hhd_eth.o(i.ETH_DMATransmissionCmd)
    i.ETH_DMATxDescChainInit                 0x000003ec   Section        0  hhd_eth.o(i.ETH_DMATxDescChainInit)
    i.ETH_DeInit                             0x00000434   Section        0  hhd_eth.o(i.ETH_DeInit)
    i.ETH_FlushTransmitFIFO                  0x00000438   Section        0  hhd_eth.o(i.ETH_FlushTransmitFIFO)
    i.ETH_GetCurrentTxBuffer                 0x00000448   Section        0  ethernetif.o(i.ETH_GetCurrentTxBuffer)
    i.ETH_GetDMARxDescFrameLength            0x00000454   Section        0  hhd_eth.o(i.ETH_GetDMARxDescFrameLength)
    i.ETH_GetRxPktSize                       0x0000045c   Section        0  hhd_eth.o(i.ETH_GetRxPktSize)
    i.ETH_GetSoftwareResetStatus             0x00000480   Section        0  hhd_eth.o(i.ETH_GetSoftwareResetStatus)
    i.ETH_IRQHandler                         0x00000494   Section        0  hhd32f10x_it.o(i.ETH_IRQHandler)
    i.ETH_Init                               0x000004b8   Section        0  hhd_eth.o(i.ETH_Init)
    i.ETH_MACAddressConfig                   0x000005e8   Section        0  hhd_eth.o(i.ETH_MACAddressConfig)
    i.ETH_MACReceptionCmd                    0x00000604   Section        0  hhd_eth.o(i.ETH_MACReceptionCmd)
    i.ETH_MACTransmissionCmd                 0x00000620   Section        0  hhd_eth.o(i.ETH_MACTransmissionCmd)
    i.ETH_ReadPHYRegister                    0x0000063c   Section        0  hhd_eth.o(i.ETH_ReadPHYRegister)
    i.ETH_RxPkt_ChainMode                    0x00000694   Section        0  ethernetif.o(i.ETH_RxPkt_ChainMode)
    i.ETH_SoftwareReset                      0x000006e4   Section        0  hhd_eth.o(i.ETH_SoftwareReset)
    i.ETH_Start                              0x000006f4   Section        0  hhd_eth.o(i.ETH_Start)
    i.ETH_StructInit                         0x00000716   Section        0  hhd_eth.o(i.ETH_StructInit)
    i.ETH_TxPkt_ChainMode                    0x00000798   Section        0  ethernetif.o(i.ETH_TxPkt_ChainMode)
    i.ETH_WritePHYRegister                   0x000007dc   Section        0  hhd_eth.o(i.ETH_WritePHYRegister)
    i.Ethernet_Configuration                 0x00000830   Section        0  hhd32f107.o(i.Ethernet_Configuration)
    i.GPIO_ConfigPinsAsInput                 0x00000918   Section        0  hhd_gpio.o(i.GPIO_ConfigPinsAsInput)
    i.GPIO_ConfigPinsAsOutput                0x00000920   Section        0  hhd_gpio.o(i.GPIO_ConfigPinsAsOutput)
    i.GPIO_ResetPin                          0x00000928   Section        0  hhd_gpio.o(i.GPIO_ResetPin)
    i.GPIO_SetPin                            0x00000930   Section        0  hhd_gpio.o(i.GPIO_SetPin)
    i.Get_Tick                               0x00000938   Section        0  main.o(i.Get_Tick)
    i.HardFault_Handler                      0x00000944   Section        0  hhd32f10x_it.o(i.HardFault_Handler)
    i.IO_init                                0x00000946   Section        0  io_init.o(i.IO_init)
    i.LwIP_Init                              0x000009a4   Section        0  netconf.o(i.LwIP_Init)
    i.LwIP_Pkt_Handle                        0x00000a1c   Section        0  netconf.o(i.LwIP_Pkt_Handle)
    i.NMI_Handler                            0x00000a28   Section        0  hhd32f10x_it.o(i.NMI_Handler)
    i.NVIC_DisableIRQ                        0x00000a2a   Section        0  hhd_uart.o(i.NVIC_DisableIRQ)
    NVIC_DisableIRQ                          0x00000a2b   Thumb Code    22  hhd_uart.o(i.NVIC_DisableIRQ)
    i.NVIC_EnableIRQ                         0x00000a40   Section        0  hhd32f107.o(i.NVIC_EnableIRQ)
    NVIC_EnableIRQ                           0x00000a41   Thumb Code    22  hhd32f107.o(i.NVIC_EnableIRQ)
    i.NVIC_SetPriority                       0x00000a56   Section        0  hhd32f107.o(i.NVIC_SetPriority)
    NVIC_SetPriority                         0x00000a57   Thumb Code    32  hhd32f107.o(i.NVIC_SetPriority)
    i.PHY_MII_COPPER                         0x00000a76   Section        0  hhd_eth.o(i.PHY_MII_COPPER)
    i.PendSV_Handler                         0x00000ae6   Section        0  hhd32f10x_it.o(i.PendSV_Handler)
    i.RCC_APB2PeriphClockCmd                 0x00000ae8   Section        0  hhd_rcc.o(i.RCC_APB2PeriphClockCmd)
    i.SVC_Handler                            0x00000b00   Section        0  hhd32f10x_it.o(i.SVC_Handler)
    i.Set_MAC_Address                        0x00000b04   Section        0  ethernetif.o(i.Set_MAC_Address)
    i.SysTick_Handler                        0x00000b2c   Section        0  hhd32f10x_it.o(i.SysTick_Handler)
    i.SystemInit                             0x00000b30   Section        0  system_hhd32f1xx.o(i.SystemInit)
    i.System_Setup                           0x00000bdc   Section        0  hhd32f107.o(i.System_Setup)
    i.Time_Update                            0x00000c34   Section        0  main.o(i.Time_Update)
    i.UART_EnableInt                         0x00000c44   Section        0  hhd_uart.o(i.UART_EnableInt)
    i.UART_Open                              0x00000c4c   Section        0  hhd_uart.o(i.UART_Open)
    i.UsageFault_Handler                     0x00000da8   Section        0  hhd32f10x_it.o(i.UsageFault_Handler)
    i.WriteByte                              0x00000dac   Section        0  simulator_spi.o(i.WriteByte)
    i.__0printf$8                            0x00000e8c   Section        0  printf8.o(i.__0printf$8)
    i.__scatterload_copy                     0x00000eac   Section       14  handlers.o(i.__scatterload_copy)
    i.__scatterload_null                     0x00000eba   Section        2  handlers.o(i.__scatterload_null)
    i.__scatterload_zeroinit                 0x00000ebc   Section       14  handlers.o(i.__scatterload_zeroinit)
    i._printf_core                           0x00000ecc   Section        0  printf8.o(i._printf_core)
    _printf_core                             0x00000ecd   Thumb Code   996  printf8.o(i._printf_core)
    i._printf_post_padding                   0x000012dc   Section        0  printf8.o(i._printf_post_padding)
    _printf_post_padding                     0x000012dd   Thumb Code    36  printf8.o(i._printf_post_padding)
    i._printf_pre_padding                    0x00001300   Section        0  printf8.o(i._printf_pre_padding)
    _printf_pre_padding                      0x00001301   Thumb Code    46  printf8.o(i._printf_pre_padding)
    i.application_init                       0x0000132e   Section        0  main.o(i.application_init)
    i.etharp_arp_input                       0x0000133c   Section        0  etharp.o(i.etharp_arp_input)
    i.etharp_ip_input                        0x00001406   Section        0  etharp.o(i.etharp_ip_input)
    i.etharp_output                          0x00001430   Section        0  etharp.o(i.etharp_output)
    i.etharp_query                           0x000014e8   Section        0  etharp.o(i.etharp_query)
    i.etharp_raw                             0x000015ec   Section        0  etharp.o(i.etharp_raw)
    etharp_raw                               0x000015ed   Thumb Code   158  etharp.o(i.etharp_raw)
    i.etharp_request                         0x0000168c   Section        0  etharp.o(i.etharp_request)
    i.etharp_send_ip                         0x000016b0   Section        0  etharp.o(i.etharp_send_ip)
    etharp_send_ip                           0x000016b1   Thumb Code    54  etharp.o(i.etharp_send_ip)
    i.ethernet_input                         0x000016e6   Section        0  etharp.o(i.ethernet_input)
    i.ethernetif_init                        0x0000173c   Section        0  ethernetif.o(i.ethernetif_init)
    i.ethernetif_input                       0x0000177c   Section        0  ethernetif.o(i.ethernetif_input)
    i.find_entry                             0x000017a4   Section        0  etharp.o(i.find_entry)
    find_entry                               0x000017a5   Thumb Code   308  etharp.o(i.find_entry)
    i.fputc                                  0x000018e0   Section        0  main.o(i.fputc)
    i.frame_handler                          0x000018f8   Section        0  load_server.o(i.frame_handler)
    i.free_etharp_q                          0x00001964   Section        0  etharp.o(i.free_etharp_q)
    free_etharp_q                            0x00001965   Thumb Code    30  etharp.o(i.free_etharp_q)
    i.get_phyaddr                            0x00001982   Section        0  hhd32f107.o(i.get_phyaddr)
    i.htonl                                  0x000019a4   Section        0  inet.o(i.htonl)
    i.htons                                  0x000019a8   Section        0  inet.o(i.htons)
    i.icmp_dest_unreach                      0x000019ac   Section        0  icmp.o(i.icmp_dest_unreach)
    i.icmp_input                             0x000019b4   Section        0  icmp.o(i.icmp_input)
    i.icmp_send_response                     0x00001afc   Section        0  icmp.o(i.icmp_send_response)
    icmp_send_response                       0x00001afd   Thumb Code   102  icmp.o(i.icmp_send_response)
    i.icmp_time_exceeded                     0x00001b62   Section        0  icmp.o(i.icmp_time_exceeded)
    i.inet_chksum                            0x00001b6a   Section        0  inet_chksum.o(i.inet_chksum)
    i.inet_chksum_pbuf                       0x00001b76   Section        0  inet_chksum.o(i.inet_chksum_pbuf)
    i.inet_chksum_pseudo                     0x00001bbe   Section        0  inet_chksum.o(i.inet_chksum_pseudo)
    i.info_deal                              0x00001c44   Section        0  load_server.o(i.info_deal)
    i.ip_addr_isbroadcast                    0x00001cc4   Section        0  ip_addr.o(i.ip_addr_isbroadcast)
    i.ip_frag                                0x00001cf4   Section        0  ip_frag.o(i.ip_frag)
    i.ip_input                               0x00001e24   Section        0  ip.o(i.ip_input)
    i.ip_output                              0x00001f94   Section        0  ip.o(i.ip_output)
    i.ip_output_if                           0x00001fc8   Section        0  ip.o(i.ip_output_if)
    i.ip_reass                               0x000020a0   Section        0  ip_frag.o(i.ip_reass)
    i.ip_reass_chain_frag_into_datagram_and_validate 0x00002250   Section        0  ip_frag.o(i.ip_reass_chain_frag_into_datagram_and_validate)
    ip_reass_chain_frag_into_datagram_and_validate 0x00002251   Thumb Code   234  ip_frag.o(i.ip_reass_chain_frag_into_datagram_and_validate)
    i.ip_reass_dequeue_datagram              0x00002340   Section        0  ip_frag.o(i.ip_reass_dequeue_datagram)
    ip_reass_dequeue_datagram                0x00002341   Thumb Code    30  ip_frag.o(i.ip_reass_dequeue_datagram)
    i.ip_reass_free_complete_datagram        0x00002364   Section        0  ip_frag.o(i.ip_reass_free_complete_datagram)
    ip_reass_free_complete_datagram          0x00002365   Thumb Code   106  ip_frag.o(i.ip_reass_free_complete_datagram)
    i.ip_reass_remove_oldest_datagram        0x000023d4   Section        0  ip_frag.o(i.ip_reass_remove_oldest_datagram)
    ip_reass_remove_oldest_datagram          0x000023d5   Thumb Code   110  ip_frag.o(i.ip_reass_remove_oldest_datagram)
    i.ip_route                               0x00002448   Section        0  ip.o(i.ip_route)
    i.low_level_init                         0x00002490   Section        0  ethernetif.o(i.low_level_init)
    low_level_init                           0x00002491   Thumb Code    98  ethernetif.o(i.low_level_init)
    i.low_level_input                        0x00002500   Section        0  ethernetif.o(i.low_level_input)
    low_level_input                          0x00002501   Thumb Code    92  ethernetif.o(i.low_level_input)
    i.low_level_output                       0x00002560   Section        0  ethernetif.o(i.low_level_output)
    low_level_output                         0x00002561   Thumb Code    44  ethernetif.o(i.low_level_output)
    i.lwip_standard_chksum                   0x0000258c   Section        0  inet_chksum.o(i.lwip_standard_chksum)
    lwip_standard_chksum                     0x0000258d   Thumb Code    60  inet_chksum.o(i.lwip_standard_chksum)
    i.main                                   0x000025c8   Section        0  main.o(i.main)
    i.mem_free                               0x00002620   Section        0  mem.o(i.mem_free)
    i.mem_init                               0x0000264c   Section        0  mem.o(i.mem_init)
    i.mem_malloc                             0x00002680   Section        0  mem.o(i.mem_malloc)
    i.mem_realloc                            0x00002728   Section        0  mem.o(i.mem_realloc)
    i.memp_free                              0x000027ec   Section        0  memp.o(i.memp_free)
    i.memp_init                              0x00002804   Section        0  memp.o(i.memp_init)
    i.memp_malloc                            0x0000285c   Section        0  memp.o(i.memp_malloc)
    i.netif_add                              0x0000287c   Section        0  netif.o(i.netif_add)
    i.netif_is_up                            0x000028c4   Section        0  netif.o(i.netif_is_up)
    i.netif_set_addr                         0x000028ce   Section        0  netif.o(i.netif_set_addr)
    i.netif_set_default                      0x000028f0   Section        0  netif.o(i.netif_set_default)
    i.netif_set_gw                           0x000028fc   Section        0  netif.o(i.netif_set_gw)
    i.netif_set_ipaddr                       0x00002904   Section        0  netif.o(i.netif_set_ipaddr)
    i.netif_set_netmask                      0x0000296c   Section        0  netif.o(i.netif_set_netmask)
    i.netif_set_up                           0x00002974   Section        0  netif.o(i.netif_set_up)
    i.ntohl                                  0x00002990   Section        0  inet.o(i.ntohl)
    i.ntohs                                  0x00002994   Section        0  inet.o(i.ntohs)
    i.pbuf_alloc                             0x00002998   Section        0  pbuf.o(i.pbuf_alloc)
    i.pbuf_cat                               0x00002aa4   Section        0  pbuf.o(i.pbuf_cat)
    i.pbuf_chain                             0x00002acc   Section        0  pbuf.o(i.pbuf_chain)
    i.pbuf_clen                              0x00002ade   Section        0  pbuf.o(i.pbuf_clen)
    i.pbuf_copy                              0x00002af0   Section        0  pbuf.o(i.pbuf_copy)
    i.pbuf_copy_partial                      0x00002b80   Section        0  pbuf.o(i.pbuf_copy_partial)
    i.pbuf_free                              0x00002be8   Section        0  pbuf.o(i.pbuf_free)
    i.pbuf_header                            0x00002c2c   Section        0  pbuf.o(i.pbuf_header)
    i.pbuf_realloc                           0x00002c8c   Section        0  pbuf.o(i.pbuf_realloc)
    i.pbuf_ref                               0x00002cda   Section        0  pbuf.o(i.pbuf_ref)
    i.peripheral_init                        0x00002ce8   Section        0  main.o(i.peripheral_init)
    i.plug_holes                             0x00002d04   Section        0  mem.o(i.plug_holes)
    plug_holes                               0x00002d05   Thumb Code    78  mem.o(i.plug_holes)
    i.raw_input                              0x00002d58   Section        0  raw.o(i.raw_input)
    i.simulator_Init                         0x00002dc0   Section        0  simulator_spi.o(i.simulator_Init)
    i.tcp_LoadServer_init                    0x00002dfc   Section        0  load_server.o(i.tcp_LoadServer_init)
    i.tcp_abandon                            0x00002e44   Section        0  tcp.o(i.tcp_abandon)
    i.tcp_accept                             0x00002ed8   Section        0  tcp.o(i.tcp_accept)
    i.tcp_accept_null                        0x00002edc   Section        0  tcp.o(i.tcp_accept_null)
    tcp_accept_null                          0x00002edd   Thumb Code     6  tcp.o(i.tcp_accept_null)
    i.tcp_alloc                              0x00002ee4   Section        0  tcp.o(i.tcp_alloc)
    i.tcp_arg                                0x00002fe8   Section        0  tcp.o(i.tcp_arg)
    i.tcp_bind                               0x00002fec   Section        0  tcp.o(i.tcp_bind)
    i.tcp_close                              0x000030a8   Section        0  tcp.o(i.tcp_close)
    i.tcp_echoserver_accept                  0x00003148   Section        0  load_server.o(i.tcp_echoserver_accept)
    tcp_echoserver_accept                    0x00003149   Thumb Code    90  load_server.o(i.tcp_echoserver_accept)
    i.tcp_echoserver_connection_close        0x000031b4   Section        0  load_server.o(i.tcp_echoserver_connection_close)
    tcp_echoserver_connection_close          0x000031b5   Thumb Code    64  load_server.o(i.tcp_echoserver_connection_close)
    i.tcp_echoserver_error                   0x000031f4   Section        0  load_server.o(i.tcp_echoserver_error)
    tcp_echoserver_error                     0x000031f5   Thumb Code    10  load_server.o(i.tcp_echoserver_error)
    i.tcp_echoserver_poll                    0x00003200   Section        0  load_server.o(i.tcp_echoserver_poll)
    tcp_echoserver_poll                      0x00003201   Thumb Code    62  load_server.o(i.tcp_echoserver_poll)
    i.tcp_echoserver_recv                    0x00003244   Section        0  load_server.o(i.tcp_echoserver_recv)
    tcp_echoserver_recv                      0x00003245   Thumb Code   258  load_server.o(i.tcp_echoserver_recv)
    i.tcp_echoserver_send                    0x00003354   Section        0  load_server.o(i.tcp_echoserver_send)
    tcp_echoserver_send                      0x00003355   Thumb Code    86  load_server.o(i.tcp_echoserver_send)
    i.tcp_echoserver_sent                    0x000033ac   Section        0  load_server.o(i.tcp_echoserver_sent)
    tcp_echoserver_sent                      0x000033ad   Thumb Code    50  load_server.o(i.tcp_echoserver_sent)
    i.tcp_eff_send_mss                       0x000033e4   Section        0  tcp.o(i.tcp_eff_send_mss)
    i.tcp_enqueue                            0x00003404   Section        0  tcp_out.o(i.tcp_enqueue)
    i.tcp_err                                0x000036f4   Section        0  tcp.o(i.tcp_err)
    i.tcp_input                              0x000036fc   Section        0  tcp_in.o(i.tcp_input)
    i.tcp_listen_input                       0x00003a30   Section        0  tcp_in.o(i.tcp_listen_input)
    tcp_listen_input                         0x00003a31   Thumb Code   222  tcp_in.o(i.tcp_listen_input)
    i.tcp_listen_with_backlog                0x00003b18   Section        0  tcp.o(i.tcp_listen_with_backlog)
    i.tcp_new                                0x00003b9c   Section        0  tcp.o(i.tcp_new)
    i.tcp_new_port                           0x00003ba4   Section        0  tcp.o(i.tcp_new_port)
    tcp_new_port                             0x00003ba5   Thumb Code    92  tcp.o(i.tcp_new_port)
    i.tcp_next_iss                           0x00003c04   Section        0  tcp.o(i.tcp_next_iss)
    i.tcp_output                             0x00003c14   Section        0  tcp_out.o(i.tcp_output)
    i.tcp_output_segment                     0x00003e44   Section        0  tcp_out.o(i.tcp_output_segment)
    tcp_output_segment                       0x00003e45   Thumb Code   188  tcp_out.o(i.tcp_output_segment)
    i.tcp_output_set_header                  0x00003f08   Section        0  tcp_out.o(i.tcp_output_set_header)
    tcp_output_set_header                    0x00003f09   Thumb Code   120  tcp_out.o(i.tcp_output_set_header)
    i.tcp_parseopt                           0x00003f80   Section        0  tcp_in.o(i.tcp_parseopt)
    tcp_parseopt                             0x00003f81   Thumb Code   124  tcp_in.o(i.tcp_parseopt)
    i.tcp_pcb_purge                          0x00004000   Section        0  tcp.o(i.tcp_pcb_purge)
    i.tcp_pcb_remove                         0x00004030   Section        0  tcp.o(i.tcp_pcb_remove)
    i.tcp_poll                               0x00004090   Section        0  tcp.o(i.tcp_poll)
    i.tcp_process                            0x0000409c   Section        0  tcp_in.o(i.tcp_process)
    tcp_process                              0x0000409d   Thumb Code   814  tcp_in.o(i.tcp_process)
    i.tcp_receive                            0x000043e0   Section        0  tcp_in.o(i.tcp_receive)
    tcp_receive                              0x000043e1   Thumb Code  1130  tcp_in.o(i.tcp_receive)
    i.tcp_recv                               0x0000484a   Section        0  tcp.o(i.tcp_recv)
    i.tcp_recv_null                          0x00004850   Section        0  tcp.o(i.tcp_recv_null)
    tcp_recv_null                            0x00004851   Thumb Code    28  tcp.o(i.tcp_recv_null)
    i.tcp_recved                             0x0000486c   Section        0  tcp.o(i.tcp_recved)
    i.tcp_rexmit                             0x000048a6   Section        0  tcp_out.o(i.tcp_rexmit)
    i.tcp_rst                                0x000048fa   Section        0  tcp_out.o(i.tcp_rst)
    i.tcp_seg_free                           0x000049a4   Section        0  tcp.o(i.tcp_seg_free)
    i.tcp_segs_free                          0x000049c4   Section        0  tcp.o(i.tcp_segs_free)
    i.tcp_send_ctrl                          0x000049de   Section        0  tcp_out.o(i.tcp_send_ctrl)
    i.tcp_sent                               0x000049f4   Section        0  tcp.o(i.tcp_sent)
    i.tcp_setprio                            0x000049fa   Section        0  tcp.o(i.tcp_setprio)
    i.tcp_update_rcv_ann_wnd                 0x000049fe   Section        0  tcp.o(i.tcp_update_rcv_ann_wnd)
    i.tcp_write                              0x00004a28   Section        0  tcp_out.o(i.tcp_write)
    i.udp_input                              0x00004a58   Section        0  udp.o(i.udp_input)
    i.update_arp_entry                       0x00004bb8   Section        0  etharp.o(i.update_arp_entry)
    update_arp_entry                         0x00004bb9   Thumb Code   162  etharp.o(i.update_arp_entry)
    i.writeArray                             0x00004c60   Section        0  simulator_spi.o(i.writeArray)
    .constdata                               0x00004c94   Section       36  memp.o(.constdata)
    memp_sizes                               0x00004c94   Data          18  memp.o(.constdata)
    memp_num                                 0x00004ca6   Data          18  memp.o(.constdata)
    .constdata                               0x00004cb8   Section        4  ip_addr.o(.constdata)
    .constdata                               0x00004cbc   Section       12  etharp.o(.constdata)
    .data                                    0x20000000   Section       16  system_hhd32f1xx.o(.data)
    .data                                    0x20000010   Section      444  main.o(.data)
    .data                                    0x200001cc   Section       12  load_server.o(.data)
    frame_count                              0x200001d0   Data           2  load_server.o(.data)
    tcp_echoserver_pcb                       0x200001d4   Data           4  load_server.o(.data)
    .data                                    0x200001d8   Section        6  ethernetif.o(.data)
    .data                                    0x200001e0   Section       20  hhd_eth.o(.data)
    .data                                    0x200001f4   Section       16  mem.o(.data)
    mem_sem                                  0x200001f4   Data           1  mem.o(.data)
    ram                                      0x200001f8   Data           4  mem.o(.data)
    ram_end                                  0x200001fc   Data           4  mem.o(.data)
    lfree                                    0x20000200   Data           4  mem.o(.data)
    .data                                    0x20000204   Section       12  netif.o(.data)
    netifnum                                 0x20000204   Data           1  netif.o(.data)
    .data                                    0x20000210   Section        4  raw.o(.data)
    raw_pcbs                                 0x20000210   Data           4  raw.o(.data)
    .data                                    0x20000214   Section       32  tcp.o(.data)
    tcp_timer                                0x20000214   Data           1  tcp.o(.data)
    port                                     0x20000216   Data           2  tcp.o(.data)
    iss                                      0x20000218   Data           4  tcp.o(.data)
    .data                                    0x20000234   Section       28  tcp_in.o(.data)
    flags                                    0x20000234   Data           1  tcp_in.o(.data)
    recv_flags                               0x20000235   Data           1  tcp_in.o(.data)
    tcplen                                   0x20000236   Data           2  tcp_in.o(.data)
    tcphdr                                   0x20000238   Data           4  tcp_in.o(.data)
    iphdr                                    0x2000023c   Data           4  tcp_in.o(.data)
    seqno                                    0x20000240   Data           4  tcp_in.o(.data)
    ackno                                    0x20000244   Data           4  tcp_in.o(.data)
    recv_data                                0x20000248   Data           4  tcp_in.o(.data)
    .data                                    0x20000250   Section        4  udp.o(.data)
    .data                                    0x20000254   Section       12  ip.o(.data)
    ip_id                                    0x20000254   Data           2  ip.o(.data)
    current_netif                            0x20000258   Data           4  ip.o(.data)
    current_header                           0x2000025c   Data           4  ip.o(.data)
    .data                                    0x20000260   Section        8  ip_frag.o(.data)
    ip_reass_pbufcount                       0x20000260   Data           2  ip_frag.o(.data)
    reassdatagrams                           0x20000264   Data           4  ip_frag.o(.data)
    .data                                    0x20000268   Section        1  etharp.o(.data)
    etharp_cached_entry                      0x20000268   Data           1  etharp.o(.data)
    .data                                    0x2000026c   Section        4  stdout.o(.data)
    .bss                                     0x20000270   Section       48  netconf.o(.bss)
    .bss                                     0x200002a0   Section     1470  load_server.o(.bss)
    .bss                                     0x20000860   Section    21504  ethernetif.o(.bss)
    .bss                                     0x20005c60   Section    40980  mem.o(.bss)
    ram_heap                                 0x20005c60   Data       40980  mem.o(.bss)
    .bss                                     0x2000fc74   Section    18615  memp.o(.bss)
    memp_tab                                 0x2000fc74   Data          36  memp.o(.bss)
    memp_memory                              0x2000fc98   Data       18579  memp.o(.bss)
    .bss                                     0x2001452c   Section       20  tcp_in.o(.bss)
    inseg                                    0x2001452c   Data          20  tcp_in.o(.bss)
    .bss                                     0x20014540   Section     1504  ip_frag.o(.bss)
    buf                                      0x20014540   Data        1504  ip_frag.o(.bss)
    .bss                                     0x20014b20   Section      200  etharp.o(.bss)
    arp_table                                0x20014b20   Data         200  etharp.o(.bss)
    STACK                                    0x20014be8   Section     8192  startup_hhd32f1xx_s.o(STACK)

    Global Symbols

    Symbol Name                              Value     Ov Type        Size  Object(Section)

    BuildAttributes$$THM_ISAv4$P$D$K$B$S$PE$A:L22UL41UL21$X:L11$S22US41US21$IEEE1$IW$USESV6$~STKCKD$USESV7$~SHL$OSPACE$ROPI$EBA8$MICROLIB$REQ8$PRES8$EABIv2 0x00000000   Number         0  anon$$obj.o ABSOLUTE
    __ARM_use_no_argv                        0x00000000   Number         0  main.o ABSOLUTE
    __Vectors                                0x00000000   Data           4  startup_hhd32f1xx_s.o(RESET)
    _printf_a                                0x00000000   Number         0  stubs.o ABSOLUTE
    _printf_c                                0x00000000   Number         0  stubs.o ABSOLUTE
    _printf_charcount                        0x00000000   Number         0  stubs.o ABSOLUTE
    _printf_d                                0x00000000   Number         0  stubs.o ABSOLUTE
    _printf_e                                0x00000000   Number         0  stubs.o ABSOLUTE
    _printf_f                                0x00000000   Number         0  stubs.o ABSOLUTE
    _printf_flags                            0x00000000   Number         0  stubs.o ABSOLUTE
    _printf_fp_dec                           0x00000000   Number         0  stubs.o ABSOLUTE
    _printf_fp_hex                           0x00000000   Number         0  stubs.o ABSOLUTE
    _printf_g                                0x00000000   Number         0  stubs.o ABSOLUTE
    _printf_i                                0x00000000   Number         0  stubs.o ABSOLUTE
    _printf_int_dec                          0x00000000   Number         0  stubs.o ABSOLUTE
    _printf_l                                0x00000000   Number         0  stubs.o ABSOLUTE
    _printf_lc                               0x00000000   Number         0  stubs.o ABSOLUTE
    _printf_ll                               0x00000000   Number         0  stubs.o ABSOLUTE
    _printf_lld                              0x00000000   Number         0  stubs.o ABSOLUTE
    _printf_lli                              0x00000000   Number         0  stubs.o ABSOLUTE
    _printf_llo                              0x00000000   Number         0  stubs.o ABSOLUTE
    _printf_llu                              0x00000000   Number         0  stubs.o ABSOLUTE
    _printf_llx                              0x00000000   Number         0  stubs.o ABSOLUTE
    _printf_longlong_dec                     0x00000000   Number         0  stubs.o ABSOLUTE
    _printf_longlong_hex                     0x00000000   Number         0  stubs.o ABSOLUTE
    _printf_longlong_oct                     0x00000000   Number         0  stubs.o ABSOLUTE
    _printf_ls                               0x00000000   Number         0  stubs.o ABSOLUTE
    _printf_mbtowc                           0x00000000   Number         0  stubs.o ABSOLUTE
    _printf_n                                0x00000000   Number         0  stubs.o ABSOLUTE
    _printf_o                                0x00000000   Number         0  stubs.o ABSOLUTE
    _printf_p                                0x00000000   Number         0  stubs.o ABSOLUTE
    _printf_percent                          0x00000000   Number         0  stubs.o ABSOLUTE
    _printf_pre_padding                      0x00000000   Number         0  stubs.o ABSOLUTE
    _printf_return_value                     0x00000000   Number         0  stubs.o ABSOLUTE
    _printf_s                                0x00000000   Number         0  stubs.o ABSOLUTE
    _printf_sizespec                         0x00000000   Number         0  stubs.o ABSOLUTE
    _printf_str                              0x00000000   Number         0  stubs.o ABSOLUTE
    _printf_truncate_signed                  0x00000000   Number         0  stubs.o ABSOLUTE
    _printf_truncate_unsigned                0x00000000   Number         0  stubs.o ABSOLUTE
    _printf_u                                0x00000000   Number         0  stubs.o ABSOLUTE
    _printf_wc                               0x00000000   Number         0  stubs.o ABSOLUTE
    _printf_wctomb                           0x00000000   Number         0  stubs.o ABSOLUTE
    _printf_widthprec                        0x00000000   Number         0  stubs.o ABSOLUTE
    _printf_x                                0x00000000   Number         0  stubs.o ABSOLUTE
    __cpp_initialize__aeabi_                  - Undefined Weak Reference
    __cxa_finalize                            - Undefined Weak Reference
    _clock_init                               - Undefined Weak Reference
    _microlib_exit                            - Undefined Weak Reference
    __Vectors_End                            0x00000148   Data           0  startup_hhd32f1xx_s.o(RESET)
    __Vectors_Size                           0x00000148   Number         0  startup_hhd32f1xx_s.o ABSOLUTE
    __main                                   0x00000149   Thumb Code     0  entry.o(.ARM.Collect$$$$00000000)
    _main_stk                                0x00000149   Thumb Code     0  entry2.o(.ARM.Collect$$$$00000001)
    _main_scatterload                        0x0000014d   Thumb Code     0  entry5.o(.ARM.Collect$$$$00000004)
    __main_after_scatterload                 0x00000151   Thumb Code     0  entry5.o(.ARM.Collect$$$$00000004)
    _main_clock                              0x00000151   Thumb Code     0  entry7b.o(.ARM.Collect$$$$00000008)
    _main_cpp_init                           0x00000151   Thumb Code     0  entry8b.o(.ARM.Collect$$$$0000000A)
    _main_init                               0x00000151   Thumb Code     0  entry9a.o(.ARM.Collect$$$$0000000B)
    __rt_final_cpp                           0x00000159   Thumb Code     0  entry10a.o(.ARM.Collect$$$$0000000D)
    __rt_final_exit                          0x00000159   Thumb Code     0  entry11a.o(.ARM.Collect$$$$0000000F)
    Reset_Handler                            0x0000015d   Thumb Code     8  startup_hhd32f1xx_s.o(.text)
    MemoryManagement_Handler                 0x00000169   Thumb Code     2  startup_hhd32f1xx_s.o(.text)
    DebugMonitor_Handler                     0x00000171   Thumb Code     2  startup_hhd32f1xx_s.o(.text)
    ADC1_2_IRQHandler                        0x00000177   Thumb Code     0  startup_hhd32f1xx_s.o(.text)
    ADC3_IRQHandler                          0x00000177   Thumb Code     0  startup_hhd32f1xx_s.o(.text)
    BOD_IRQHandler                           0x00000177   Thumb Code     0  startup_hhd32f1xx_s.o(.text)
    CAN2_IRQHandler                          0x00000177   Thumb Code     0  startup_hhd32f1xx_s.o(.text)
    CAN_IRQHandler                           0x00000177   Thumb Code     0  startup_hhd32f1xx_s.o(.text)
    DAC_IRQHandler                           0x00000177   Thumb Code     0  startup_hhd32f1xx_s.o(.text)
    DMA1_CHANNEL1_IRQHandler                 0x00000177   Thumb Code     0  startup_hhd32f1xx_s.o(.text)
    DMA1_CHANNEL2_IRQHandler                 0x00000177   Thumb Code     0  startup_hhd32f1xx_s.o(.text)
    DMA1_CHANNEL3_IRQHandler                 0x00000177   Thumb Code     0  startup_hhd32f1xx_s.o(.text)
    DMA1_CHANNEL4_IRQHandler                 0x00000177   Thumb Code     0  startup_hhd32f1xx_s.o(.text)
    DMA1_CHANNEL5_IRQHandler                 0x00000177   Thumb Code     0  startup_hhd32f1xx_s.o(.text)
    DMA1_CHANNEL6_IRQHandler                 0x00000177   Thumb Code     0  startup_hhd32f1xx_s.o(.text)
    DMA1_CHANNEL7_IRQHandler                 0x00000177   Thumb Code     0  startup_hhd32f1xx_s.o(.text)
    DMA2_CHANNEL1_IRQHandler                 0x00000177   Thumb Code     0  startup_hhd32f1xx_s.o(.text)
    DMA2_CHANNEL2_IRQHandler                 0x00000177   Thumb Code     0  startup_hhd32f1xx_s.o(.text)
    DMA2_CHANNEL3_IRQHandler                 0x00000177   Thumb Code     0  startup_hhd32f1xx_s.o(.text)
    DMA2_CHANNEL4_5_IRQHandler               0x00000177   Thumb Code     0  startup_hhd32f1xx_s.o(.text)
    ETH_PMT_IRQHandler                       0x00000177   Thumb Code     0  startup_hhd32f1xx_s.o(.text)
    EXTI0_IRQHandler                         0x00000177   Thumb Code     0  startup_hhd32f1xx_s.o(.text)
    EXTI15_10_IRQHandler                     0x00000177   Thumb Code     0  startup_hhd32f1xx_s.o(.text)
    EXTI1_IRQHandler                         0x00000177   Thumb Code     0  startup_hhd32f1xx_s.o(.text)
    EXTI2_IRQHandler                         0x00000177   Thumb Code     0  startup_hhd32f1xx_s.o(.text)
    EXTI3_IRQHandler                         0x00000177   Thumb Code     0  startup_hhd32f1xx_s.o(.text)
    EXTI4_IRQHandler                         0x00000177   Thumb Code     0  startup_hhd32f1xx_s.o(.text)
    EXTI9_5_IRQHandler                       0x00000177   Thumb Code     0  startup_hhd32f1xx_s.o(.text)
    I2C1_IRQHandler                          0x00000177   Thumb Code     0  startup_hhd32f1xx_s.o(.text)
    I2C2_IRQHandler                          0x00000177   Thumb Code     0  startup_hhd32f1xx_s.o(.text)
    RTC_IRQHandler                           0x00000177   Thumb Code     0  startup_hhd32f1xx_s.o(.text)
    SPI1_IRQHandler                          0x00000177   Thumb Code     0  startup_hhd32f1xx_s.o(.text)
    SPI2_IRQHandler                          0x00000177   Thumb Code     0  startup_hhd32f1xx_s.o(.text)
    SPI3_IRQHandler                          0x00000177   Thumb Code     0  startup_hhd32f1xx_s.o(.text)
    SPI4_IRQHandler                          0x00000177   Thumb Code     0  startup_hhd32f1xx_s.o(.text)
    SPI5_IRQHandler                          0x00000177   Thumb Code     0  startup_hhd32f1xx_s.o(.text)
    TIM10_IRQHandler                         0x00000177   Thumb Code     0  startup_hhd32f1xx_s.o(.text)
    TIM11_IRQHandler                         0x00000177   Thumb Code     0  startup_hhd32f1xx_s.o(.text)
    TIM13_IRQHandler                         0x00000177   Thumb Code     0  startup_hhd32f1xx_s.o(.text)
    TIM14_IRQHandler                         0x00000177   Thumb Code     0  startup_hhd32f1xx_s.o(.text)
    TIM1FAULT_TIM9_IRQHandler                0x00000177   Thumb Code     0  startup_hhd32f1xx_s.o(.text)
    TIM1_IRQHandler                          0x00000177   Thumb Code     0  startup_hhd32f1xx_s.o(.text)
    TIM2_IRQHandler                          0x00000177   Thumb Code     0  startup_hhd32f1xx_s.o(.text)
    TIM3_IRQHandler                          0x00000177   Thumb Code     0  startup_hhd32f1xx_s.o(.text)
    TIM4_IRQHandler                          0x00000177   Thumb Code     0  startup_hhd32f1xx_s.o(.text)
    TIM5_IRQHandler                          0x00000177   Thumb Code     0  startup_hhd32f1xx_s.o(.text)
    TIM6_IRQHandler                          0x00000177   Thumb Code     0  startup_hhd32f1xx_s.o(.text)
    TIM7_IRQHandler                          0x00000177   Thumb Code     0  startup_hhd32f1xx_s.o(.text)
    TIM8FAULT_TIM12_IRQHandler               0x00000177   Thumb Code     0  startup_hhd32f1xx_s.o(.text)
    TIM8_IRQHandler                          0x00000177   Thumb Code     0  startup_hhd32f1xx_s.o(.text)
    UART1_IRQHandler                         0x00000177   Thumb Code     0  startup_hhd32f1xx_s.o(.text)
    UART2_IRQHandler                         0x00000177   Thumb Code     0  startup_hhd32f1xx_s.o(.text)
    UART3_IRQHandler                         0x00000177   Thumb Code     0  startup_hhd32f1xx_s.o(.text)
    UART4_IRQHandler                         0x00000177   Thumb Code     0  startup_hhd32f1xx_s.o(.text)
    UART5_IRQHandler                         0x00000177   Thumb Code     0  startup_hhd32f1xx_s.o(.text)
    USBWAKEUP_IRQHandler                     0x00000177   Thumb Code     0  startup_hhd32f1xx_s.o(.text)
    USB_IRQHandler                           0x00000177   Thumb Code     0  startup_hhd32f1xx_s.o(.text)
    WWDT_IRQHandler                          0x00000177   Thumb Code     0  startup_hhd32f1xx_s.o(.text)
    __aeabi_memcpy                           0x00000181   Thumb Code    36  memcpya.o(.text)
    __aeabi_memcpy4                          0x00000181   Thumb Code     0  memcpya.o(.text)
    __aeabi_memcpy8                          0x00000181   Thumb Code     0  memcpya.o(.text)
    __aeabi_memset                           0x000001a5   Thumb Code    14  memseta.o(.text)
    __aeabi_memset4                          0x000001a5   Thumb Code     0  memseta.o(.text)
    __aeabi_memset8                          0x000001a5   Thumb Code     0  memseta.o(.text)
    __aeabi_memclr                           0x000001b3   Thumb Code     4  memseta.o(.text)
    __aeabi_memclr4                          0x000001b3   Thumb Code     0  memseta.o(.text)
    __aeabi_memclr8                          0x000001b3   Thumb Code     0  memseta.o(.text)
    _memset$wrapper                          0x000001b7   Thumb Code    18  memseta.o(.text)
    memcmp                                   0x000001c9   Thumb Code    26  memcmp.o(.text)
    __aeabi_uldivmod                         0x000001e3   Thumb Code    98  uldiv.o(.text)
    __scatterload                            0x00000245   Thumb Code    28  init.o(.text)
    __scatterload_rt2                        0x00000245   Thumb Code     0  init.o(.text)
    __aeabi_llsl                             0x00000269   Thumb Code    30  llshl.o(.text)
    _ll_shift_l                              0x00000269   Thumb Code     0  llshl.o(.text)
    __aeabi_llsr                             0x00000287   Thumb Code    32  llushr.o(.text)
    _ll_ushift_r                             0x00000287   Thumb Code     0  llushr.o(.text)
    __decompress                             0x000002a7   Thumb Code     0  __dczerorl2.o(.text)
    __decompress1                            0x000002a7   Thumb Code    86  __dczerorl2.o(.text)
    BusFault_Handler                         0x000002fd   Thumb Code     2  hhd32f10x_it.o(i.BusFault_Handler)
    Delay                                    0x00000301   Thumb Code    14  main.o(i.Delay)
    Delay_1ms                                0x00000315   Thumb Code    24  hhd32f107.o(i.Delay_1ms)
    ETH_DMAClearITPendingBit                 0x0000032d   Thumb Code     6  hhd_eth.o(i.ETH_DMAClearITPendingBit)
    ETH_DMAITConfig                          0x00000339   Thumb Code    18  hhd_eth.o(i.ETH_DMAITConfig)
    ETH_DMAReceptionCmd                      0x00000351   Thumb Code    22  hhd_eth.o(i.ETH_DMAReceptionCmd)
    ETH_DMARxDescChainInit                   0x0000036d   Thumb Code    68  hhd_eth.o(i.ETH_DMARxDescChainInit)
    ETH_DMARxDescReceiveITConfig             0x000003bd   Thumb Code    18  hhd_eth.o(i.ETH_DMARxDescReceiveITConfig)
    ETH_DMATransmissionCmd                   0x000003d1   Thumb Code    22  hhd_eth.o(i.ETH_DMATransmissionCmd)
    ETH_DMATxDescChainInit                   0x000003ed   Thumb Code    62  hhd_eth.o(i.ETH_DMATxDescChainInit)
    ETH_DeInit                               0x00000435   Thumb Code     2  hhd_eth.o(i.ETH_DeInit)
    ETH_FlushTransmitFIFO                    0x00000439   Thumb Code    12  hhd_eth.o(i.ETH_FlushTransmitFIFO)
    ETH_GetCurrentTxBuffer                   0x00000449   Thumb Code     8  ethernetif.o(i.ETH_GetCurrentTxBuffer)
    ETH_GetDMARxDescFrameLength              0x00000455   Thumb Code     8  hhd_eth.o(i.ETH_GetDMARxDescFrameLength)
    ETH_GetRxPktSize                         0x0000045d   Thumb Code    30  hhd_eth.o(i.ETH_GetRxPktSize)
    ETH_GetSoftwareResetStatus               0x00000481   Thumb Code    14  hhd_eth.o(i.ETH_GetSoftwareResetStatus)
    ETH_IRQHandler                           0x00000495   Thumb Code    34  hhd32f10x_it.o(i.ETH_IRQHandler)
    ETH_Init                                 0x000004b9   Thumb Code   288  hhd_eth.o(i.ETH_Init)
    ETH_MACAddressConfig                     0x000005e9   Thumb Code    22  hhd_eth.o(i.ETH_MACAddressConfig)
    ETH_MACReceptionCmd                      0x00000605   Thumb Code    22  hhd_eth.o(i.ETH_MACReceptionCmd)
    ETH_MACTransmissionCmd                   0x00000621   Thumb Code    22  hhd_eth.o(i.ETH_MACTransmissionCmd)
    ETH_ReadPHYRegister                      0x0000063d   Thumb Code    80  hhd_eth.o(i.ETH_ReadPHYRegister)
    ETH_RxPkt_ChainMode                      0x00000695   Thumb Code    70  ethernetif.o(i.ETH_RxPkt_ChainMode)
    ETH_SoftwareReset                        0x000006e5   Thumb Code    12  hhd_eth.o(i.ETH_SoftwareReset)
    ETH_Start                                0x000006f5   Thumb Code    34  hhd_eth.o(i.ETH_Start)
    ETH_StructInit                           0x00000717   Thumb Code   130  hhd_eth.o(i.ETH_StructInit)
    ETH_TxPkt_ChainMode                      0x00000799   Thumb Code    60  ethernetif.o(i.ETH_TxPkt_ChainMode)
    ETH_WritePHYRegister                     0x000007dd   Thumb Code    76  hhd_eth.o(i.ETH_WritePHYRegister)
    Ethernet_Configuration                   0x00000831   Thumb Code   218  hhd32f107.o(i.Ethernet_Configuration)
    GPIO_ConfigPinsAsInput                   0x00000919   Thumb Code     8  hhd_gpio.o(i.GPIO_ConfigPinsAsInput)
    GPIO_ConfigPinsAsOutput                  0x00000921   Thumb Code     8  hhd_gpio.o(i.GPIO_ConfigPinsAsOutput)
    GPIO_ResetPin                            0x00000929   Thumb Code     8  hhd_gpio.o(i.GPIO_ResetPin)
    GPIO_SetPin                              0x00000931   Thumb Code     8  hhd_gpio.o(i.GPIO_SetPin)
    Get_Tick                                 0x00000939   Thumb Code     6  main.o(i.Get_Tick)
    HardFault_Handler                        0x00000945   Thumb Code     2  hhd32f10x_it.o(i.HardFault_Handler)
    IO_init                                  0x00000947   Thumb Code    92  io_init.o(i.IO_init)
    LwIP_Init                                0x000009a5   Thumb Code    94  netconf.o(i.LwIP_Init)
    LwIP_Pkt_Handle                          0x00000a1d   Thumb Code     6  netconf.o(i.LwIP_Pkt_Handle)
    NMI_Handler                              0x00000a29   Thumb Code     2  hhd32f10x_it.o(i.NMI_Handler)
    PHY_MII_COPPER                           0x00000a77   Thumb Code   112  hhd_eth.o(i.PHY_MII_COPPER)
    PendSV_Handler                           0x00000ae7   Thumb Code     2  hhd32f10x_it.o(i.PendSV_Handler)
    RCC_APB2PeriphClockCmd                   0x00000ae9   Thumb Code    20  hhd_rcc.o(i.RCC_APB2PeriphClockCmd)
    SVC_Handler                              0x00000b01   Thumb Code     2  hhd32f10x_it.o(i.SVC_Handler)
    Set_MAC_Address                          0x00000b05   Thumb Code    34  ethernetif.o(i.Set_MAC_Address)
    SysTick_Handler                          0x00000b2d   Thumb Code     4  hhd32f10x_it.o(i.SysTick_Handler)
    SystemInit                               0x00000b31   Thumb Code   154  system_hhd32f1xx.o(i.SystemInit)
    System_Setup                             0x00000bdd   Thumb Code    80  hhd32f107.o(i.System_Setup)
    Time_Update                              0x00000c35   Thumb Code    10  main.o(i.Time_Update)
    UART_EnableInt                           0x00000c45   Thumb Code     8  hhd_uart.o(i.UART_EnableInt)
    UART_Open                                0x00000c4d   Thumb Code   320  hhd_uart.o(i.UART_Open)
    UsageFault_Handler                       0x00000da9   Thumb Code     2  hhd32f10x_it.o(i.UsageFault_Handler)
    WriteByte                                0x00000dad   Thumb Code   218  simulator_spi.o(i.WriteByte)
    __0printf$8                              0x00000e8d   Thumb Code    22  printf8.o(i.__0printf$8)
    __1printf$8                              0x00000e8d   Thumb Code     0  printf8.o(i.__0printf$8)
    __2printf                                0x00000e8d   Thumb Code     0  printf8.o(i.__0printf$8)
    __scatterload_copy                       0x00000ead   Thumb Code    14  handlers.o(i.__scatterload_copy)
    __scatterload_null                       0x00000ebb   Thumb Code     2  handlers.o(i.__scatterload_null)
    __scatterload_zeroinit                   0x00000ebd   Thumb Code    14  handlers.o(i.__scatterload_zeroinit)
    application_init                         0x0000132f   Thumb Code    14  main.o(i.application_init)
    etharp_arp_input                         0x0000133d   Thumb Code   202  etharp.o(i.etharp_arp_input)
    etharp_ip_input                          0x00001407   Thumb Code    40  etharp.o(i.etharp_ip_input)
    etharp_output                            0x00001431   Thumb Code   178  etharp.o(i.etharp_output)
    etharp_query                             0x000014e9   Thumb Code   256  etharp.o(i.etharp_query)
    etharp_request                           0x0000168d   Thumb Code    32  etharp.o(i.etharp_request)
    ethernet_input                           0x000016e7   Thumb Code    84  etharp.o(i.ethernet_input)
    ethernetif_init                          0x0000173d   Thumb Code    56  ethernetif.o(i.ethernetif_init)
    ethernetif_input                         0x0000177d   Thumb Code    38  ethernetif.o(i.ethernetif_input)
    fputc                                    0x000018e1   Thumb Code    18  main.o(i.fputc)
    frame_handler                            0x000018f9   Thumb Code    92  load_server.o(i.frame_handler)
    get_phyaddr                              0x00001983   Thumb Code    34  hhd32f107.o(i.get_phyaddr)
    htonl                                    0x000019a5   Thumb Code     4  inet.o(i.htonl)
    htons                                    0x000019a9   Thumb Code     4  inet.o(i.htons)
    icmp_dest_unreach                        0x000019ad   Thumb Code     8  icmp.o(i.icmp_dest_unreach)
    icmp_input                               0x000019b5   Thumb Code   328  icmp.o(i.icmp_input)
    icmp_time_exceeded                       0x00001b63   Thumb Code     8  icmp.o(i.icmp_time_exceeded)
    inet_chksum                              0x00001b6b   Thumb Code    12  inet_chksum.o(i.inet_chksum)
    inet_chksum_pbuf                         0x00001b77   Thumb Code    72  inet_chksum.o(i.inet_chksum_pbuf)
    inet_chksum_pseudo                       0x00001bbf   Thumb Code   134  inet_chksum.o(i.inet_chksum_pseudo)
    info_deal                                0x00001c45   Thumb Code    86  load_server.o(i.info_deal)
    ip_addr_isbroadcast                      0x00001cc5   Thumb Code    48  ip_addr.o(i.ip_addr_isbroadcast)
    ip_frag                                  0x00001cf5   Thumb Code   298  ip_frag.o(i.ip_frag)
    ip_input                                 0x00001e25   Thumb Code   360  ip.o(i.ip_input)
    ip_output                                0x00001f95   Thumb Code    52  ip.o(i.ip_output)
    ip_output_if                             0x00001fc9   Thumb Code   210  ip.o(i.ip_output_if)
    ip_reass                                 0x000020a1   Thumb Code   428  ip_frag.o(i.ip_reass)
    ip_route                                 0x00002449   Thumb Code    62  ip.o(i.ip_route)
    main                                     0x000025c9   Thumb Code    58  main.o(i.main)
    mem_free                                 0x00002621   Thumb Code    40  mem.o(i.mem_free)
    mem_init                                 0x0000264d   Thumb Code    44  mem.o(i.mem_init)
    mem_malloc                               0x00002681   Thumb Code   162  mem.o(i.mem_malloc)
    mem_realloc                              0x00002729   Thumb Code   190  mem.o(i.mem_realloc)
    memp_free                                0x000027ed   Thumb Code    18  memp.o(i.memp_free)
    memp_init                                0x00002805   Thumb Code    78  memp.o(i.memp_init)
    memp_malloc                              0x0000285d   Thumb Code    28  memp.o(i.memp_malloc)
    netif_add                                0x0000287d   Thumb Code    68  netif.o(i.netif_add)
    netif_is_up                              0x000028c5   Thumb Code    10  netif.o(i.netif_is_up)
    netif_set_addr                           0x000028cf   Thumb Code    32  netif.o(i.netif_set_addr)
    netif_set_default                        0x000028f1   Thumb Code     6  netif.o(i.netif_set_default)
    netif_set_gw                             0x000028fd   Thumb Code     8  netif.o(i.netif_set_gw)
    netif_set_ipaddr                         0x00002905   Thumb Code    96  netif.o(i.netif_set_ipaddr)
    netif_set_netmask                        0x0000296d   Thumb Code     8  netif.o(i.netif_set_netmask)
    netif_set_up                             0x00002975   Thumb Code    28  netif.o(i.netif_set_up)
    ntohl                                    0x00002991   Thumb Code     4  inet.o(i.ntohl)
    ntohs                                    0x00002995   Thumb Code     4  inet.o(i.ntohs)
    pbuf_alloc                               0x00002999   Thumb Code   268  pbuf.o(i.pbuf_alloc)
    pbuf_cat                                 0x00002aa5   Thumb Code    40  pbuf.o(i.pbuf_cat)
    pbuf_chain                               0x00002acd   Thumb Code    18  pbuf.o(i.pbuf_chain)
    pbuf_clen                                0x00002adf   Thumb Code    18  pbuf.o(i.pbuf_clen)
    pbuf_copy                                0x00002af1   Thumb Code   144  pbuf.o(i.pbuf_copy)
    pbuf_copy_partial                        0x00002b81   Thumb Code   104  pbuf.o(i.pbuf_copy_partial)
    pbuf_free                                0x00002be9   Thumb Code    68  pbuf.o(i.pbuf_free)
    pbuf_header                              0x00002c2d   Thumb Code    96  pbuf.o(i.pbuf_header)
    pbuf_realloc                             0x00002c8d   Thumb Code    78  pbuf.o(i.pbuf_realloc)
    pbuf_ref                                 0x00002cdb   Thumb Code    12  pbuf.o(i.pbuf_ref)
    peripheral_init                          0x00002ce9   Thumb Code    22  main.o(i.peripheral_init)
    raw_input                                0x00002d59   Thumb Code   100  raw.o(i.raw_input)
    simulator_Init                           0x00002dc1   Thumb Code    52  simulator_spi.o(i.simulator_Init)
    tcp_LoadServer_init                      0x00002dfd   Thumb Code    60  load_server.o(i.tcp_LoadServer_init)
    tcp_abandon                              0x00002e45   Thumb Code   142  tcp.o(i.tcp_abandon)
    tcp_accept                               0x00002ed9   Thumb Code     4  tcp.o(i.tcp_accept)
    tcp_alloc                                0x00002ee5   Thumb Code   248  tcp.o(i.tcp_alloc)
    tcp_arg                                  0x00002fe9   Thumb Code     4  tcp.o(i.tcp_arg)
    tcp_bind                                 0x00002fed   Thumb Code   182  tcp.o(i.tcp_bind)
    tcp_close                                0x000030a9   Thumb Code   156  tcp.o(i.tcp_close)
    tcp_eff_send_mss                         0x000033e5   Thumb Code    32  tcp.o(i.tcp_eff_send_mss)
    tcp_enqueue                              0x00003405   Thumb Code   752  tcp_out.o(i.tcp_enqueue)
    tcp_err                                  0x000036f5   Thumb Code     6  tcp.o(i.tcp_err)
    tcp_input                                0x000036fd   Thumb Code   800  tcp_in.o(i.tcp_input)
    tcp_listen_with_backlog                  0x00003b19   Thumb Code   122  tcp.o(i.tcp_listen_with_backlog)
    tcp_new                                  0x00003b9d   Thumb Code     6  tcp.o(i.tcp_new)
    tcp_next_iss                             0x00003c05   Thumb Code    12  tcp.o(i.tcp_next_iss)
    tcp_output                               0x00003c15   Thumb Code   554  tcp_out.o(i.tcp_output)
    tcp_pcb_purge                            0x00004001   Thumb Code    48  tcp.o(i.tcp_pcb_purge)
    tcp_pcb_remove                           0x00004031   Thumb Code    90  tcp.o(i.tcp_pcb_remove)
    tcp_poll                                 0x00004091   Thumb Code    10  tcp.o(i.tcp_poll)
    tcp_recv                                 0x0000484b   Thumb Code     6  tcp.o(i.tcp_recv)
    tcp_recved                               0x0000486d   Thumb Code    58  tcp.o(i.tcp_recved)
    tcp_rexmit                               0x000048a7   Thumb Code    84  tcp_out.o(i.tcp_rexmit)
    tcp_rst                                  0x000048fb   Thumb Code   170  tcp_out.o(i.tcp_rst)
    tcp_seg_free                             0x000049a5   Thumb Code    32  tcp.o(i.tcp_seg_free)
    tcp_segs_free                            0x000049c5   Thumb Code    26  tcp.o(i.tcp_segs_free)
    tcp_send_ctrl                            0x000049df   Thumb Code    22  tcp_out.o(i.tcp_send_ctrl)
    tcp_sent                                 0x000049f5   Thumb Code     6  tcp.o(i.tcp_sent)
    tcp_setprio                              0x000049fb   Thumb Code     4  tcp.o(i.tcp_setprio)
    tcp_update_rcv_ann_wnd                   0x000049ff   Thumb Code    42  tcp.o(i.tcp_update_rcv_ann_wnd)
    tcp_write                                0x00004a29   Thumb Code    46  tcp_out.o(i.tcp_write)
    udp_input                                0x00004a59   Thumb Code   348  udp.o(i.udp_input)
    writeArray                               0x00004c61   Thumb Code    46  simulator_spi.o(i.writeArray)
    ip_addr_any                              0x00004cb8   Data           4  ip_addr.o(.constdata)
    ethbroadcast                             0x00004cbc   Data           6  etharp.o(.constdata)
    ethzero                                  0x00004cc2   Data           6  etharp.o(.constdata)
    Region$$Table$$Base                      0x00004cc8   Number         0  anon$$obj.o(Region$$Table)
    Region$$Table$$Limit                     0x00004ce8   Number         0  anon$$obj.o(Region$$Table)
    SystemCoreClock                          0x20000000   Data           4  system_hhd32f1xx.o(.data)
    MainClock                                0x20000004   Data           4  system_hhd32f1xx.o(.data)
    APB1Clock                                0x20000008   Data           4  system_hhd32f1xx.o(.data)
    APB2Clock                                0x2000000c   Data           4  system_hhd32f1xx.o(.data)
    LocalTime                                0x20000010   Data           4  main.o(.data)
    pins_table                               0x20000014   Data         440  main.o(.data)
    en_WorkState                             0x200001cc   Data           1  load_server.o(.data)
    totaFrameCount                           0x200001ce   Data           2  load_server.o(.data)
    MACaddr                                  0x200001d8   Data           6  ethernetif.o(.data)
    DMATxDescToSet                           0x200001e0   Data           4  hhd_eth.o(.data)
    DMARxDescToGet                           0x200001e4   Data           4  hhd_eth.o(.data)
    DMAPTPTxDescToSet                        0x200001e8   Data           4  hhd_eth.o(.data)
    DMAPTPRxDescToGet                        0x200001ec   Data           4  hhd_eth.o(.data)
    error_flag                               0x200001f0   Data           4  hhd_eth.o(.data)
    netif_list                               0x20000208   Data           4  netif.o(.data)
    netif_default                            0x2000020c   Data           4  netif.o(.data)
    tcp_ticks                                0x2000021c   Data           4  tcp.o(.data)
    tcp_bound_pcbs                           0x20000220   Data           4  tcp.o(.data)
    tcp_listen_pcbs                          0x20000224   Data           4  tcp.o(.data)
    tcp_active_pcbs                          0x20000228   Data           4  tcp.o(.data)
    tcp_tw_pcbs                              0x2000022c   Data           4  tcp.o(.data)
    tcp_tmp_pcb                              0x20000230   Data           4  tcp.o(.data)
    tcp_input_pcb                            0x2000024c   Data           4  tcp_in.o(.data)
    udp_pcbs                                 0x20000250   Data           4  udp.o(.data)
    __stdout                                 0x2000026c   Data           4  stdout.o(.data)
    netif                                    0x20000270   Data          48  netconf.o(.bss)
    data_buff                                0x200002a0   Data        1460  load_server.o(.bss)
    buff                                     0x20000854   Data          10  load_server.o(.bss)
    DMARxDscrTab                             0x20000860   Data         160  ethernetif.o(.bss)
    DMATxDscrTab                             0x20000900   Data          64  ethernetif.o(.bss)
    Rx_Buff                                  0x20000940   Data       15200  ethernetif.o(.bss)
    Tx_Buff                                  0x200044a0   Data        6080  ethernetif.o(.bss)
    __initial_sp                             0x20016be8   Data           0  startup_hhd32f1xx_s.o(STACK)



==============================================================================

Memory Map of the image

  Image Entry point : 0x00000149

  Load Region LR_IROM1 (Base: 0x00000000, Size: 0x00004f58, Max: 0x00010000, ABSOLUTE, COMPRESSED[0x00004d9c])

    Execution Region ER_IROM1 (Exec base: 0x00000000, Load base: 0x00000000, Size: 0x00004ce8, Max: 0x00010000, ABSOLUTE)

    Exec Addr    Load Addr    Size         Type   Attr      Idx    E Section Name        Object

    0x00000000   0x00000000   0x00000148   Data   RO           50    RESET               startup_hhd32f1xx_s.o
    0x00000148   0x00000148   0x00000000   Code   RO         3375  * .ARM.Collect$$$$00000000  mc_w.l(entry.o)
    0x00000148   0x00000148   0x00000004   Code   RO         3647    .ARM.Collect$$$$00000001  mc_w.l(entry2.o)
    0x0000014c   0x0000014c   0x00000004   Code   RO         3650    .ARM.Collect$$$$00000004  mc_w.l(entry5.o)
    0x00000150   0x00000150   0x00000000   Code   RO         3652    .ARM.Collect$$$$00000008  mc_w.l(entry7b.o)
    0x00000150   0x00000150   0x00000000   Code   RO         3654    .ARM.Collect$$$$0000000A  mc_w.l(entry8b.o)
    0x00000150   0x00000150   0x00000008   Code   RO         3655    .ARM.Collect$$$$0000000B  mc_w.l(entry9a.o)
    0x00000158   0x00000158   0x00000000   Code   RO         3657    .ARM.Collect$$$$0000000D  mc_w.l(entry10a.o)
    0x00000158   0x00000158   0x00000000   Code   RO         3659    .ARM.Collect$$$$0000000F  mc_w.l(entry11a.o)
    0x00000158   0x00000158   0x00000004   Code   RO         3648    .ARM.Collect$$$$00002712  mc_w.l(entry2.o)
    0x0000015c   0x0000015c   0x00000024   Code   RO           51    .text               startup_hhd32f1xx_s.o
    0x00000180   0x00000180   0x00000024   Code   RO         3378    .text               mc_w.l(memcpya.o)
    0x000001a4   0x000001a4   0x00000024   Code   RO         3380    .text               mc_w.l(memseta.o)
    0x000001c8   0x000001c8   0x0000001a   Code   RO         3382    .text               mc_w.l(memcmp.o)
    0x000001e2   0x000001e2   0x00000062   Code   RO         3664    .text               mc_w.l(uldiv.o)
    0x00000244   0x00000244   0x00000024   Code   RO         3677    .text               mc_w.l(init.o)
    0x00000268   0x00000268   0x0000001e   Code   RO         3679    .text               mc_w.l(llshl.o)
    0x00000286   0x00000286   0x00000020   Code   RO         3681    .text               mc_w.l(llushr.o)
    0x000002a6   0x000002a6   0x00000056   Code   RO         3695    .text               mc_w.l(__dczerorl2.o)
    0x000002fc   0x000002fc   0x00000002   Code   RO          338    i.BusFault_Handler  hhd32f10x_it.o
    0x000002fe   0x000002fe   0x00000002   PAD
    0x00000300   0x00000300   0x00000014   Code   RO           55    i.Delay             main.o
    0x00000314   0x00000314   0x00000018   Code   RO          290    i.Delay_1ms         hhd32f107.o
    0x0000032c   0x0000032c   0x0000000c   Code   RO         1653    i.ETH_DMAClearITPendingBit  hhd_eth.o
    0x00000338   0x00000338   0x00000018   Code   RO         1654    i.ETH_DMAITConfig   hhd_eth.o
    0x00000350   0x00000350   0x0000001c   Code   RO         1657    i.ETH_DMAReceptionCmd  hhd_eth.o
    0x0000036c   0x0000036c   0x00000050   Code   RO         1658    i.ETH_DMARxDescChainInit  hhd_eth.o
    0x000003bc   0x000003bc   0x00000012   Code   RO         1660    i.ETH_DMARxDescReceiveITConfig  hhd_eth.o
    0x000003ce   0x000003ce   0x00000002   PAD
    0x000003d0   0x000003d0   0x0000001c   Code   RO         1663    i.ETH_DMATransmissionCmd  hhd_eth.o
    0x000003ec   0x000003ec   0x00000048   Code   RO         1666    i.ETH_DMATxDescChainInit  hhd_eth.o
    0x00000434   0x00000434   0x00000002   Code   RO         1675    i.ETH_DeInit        hhd_eth.o
    0x00000436   0x00000436   0x00000002   PAD
    0x00000438   0x00000438   0x00000010   Code   RO         1680    i.ETH_FlushTransmitFIFO  hhd_eth.o
    0x00000448   0x00000448   0x0000000c   Code   RO          527    i.ETH_GetCurrentTxBuffer  ethernetif.o
    0x00000454   0x00000454   0x00000008   Code   RO         1691    i.ETH_GetDMARxDescFrameLength  hhd_eth.o
    0x0000045c   0x0000045c   0x00000024   Code   RO         1707    i.ETH_GetRxPktSize  hhd_eth.o
    0x00000480   0x00000480   0x00000014   Code   RO         1708    i.ETH_GetSoftwareResetStatus  hhd_eth.o
    0x00000494   0x00000494   0x00000022   Code   RO          340    i.ETH_IRQHandler    hhd32f10x_it.o
    0x000004b6   0x000004b6   0x00000002   PAD
    0x000004b8   0x000004b8   0x00000130   Code   RO         1716    i.ETH_Init          hhd_eth.o
    0x000005e8   0x000005e8   0x0000001c   Code   RO         1719    i.ETH_MACAddressConfig  hhd_eth.o
    0x00000604   0x00000604   0x0000001c   Code   RO         1724    i.ETH_MACReceptionCmd  hhd_eth.o
    0x00000620   0x00000620   0x0000001c   Code   RO         1725    i.ETH_MACTransmissionCmd  hhd_eth.o
    0x0000063c   0x0000063c   0x00000058   Code   RO         1736    i.ETH_ReadPHYRegister  hhd_eth.o
    0x00000694   0x00000694   0x00000050   Code   RO          528    i.ETH_RxPkt_ChainMode  ethernetif.o
    0x000006e4   0x000006e4   0x00000010   Code   RO         1747    i.ETH_SoftwareReset  hhd_eth.o
    0x000006f4   0x000006f4   0x00000022   Code   RO         1748    i.ETH_Start         hhd_eth.o
    0x00000716   0x00000716   0x00000082   Code   RO         1749    i.ETH_StructInit    hhd_eth.o
    0x00000798   0x00000798   0x00000044   Code   RO          529    i.ETH_TxPkt_ChainMode  ethernetif.o
    0x000007dc   0x000007dc   0x00000054   Code   RO         1751    i.ETH_WritePHYRegister  hhd_eth.o
    0x00000830   0x00000830   0x000000e8   Code   RO          291    i.Ethernet_Configuration  hhd32f107.o
    0x00000918   0x00000918   0x00000008   Code   RO          913    i.GPIO_ConfigPinsAsInput  hhd_gpio.o
    0x00000920   0x00000920   0x00000008   Code   RO          914    i.GPIO_ConfigPinsAsOutput  hhd_gpio.o
    0x00000928   0x00000928   0x00000008   Code   RO          921    i.GPIO_ResetPin     hhd_gpio.o
    0x00000930   0x00000930   0x00000008   Code   RO          923    i.GPIO_SetPin       hhd_gpio.o
    0x00000938   0x00000938   0x0000000c   Code   RO           56    i.Get_Tick          main.o
    0x00000944   0x00000944   0x00000002   Code   RO          341    i.HardFault_Handler  hhd32f10x_it.o
    0x00000946   0x00000946   0x0000005c   Code   RO          611    i.IO_init           io_init.o
    0x000009a2   0x000009a2   0x00000002   PAD
    0x000009a4   0x000009a4   0x00000078   Code   RO          174    i.LwIP_Init         netconf.o
    0x00000a1c   0x00000a1c   0x0000000c   Code   RO          176    i.LwIP_Pkt_Handle   netconf.o
    0x00000a28   0x00000a28   0x00000002   Code   RO          343    i.NMI_Handler       hhd32f10x_it.o
    0x00000a2a   0x00000a2a   0x00000016   Code   RO         1487    i.NVIC_DisableIRQ   hhd_uart.o
    0x00000a40   0x00000a40   0x00000016   Code   RO          293    i.NVIC_EnableIRQ    hhd32f107.o
    0x00000a56   0x00000a56   0x00000020   Code   RO          294    i.NVIC_SetPriority  hhd32f107.o
    0x00000a76   0x00000a76   0x00000070   Code   RO         1752    i.PHY_MII_COPPER    hhd_eth.o
    0x00000ae6   0x00000ae6   0x00000002   Code   RO          344    i.PendSV_Handler    hhd32f10x_it.o
    0x00000ae8   0x00000ae8   0x00000018   Code   RO         1014    i.RCC_APB2PeriphClockCmd  hhd_rcc.o
    0x00000b00   0x00000b00   0x00000002   Code   RO          345    i.SVC_Handler       hhd32f10x_it.o
    0x00000b02   0x00000b02   0x00000002   PAD
    0x00000b04   0x00000b04   0x00000028   Code   RO          530    i.Set_MAC_Address   ethernetif.o
    0x00000b2c   0x00000b2c   0x00000004   Code   RO          346    i.SysTick_Handler   hhd32f10x_it.o
    0x00000b30   0x00000b30   0x000000ac   Code   RO           18    i.SystemInit        system_hhd32f1xx.o
    0x00000bdc   0x00000bdc   0x00000058   Code   RO          295    i.System_Setup      hhd32f107.o
    0x00000c34   0x00000c34   0x00000010   Code   RO           58    i.Time_Update       main.o
    0x00000c44   0x00000c44   0x00000008   Code   RO         1494    i.UART_EnableInt    hhd_uart.o
    0x00000c4c   0x00000c4c   0x0000015c   Code   RO         1496    i.UART_Open         hhd_uart.o
    0x00000da8   0x00000da8   0x00000002   Code   RO          347    i.UsageFault_Handler  hhd32f10x_it.o
    0x00000daa   0x00000daa   0x00000002   PAD
    0x00000dac   0x00000dac   0x000000e0   Code   RO          482    i.WriteByte         simulator_spi.o
    0x00000e8c   0x00000e8c   0x00000020   Code   RO         3593    i.__0printf$8       mc_w.l(printf8.o)
    0x00000eac   0x00000eac   0x0000000e   Code   RO         3689    i.__scatterload_copy  mc_w.l(handlers.o)
    0x00000eba   0x00000eba   0x00000002   Code   RO         3690    i.__scatterload_null  mc_w.l(handlers.o)
    0x00000ebc   0x00000ebc   0x0000000e   Code   RO         3691    i.__scatterload_zeroinit  mc_w.l(handlers.o)
    0x00000eca   0x00000eca   0x00000002   PAD
    0x00000ecc   0x00000ecc   0x00000410   Code   RO         3600    i._printf_core      mc_w.l(printf8.o)
    0x000012dc   0x000012dc   0x00000024   Code   RO         3601    i._printf_post_padding  mc_w.l(printf8.o)
    0x00001300   0x00001300   0x0000002e   Code   RO         3602    i._printf_pre_padding  mc_w.l(printf8.o)
    0x0000132e   0x0000132e   0x0000000e   Code   RO           59    i.application_init  main.o
    0x0000133c   0x0000133c   0x000000ca   Code   RO         3289    i.etharp_arp_input  etharp.o
    0x00001406   0x00001406   0x00000028   Code   RO         3291    i.etharp_ip_input   etharp.o
    0x0000142e   0x0000142e   0x00000002   PAD
    0x00001430   0x00001430   0x000000b8   Code   RO         3292    i.etharp_output     etharp.o
    0x000014e8   0x000014e8   0x00000104   Code   RO         3293    i.etharp_query      etharp.o
    0x000015ec   0x000015ec   0x0000009e   Code   RO         3294    i.etharp_raw        etharp.o
    0x0000168a   0x0000168a   0x00000002   PAD
    0x0000168c   0x0000168c   0x00000024   Code   RO         3295    i.etharp_request    etharp.o
    0x000016b0   0x000016b0   0x00000036   Code   RO         3296    i.etharp_send_ip    etharp.o
    0x000016e6   0x000016e6   0x00000054   Code   RO         3298    i.ethernet_input    etharp.o
    0x0000173a   0x0000173a   0x00000002   PAD
    0x0000173c   0x0000173c   0x00000040   Code   RO          532    i.ethernetif_init   ethernetif.o
    0x0000177c   0x0000177c   0x00000026   Code   RO          533    i.ethernetif_input  ethernetif.o
    0x000017a2   0x000017a2   0x00000002   PAD
    0x000017a4   0x000017a4   0x0000013c   Code   RO         3299    i.find_entry        etharp.o
    0x000018e0   0x000018e0   0x00000018   Code   RO           60    i.fputc             main.o
    0x000018f8   0x000018f8   0x0000006c   Code   RO          407    i.frame_handler     load_server.o
    0x00001964   0x00001964   0x0000001e   Code   RO         3300    i.free_etharp_q     etharp.o
    0x00001982   0x00001982   0x00000022   Code   RO          296    i.get_phyaddr       hhd32f107.o
    0x000019a4   0x000019a4   0x00000004   Code   RO         3091    i.htonl             inet.o
    0x000019a8   0x000019a8   0x00000004   Code   RO         3092    i.htons             inet.o
    0x000019ac   0x000019ac   0x00000008   Code   RO         3062    i.icmp_dest_unreach  icmp.o
    0x000019b4   0x000019b4   0x00000148   Code   RO         3063    i.icmp_input        icmp.o
    0x00001afc   0x00001afc   0x00000066   Code   RO         3064    i.icmp_send_response  icmp.o
    0x00001b62   0x00001b62   0x00000008   Code   RO         3065    i.icmp_time_exceeded  icmp.o
    0x00001b6a   0x00001b6a   0x0000000c   Code   RO         3139    i.inet_chksum       inet_chksum.o
    0x00001b76   0x00001b76   0x00000048   Code   RO         3140    i.inet_chksum_pbuf  inet_chksum.o
    0x00001bbe   0x00001bbe   0x00000086   Code   RO         3141    i.inet_chksum_pseudo  inet_chksum.o
    0x00001c44   0x00001c44   0x00000080   Code   RO          408    i.info_deal         load_server.o
    0x00001cc4   0x00001cc4   0x00000030   Code   RO         3219    i.ip_addr_isbroadcast  ip_addr.o
    0x00001cf4   0x00001cf4   0x00000130   Code   RO         3242    i.ip_frag           ip_frag.o
    0x00001e24   0x00001e24   0x00000170   Code   RO         3177    i.ip_input          ip.o
    0x00001f94   0x00001f94   0x00000034   Code   RO         3178    i.ip_output         ip.o
    0x00001fc8   0x00001fc8   0x000000d8   Code   RO         3179    i.ip_output_if      ip.o
    0x000020a0   0x000020a0   0x000001b0   Code   RO         3243    i.ip_reass          ip_frag.o
    0x00002250   0x00002250   0x000000f0   Code   RO         3244    i.ip_reass_chain_frag_into_datagram_and_validate  ip_frag.o
    0x00002340   0x00002340   0x00000024   Code   RO         3245    i.ip_reass_dequeue_datagram  ip_frag.o
    0x00002364   0x00002364   0x00000070   Code   RO         3246    i.ip_reass_free_complete_datagram  ip_frag.o
    0x000023d4   0x000023d4   0x00000074   Code   RO         3247    i.ip_reass_remove_oldest_datagram  ip_frag.o
    0x00002448   0x00002448   0x00000048   Code   RO         3180    i.ip_route          ip.o
    0x00002490   0x00002490   0x00000070   Code   RO          534    i.low_level_init    ethernetif.o
    0x00002500   0x00002500   0x00000060   Code   RO          535    i.low_level_input   ethernetif.o
    0x00002560   0x00002560   0x0000002c   Code   RO          536    i.low_level_output  ethernetif.o
    0x0000258c   0x0000258c   0x0000003c   Code   RO         3142    i.lwip_standard_chksum  inet_chksum.o
    0x000025c8   0x000025c8   0x00000058   Code   RO           61    i.main              main.o
    0x00002620   0x00002620   0x0000002c   Code   RO         2380    i.mem_free          mem.o
    0x0000264c   0x0000264c   0x00000034   Code   RO         2381    i.mem_init          mem.o
    0x00002680   0x00002680   0x000000a8   Code   RO         2382    i.mem_malloc        mem.o
    0x00002728   0x00002728   0x000000c4   Code   RO         2383    i.mem_realloc       mem.o
    0x000027ec   0x000027ec   0x00000018   Code   RO         2423    i.memp_free         memp.o
    0x00002804   0x00002804   0x00000058   Code   RO         2424    i.memp_init         memp.o
    0x0000285c   0x0000285c   0x00000020   Code   RO         2425    i.memp_malloc       memp.o
    0x0000287c   0x0000287c   0x00000048   Code   RO         2465    i.netif_add         netif.o
    0x000028c4   0x000028c4   0x0000000a   Code   RO         2467    i.netif_is_up       netif.o
    0x000028ce   0x000028ce   0x00000020   Code   RO         2469    i.netif_set_addr    netif.o
    0x000028ee   0x000028ee   0x00000002   PAD
    0x000028f0   0x000028f0   0x0000000c   Code   RO         2470    i.netif_set_default  netif.o
    0x000028fc   0x000028fc   0x00000008   Code   RO         2472    i.netif_set_gw      netif.o
    0x00002904   0x00002904   0x00000068   Code   RO         2473    i.netif_set_ipaddr  netif.o
    0x0000296c   0x0000296c   0x00000008   Code   RO         2474    i.netif_set_netmask  netif.o
    0x00002974   0x00002974   0x0000001c   Code   RO         2475    i.netif_set_up      netif.o
    0x00002990   0x00002990   0x00000004   Code   RO         3096    i.ntohl             inet.o
    0x00002994   0x00002994   0x00000004   Code   RO         3097    i.ntohs             inet.o
    0x00002998   0x00002998   0x0000010c   Code   RO         2540    i.pbuf_alloc        pbuf.o
    0x00002aa4   0x00002aa4   0x00000028   Code   RO         2541    i.pbuf_cat          pbuf.o
    0x00002acc   0x00002acc   0x00000012   Code   RO         2542    i.pbuf_chain        pbuf.o
    0x00002ade   0x00002ade   0x00000012   Code   RO         2543    i.pbuf_clen         pbuf.o
    0x00002af0   0x00002af0   0x00000090   Code   RO         2545    i.pbuf_copy         pbuf.o
    0x00002b80   0x00002b80   0x00000068   Code   RO         2546    i.pbuf_copy_partial  pbuf.o
    0x00002be8   0x00002be8   0x00000044   Code   RO         2548    i.pbuf_free         pbuf.o
    0x00002c2c   0x00002c2c   0x00000060   Code   RO         2549    i.pbuf_header       pbuf.o
    0x00002c8c   0x00002c8c   0x0000004e   Code   RO         2550    i.pbuf_realloc      pbuf.o
    0x00002cda   0x00002cda   0x0000000c   Code   RO         2551    i.pbuf_ref          pbuf.o
    0x00002ce6   0x00002ce6   0x00000002   PAD
    0x00002ce8   0x00002ce8   0x0000001c   Code   RO           62    i.peripheral_init   main.o
    0x00002d04   0x00002d04   0x00000054   Code   RO         2384    i.plug_holes        mem.o
    0x00002d58   0x00002d58   0x00000068   Code   RO         2629    i.raw_input         raw.o
    0x00002dc0   0x00002dc0   0x0000003c   Code   RO          486    i.simulator_Init    simulator_spi.o
    0x00002dfc   0x00002dfc   0x00000048   Code   RO          409    i.tcp_LoadServer_init  load_server.o
    0x00002e44   0x00002e44   0x00000094   Code   RO         2695    i.tcp_abandon       tcp.o
    0x00002ed8   0x00002ed8   0x00000004   Code   RO         2696    i.tcp_accept        tcp.o
    0x00002edc   0x00002edc   0x00000006   Code   RO         2697    i.tcp_accept_null   tcp.o
    0x00002ee2   0x00002ee2   0x00000002   PAD
    0x00002ee4   0x00002ee4   0x00000104   Code   RO         2698    i.tcp_alloc         tcp.o
    0x00002fe8   0x00002fe8   0x00000004   Code   RO         2699    i.tcp_arg           tcp.o
    0x00002fec   0x00002fec   0x000000bc   Code   RO         2700    i.tcp_bind          tcp.o
    0x000030a8   0x000030a8   0x000000a0   Code   RO         2701    i.tcp_close         tcp.o
    0x00003148   0x00003148   0x0000006c   Code   RO          410    i.tcp_echoserver_accept  load_server.o
    0x000031b4   0x000031b4   0x00000040   Code   RO          411    i.tcp_echoserver_connection_close  load_server.o
    0x000031f4   0x000031f4   0x0000000a   Code   RO          412    i.tcp_echoserver_error  load_server.o
    0x000031fe   0x000031fe   0x00000002   PAD
    0x00003200   0x00003200   0x00000044   Code   RO          413    i.tcp_echoserver_poll  load_server.o
    0x00003244   0x00003244   0x00000110   Code   RO          414    i.tcp_echoserver_recv  load_server.o
    0x00003354   0x00003354   0x00000056   Code   RO          415    i.tcp_echoserver_send  load_server.o
    0x000033aa   0x000033aa   0x00000002   PAD
    0x000033ac   0x000033ac   0x00000038   Code   RO          416    i.tcp_echoserver_sent  load_server.o
    0x000033e4   0x000033e4   0x00000020   Code   RO         2703    i.tcp_eff_send_mss  tcp.o
    0x00003404   0x00003404   0x000002f0   Code   RO         2914    i.tcp_enqueue       tcp_out.o
    0x000036f4   0x000036f4   0x00000006   Code   RO         2704    i.tcp_err           tcp.o
    0x000036fa   0x000036fa   0x00000002   PAD
    0x000036fc   0x000036fc   0x00000334   Code   RO         2871    i.tcp_input         tcp_in.o
    0x00003a30   0x00003a30   0x000000e8   Code   RO         2872    i.tcp_listen_input  tcp_in.o
    0x00003b18   0x00003b18   0x00000084   Code   RO         2706    i.tcp_listen_with_backlog  tcp.o
    0x00003b9c   0x00003b9c   0x00000006   Code   RO         2707    i.tcp_new           tcp.o
    0x00003ba2   0x00003ba2   0x00000002   PAD
    0x00003ba4   0x00003ba4   0x00000060   Code   RO         2708    i.tcp_new_port      tcp.o
    0x00003c04   0x00003c04   0x00000010   Code   RO         2709    i.tcp_next_iss      tcp.o
    0x00003c14   0x00003c14   0x00000230   Code   RO         2916    i.tcp_output        tcp_out.o
    0x00003e44   0x00003e44   0x000000c4   Code   RO         2917    i.tcp_output_segment  tcp_out.o
    0x00003f08   0x00003f08   0x00000078   Code   RO         2918    i.tcp_output_set_header  tcp_out.o
    0x00003f80   0x00003f80   0x00000080   Code   RO         2873    i.tcp_parseopt      tcp_in.o
    0x00004000   0x00004000   0x00000030   Code   RO         2710    i.tcp_pcb_purge     tcp.o
    0x00004030   0x00004030   0x00000060   Code   RO         2711    i.tcp_pcb_remove    tcp.o
    0x00004090   0x00004090   0x0000000a   Code   RO         2712    i.tcp_poll          tcp.o
    0x0000409a   0x0000409a   0x00000002   PAD
    0x0000409c   0x0000409c   0x00000344   Code   RO         2874    i.tcp_process       tcp_in.o
    0x000043e0   0x000043e0   0x0000046a   Code   RO         2875    i.tcp_receive       tcp_in.o
    0x0000484a   0x0000484a   0x00000006   Code   RO         2713    i.tcp_recv          tcp.o
    0x00004850   0x00004850   0x0000001c   Code   RO         2714    i.tcp_recv_null     tcp.o
    0x0000486c   0x0000486c   0x0000003a   Code   RO         2715    i.tcp_recved        tcp.o
    0x000048a6   0x000048a6   0x00000054   Code   RO         2919    i.tcp_rexmit        tcp_out.o
    0x000048fa   0x000048fa   0x000000aa   Code   RO         2921    i.tcp_rst           tcp_out.o
    0x000049a4   0x000049a4   0x00000020   Code   RO         2716    i.tcp_seg_free      tcp.o
    0x000049c4   0x000049c4   0x0000001a   Code   RO         2717    i.tcp_segs_free     tcp.o
    0x000049de   0x000049de   0x00000016   Code   RO         2922    i.tcp_send_ctrl     tcp_out.o
    0x000049f4   0x000049f4   0x00000006   Code   RO         2718    i.tcp_sent          tcp.o
    0x000049fa   0x000049fa   0x00000004   Code   RO         2719    i.tcp_setprio       tcp.o
    0x000049fe   0x000049fe   0x0000002a   Code   RO         2722    i.tcp_update_rcv_ann_wnd  tcp.o
    0x00004a28   0x00004a28   0x0000002e   Code   RO         2923    i.tcp_write         tcp_out.o
    0x00004a56   0x00004a56   0x00000002   PAD
    0x00004a58   0x00004a58   0x00000160   Code   RO         2987    i.udp_input         udp.o
    0x00004bb8   0x00004bb8   0x000000a8   Code   RO         3301    i.update_arp_entry  etharp.o
    0x00004c60   0x00004c60   0x00000034   Code   RO          487    i.writeArray        simulator_spi.o
    0x00004c94   0x00004c94   0x00000024   Data   RO         2427    .constdata          memp.o
    0x00004cb8   0x00004cb8   0x00000004   Data   RO         3220    .constdata          ip_addr.o
    0x00004cbc   0x00004cbc   0x0000000c   Data   RO         3303    .constdata          etharp.o
    0x00004cc8   0x00004cc8   0x00000020   Data   RO         3687    Region$$Table       anon$$obj.o


    Execution Region RW_IRAM1 (Exec base: 0x20000000, Load base: 0x00004ce8, Size: 0x00016be8, Max: 0x00020000, ABSOLUTE, COMPRESSED[0x000000b4])

    Exec Addr    Load Addr    Size         Type   Attr      Idx    E Section Name        Object

    0x20000000   COMPRESSED   0x00000010   Data   RW           19    .data               system_hhd32f1xx.o
    0x20000010   COMPRESSED   0x000001bc   Data   RW           63    .data               main.o
    0x200001cc   COMPRESSED   0x0000000c   Data   RW          418    .data               load_server.o
    0x200001d8   COMPRESSED   0x00000006   Data   RW          542    .data               ethernetif.o
    0x200001de   COMPRESSED   0x00000002   PAD
    0x200001e0   COMPRESSED   0x00000014   Data   RW         1757    .data               hhd_eth.o
    0x200001f4   COMPRESSED   0x00000010   Data   RW         2386    .data               mem.o
    0x20000204   COMPRESSED   0x0000000c   Data   RW         2476    .data               netif.o
    0x20000210   COMPRESSED   0x00000004   Data   RW         2635    .data               raw.o
    0x20000214   COMPRESSED   0x00000020   Data   RW         2724    .data               tcp.o
    0x20000234   COMPRESSED   0x0000001c   Data   RW         2877    .data               tcp_in.o
    0x20000250   COMPRESSED   0x00000004   Data   RW         2994    .data               udp.o
    0x20000254   COMPRESSED   0x0000000c   Data   RW         3181    .data               ip.o
    0x20000260   COMPRESSED   0x00000008   Data   RW         3250    .data               ip_frag.o
    0x20000268   COMPRESSED   0x00000001   Data   RW         3304    .data               etharp.o
    0x20000269   COMPRESSED   0x00000003   PAD
    0x2000026c   COMPRESSED   0x00000004   Data   RW         3661    .data               mc_w.l(stdout.o)
    0x20000270        -       0x00000030   Zero   RW          177    .bss                netconf.o
    0x200002a0        -       0x000005be   Zero   RW          417    .bss                load_server.o
    0x2000085e   COMPRESSED   0x00000002   PAD
    0x20000860        -       0x00005400   Zero   RW          537    .bss                ethernetif.o
    0x20005c60        -       0x0000a014   Zero   RW         2385    .bss                mem.o
    0x2000fc74        -       0x000048b7   Zero   RW         2426    .bss                memp.o
    0x2001452b   COMPRESSED   0x00000001   PAD
    0x2001452c        -       0x00000014   Zero   RW         2876    .bss                tcp_in.o
    0x20014540        -       0x000005e0   Zero   RW         3249    .bss                ip_frag.o
    0x20014b20        -       0x000000c8   Zero   RW         3302    .bss                etharp.o
    0x20014be8        -       0x00002000   Zero   RW           48    STACK               startup_hhd32f1xx_s.o


==============================================================================

Image component sizes


      Code (inc. data)   RO Data    RW Data    ZI Data      Debug   Object Name

         0          0          0          0          0       4540   core_cm3.o
      1532         28         12          1        200      12679   etharp.o
       554         54          0          6      21504       8000   ethernetif.o
       432         22          0          0          0      20742   hhd32f107.o
        50          0          0          0          0       3384   hhd32f10x_it.o
      1196        116          0         20          0      15084   hhd_eth.o
        32          0          0          0          0       2661   hhd_gpio.o
        24          4          0          0          0        593   hhd_rcc.o
       378         28          0          0          0      19384   hhd_uart.o
       446          0          0          0          0       3606   icmp.o
        16          0          0          0          0       2986   inet.o
       278          0          0          0          0       6734   inet_chksum.o
         0          0          0          0          0        668   init.o
        92          0          0          0          0       1322   io_init.o
       708         24          0         12          0       4969   ip.o
        48          0          4          0          0       5505   ip_addr.o
      1240         34          0          8       1504       7645   ip_frag.o
       972        114          0         12       1470       8219   load_server.o
       202         60          0        444          0      57080   main.o
       544         30          0         16      40980       5009   mem.o
       144         20         36          0      18615       3898   memp.o
       132         32          0          0         48      23052   netconf.o
       274         18          0         12          0       7041   netif.o
       846          0          0          0          0       8409   pbuf.o
       104          4          0          4          0       1740   raw.o
       336         20          0          0          0       2310   simulator_spi.o
        36          8        328          0       8192        912   startup_hhd32f1xx_s.o
       172         18          0         16          0      28317   system_hhd32f1xx.o
      1414         60          0         32          0      24158   tcp.o
      3146         76          0         28         20      14676   tcp_in.o
      1950         14          0          0          0       8806   tcp_out.o
       352          4          0          4          0       3536   udp.o

    ----------------------------------------------------------------------
     17690        788        412        620      92536     317665   Object Totals
         0          0         32          0          0          0   (incl. Generated)
        40          0          0          5          3          0   (incl. Padding)

    ----------------------------------------------------------------------

      Code (inc. data)   RO Data    RW Data    ZI Data      Debug   Library Member Name

        86          0          0          0          0          0   __dczerorl2.o
         0          0          0          0          0          0   entry.o
         0          0          0          0          0          0   entry10a.o
         0          0          0          0          0          0   entry11a.o
         8          4          0          0          0          0   entry2.o
         4          0          0          0          0          0   entry5.o
         0          0          0          0          0          0   entry7b.o
         0          0          0          0          0          0   entry8b.o
         8          4          0          0          0          0   entry9a.o
        30          0          0          0          0          0   handlers.o
        36          8          0          0          0         68   init.o
        30          0          0          0          0         68   llshl.o
        32          0          0          0          0         68   llushr.o
        26          0          0          0          0         80   memcmp.o
        36          0          0          0          0         68   memcpya.o
        36          0          0          0          0        108   memseta.o
      1154         54          0          0          0        352   printf8.o
         0          0          0          4          0          0   stdout.o
        98          0          0          0          0         92   uldiv.o

    ----------------------------------------------------------------------
      1586         70          0          4          0        904   Library Totals
         2          0          0          0          0          0   (incl. Padding)

    ----------------------------------------------------------------------

      Code (inc. data)   RO Data    RW Data    ZI Data      Debug   Library Name

      1584         70          0          4          0        904   mc_w.l

    ----------------------------------------------------------------------
      1586         70          0          4          0        904   Library Totals

    ----------------------------------------------------------------------

==============================================================================


      Code (inc. data)   RO Data    RW Data    ZI Data      Debug   

     19276        858        412        624      92536     309545   Grand Totals
     19276        858        412        180      92536     309545   ELF Image Totals (compressed)
     19276        858        412        180          0          0   ROM Totals

==============================================================================

    Total RO  Size (Code + RO Data)                19688 (  19.23kB)
    Total RW  Size (RW Data + ZI Data)             93160 (  90.98kB)
    Total ROM Size (Code + RO Data + RW Data)      19868 (  19.40kB)

==============================================================================

