Component: ARM Compiler 5.06 update 6 (build 750) Tool: armlink [4d35ed]

==============================================================================

Section Cross References

    system_hhd32f1xx.o(i.SystemCoreClockUpdate) refers to system_hhd32f1xx.o(.data) for .data
    startup_hhd32f1xx_s.o(RESET) refers to startup_hhd32f1xx_s.o(STACK) for __initial_sp
    startup_hhd32f1xx_s.o(RESET) refers to startup_hhd32f1xx_s.o(.text) for Reset_Handler
    startup_hhd32f1xx_s.o(RESET) refers to hhd32f10x_it.o(i.NMI_Handler) for NMI_Handler
    startup_hhd32f1xx_s.o(RESET) refers to hhd32f10x_it.o(i.HardFault_Handler) for HardFault_Handler
    startup_hhd32f1xx_s.o(RESET) refers to hhd32f10x_it.o(i.BusFault_Handler) for BusFault_Handler
    startup_hhd32f1xx_s.o(RESET) refers to hhd32f10x_it.o(i.UsageFault_Handler) for UsageFault_Handler
    startup_hhd32f1xx_s.o(RESET) refers to hhd32f10x_it.o(i.SVC_Handler) for SVC_Handler
    startup_hhd32f1xx_s.o(RESET) refers to hhd32f10x_it.o(i.PendSV_Handler) for PendSV_Handler
    startup_hhd32f1xx_s.o(RESET) refers to hhd32f10x_it.o(i.SysTick_Handler) for SysTick_Handler
    startup_hhd32f1xx_s.o(RESET) refers to hhd32f10x_it.o(i.ETH_IRQHandler) for ETH_IRQHandler
    startup_hhd32f1xx_s.o(.text) refers to system_hhd32f1xx.o(i.SystemInit) for SystemInit
    startup_hhd32f1xx_s.o(.text) refers to entry.o(.ARM.Collect$$$$00000000) for __main
    main.o(i.Delay) refers to main.o(.data) for .data
    main.o(i.Get_Tick) refers to main.o(.data) for .data
    main.o(i.System_Periodic_Handle) refers to netconf.o(i.LwIP_Periodic_Handle) for LwIP_Periodic_Handle
    main.o(i.System_Periodic_Handle) refers to main.o(.data) for .data
    main.o(i.Time_Update) refers to main.o(.data) for .data
    main.o(i.application_init) refers to netconf.o(i.LwIP_Init) for LwIP_Init
    main.o(i.application_init) refers to lib_xvc.o(i.jtagServer_init) for jtagServer_init
    main.o(i.main) refers to io_init.o(i.IO_init) for IO_init
    main.o(i.main) refers to main.o(i.peripheral_init) for peripheral_init
    main.o(i.main) refers to main.o(i.application_init) for application_init
    main.o(i.main) refers to printf8.o(i.__0printf$8) for __2printf
    main.o(i.main) refers to main.o(i.Delay) for Delay
    main.o(i.main) refers to hhd_gpio.o(i.GPIO_ResetPin) for GPIO_ResetPin
    main.o(i.main) refers to hhd_gpio.o(i.GPIO_SetPin) for GPIO_SetPin
    main.o(i.main) refers to main.o(.data) for .data
    main.o(i.peripheral_init) refers to hhd_gpio.o(i.GPIO_ResetPin) for GPIO_ResetPin
    main.o(i.peripheral_init) refers to simulator_spi.o(i.simulator_Init) for simulator_Init
    main.o(i.peripheral_init) refers to hhd32f107.o(i.System_Setup) for System_Setup
    netconf.o(i.Display_Periodic_Handle) refers to printf8.o(i.__0sprintf$8) for __2sprintf
    netconf.o(i.Display_Periodic_Handle) refers to netconf.o(.data) for .data
    netconf.o(i.Display_Periodic_Handle) refers to netconf.o(.bss) for .bss
    netconf.o(i.LwIP_Init) refers to mem.o(i.mem_init) for mem_init
    netconf.o(i.LwIP_Init) refers to memp.o(i.memp_init) for memp_init
    netconf.o(i.LwIP_Init) refers to inet.o(i.htonl) for htonl
    netconf.o(i.LwIP_Init) refers to ethernetif.o(i.Set_MAC_Address) for Set_MAC_Address
    netconf.o(i.LwIP_Init) refers to netif.o(i.netif_add) for netif_add
    netconf.o(i.LwIP_Init) refers to netif.o(i.netif_set_default) for netif_set_default
    netconf.o(i.LwIP_Init) refers to netif.o(i.netif_set_up) for netif_set_up
    netconf.o(i.LwIP_Init) refers to etharp.o(i.ethernet_input) for ethernet_input
    netconf.o(i.LwIP_Init) refers to ethernetif.o(i.ethernetif_init) for ethernetif_init
    netconf.o(i.LwIP_Init) refers to netconf.o(.bss) for .bss
    netconf.o(i.LwIP_Periodic_Handle) refers to tcp.o(i.tcp_tmr) for tcp_tmr
    netconf.o(i.LwIP_Periodic_Handle) refers to etharp.o(i.etharp_tmr) for etharp_tmr
    netconf.o(i.LwIP_Periodic_Handle) refers to netconf.o(.data) for .data
    netconf.o(i.LwIP_Pkt_Handle) refers to ethernetif.o(i.ethernetif_input) for ethernetif_input
    netconf.o(i.LwIP_Pkt_Handle) refers to netconf.o(.bss) for .bss
    hhd32f107.o(i.Ethernet_Configuration) refers to hhd_gpio.o(i.GPIO_SetPin) for GPIO_SetPin
    hhd32f107.o(i.Ethernet_Configuration) refers to hhd32f107.o(i.Delay_1ms) for Delay_1ms
    hhd32f107.o(i.Ethernet_Configuration) refers to hhd_gpio.o(i.GPIO_ResetPin) for GPIO_ResetPin
    hhd32f107.o(i.Ethernet_Configuration) refers to hhd_eth.o(i.ETH_DeInit) for ETH_DeInit
    hhd32f107.o(i.Ethernet_Configuration) refers to hhd_eth.o(i.ETH_SoftwareReset) for ETH_SoftwareReset
    hhd32f107.o(i.Ethernet_Configuration) refers to main.o(i.Get_Tick) for Get_Tick
    hhd32f107.o(i.Ethernet_Configuration) refers to hhd_eth.o(i.ETH_GetSoftwareResetStatus) for ETH_GetSoftwareResetStatus
    hhd32f107.o(i.Ethernet_Configuration) refers to hhd_eth.o(i.ETH_StructInit) for ETH_StructInit
[...]
    ..\middleware\lwip-1.3.1\src\core\tcp.c  0x00000000   Number         0  tcp.o ABSOLUTE
    ..\middleware\lwip-1.3.1\src\core\tcp_in.c 0x00000000   Number         0  tcp_in.o ABSOLUTE
    ..\middleware\lwip-1.3.1\src\core\tcp_out.c 0x00000000   Number         0  tcp_out.o ABSOLUTE
    ..\middleware\lwip-1.3.1\src\core\udp.c  0x00000000   Number         0  udp.o ABSOLUTE
    ..\middleware\lwip-1.3.1\src\netif\etharp.c 0x00000000   Number         0  etharp.o ABSOLUTE
    cdrcmple.s                               0x00000000   Number         0  cdrcmple.o ABSOLUTE
    dc.s                                     0x00000000   Number         0  dc.o ABSOLUTE
    handlers.s                               0x00000000   Number         0  handlers.o ABSOLUTE
    init.s                                   0x00000000   Number         0  init.o ABSOLUTE
    .ARM.Collect$$$$00000000                 0x00000148   Section        0  entry.o(.ARM.Collect$$$$00000000)
    .ARM.Collect$$$$00000001                 0x00000148   Section        4  entry2.o(.ARM.Collect$$$$00000001)
    .ARM.Collect$$$$00000004                 0x0000014c   Section        4  entry5.o(.ARM.Collect$$$$00000004)
    .ARM.Collect$$$$00000008                 0x00000150   Section        0  entry7b.o(.ARM.Collect$$$$00000008)
    .ARM.Collect$$$$0000000A                 0x00000150   Section        0  entry8b.o(.ARM.Collect$$$$0000000A)
    .ARM.Collect$$$$0000000B                 0x00000150   Section        8  entry9a.o(.ARM.Collect$$$$0000000B)
    .ARM.Collect$$$$0000000D                 0x00000158   Section        0  entry10a.o(.ARM.Collect$$$$0000000D)
    .ARM.Collect$$$$0000000F                 0x00000158   Section        0  entry11a.o(.ARM.Collect$$$$0000000F)
    .ARM.Collect$$$$00002712                 0x00000158   Section        4  entry2.o(.ARM.Collect$$$$00002712)
    __lit__00000000                          0x00000158   Data           4  entry2.o(.ARM.Collect$$$$00002712)
    .text                                    0x0000015c   Section       36  startup_hhd32f1xx_s.o(.text)
    .text                                    0x00000180   Section        0  memcpya.o(.text)
    .text                                    0x000001a4   Section        0  memseta.o(.text)
    .text                                    0x000001c8   Section        0  strlen.o(.text)
    .text                                    0x000001d6   Section        0  memcmp.o(.text)
    .text                                    0x000001f0   Section        0  uldiv.o(.text)
    .text                                    0x00000254   Section       36  init.o(.text)
    .text                                    0x00000278   Section        0  llshl.o(.text)
    .text                                    0x00000296   Section        0  llushr.o(.text)
    .text                                    0x000002b6   Section        0  __dczerorl2.o(.text)
    i.BusFault_Handler                       0x0000030c   Section        0  hhd32f10x_it.o(i.BusFault_Handler)
    i.Delay                                  0x00000310   Section        0  main.o(i.Delay)
    i.Delay_1ms                              0x00000324   Section        0  hhd32f107.o(i.Delay_1ms)
    i.ETH_DMAClearITPendingBit               0x0000033c   Section        0  hhd_eth.o(i.ETH_DMAClearITPendingBit)
    i.ETH_DMAITConfig                        0x00000348   Section        0  hhd_eth.o(i.ETH_DMAITConfig)
    i.ETH_DMAReceptionCmd                    0x00000360   Section        0  hhd_eth.o(i.ETH_DMAReceptionCmd)
    i.ETH_DMARxDescChainInit                 0x0000037c   Section        0  hhd_eth.o(i.ETH_DMARxDescChainInit)
    i.ETH_DMARxDescReceiveITConfig           0x000003cc   Section        0  hhd_eth.o(i.ETH_DMARxDescReceiveITConfig)
    i.ETH_DMATransmissionCmd                 0x000003e0   Section        0  hhd_eth.o(i.ETH_DMATransmissionCmd)
    i.ETH_DMATxDescChainInit                 0x000003fc   Section        0  hhd_eth.o(i.ETH_DMATxDescChainInit)
    i.ETH_DeInit                             0x00000444   Section        0  hhd_eth.o(i.ETH_DeInit)
    i.ETH_FlushTransmitFIFO                  0x00000448   Section        0  hhd_eth.o(i.ETH_FlushTransmitFIFO)
    i.ETH_GetCurrentTxBuffer                 0x00000458   Section        0  ethernetif.o(i.ETH_GetCurrentTxBuffer)
    i.ETH_GetDMARxDescFrameLength            0x00000464   Section        0  hhd_eth.o(i.ETH_GetDMARxDescFrameLength)
    i.ETH_GetRxPktSize                       0x0000046c   Section        0  hhd_eth.o(i.ETH_GetRxPktSize)
    i.ETH_GetSoftwareResetStatus             0x00000490   Section        0  hhd_eth.o(i.ETH_GetSoftwareResetStatus)
    i.ETH_IRQHandler                         0x000004a4   Section        0  hhd32f10x_it.o(i.ETH_IRQHandler)
    i.ETH_Init                               0x000004c8   Section        0  hhd_eth.o(i.ETH_Init)
    i.ETH_MACAddressConfig                   0x000005f8   Section        0  hhd_eth.o(i.ETH_MACAddressConfig)
    i.ETH_MACReceptionCmd                    0x00000614   Section        0  hhd_eth.o(i.ETH_MACReceptionCmd)
    i.ETH_MACTransmissionCmd                 0x00000630   Section        0  hhd_eth.o(i.ETH_MACTransmissionCmd)
    i.ETH_ReadPHYRegister                    0x0000064c   Section        0  hhd_eth.o(i.ETH_ReadPHYRegister)
    i.ETH_RxPkt_ChainMode                    0x000006a4   Section        0  ethernetif.o(i.ETH_RxPkt_ChainMode)
    i.ETH_SoftwareReset                      0x000006f4   Section        0  hhd_eth.o(i.ETH_SoftwareReset)
    i.ETH_Start                              0x00000704   Section        0  hhd_eth.o(i.ETH_Start)
    i.ETH_StructInit                         0x00000726   Section        0  hhd_eth.o(i.ETH_StructInit)
    i.ETH_TxPkt_ChainMode                    0x000007a8   Section        0  ethernetif.o(i.ETH_TxPkt_ChainMode)
    i.ETH_WritePHYRegister                   0x000007ec   Section        0  hhd_eth.o(i.ETH_WritePHYRegister)
    i.Ethernet_Configuration                 0x00000840   Section        0  hhd32f107.o(i.Ethernet_Configuration)
    i.GPIO_ConfigPinsAsInput                 0x0000091c   Section        0  hhd_gpio.o(i.GPIO_ConfigPinsAsInput)
    i.GPIO_ConfigPinsAsOutput                0x00000924   Section        0  hhd_gpio.o(i.GPIO_ConfigPinsAsOutput)
    i.GPIO_ResetPin                          0x0000092c   Section        0  hhd_gpio.o(i.GPIO_ResetPin)
    i.GPIO_SetPin                            0x00000934   Section        0  hhd_gpio.o(i.GPIO_SetPin)
    i.Get_Tick                               0x0000093c   Section        0  main.o(i.Get_Tick)
    i.HardFault_Handler                      0x00000948   Section        0  hhd32f10x_it.o(i.HardFault_Handler)
    i.IO_init                                0x0000094a   Section        0  io_init.o(i.IO_init)
    i.Jtag_Init                              0x000009a8   Section        0  lib_xvc.o(i.Jtag_Init)
    i.LwIP_Init                              0x000009e4   Section        0  netconf.o(i.LwIP_Init)
    i.LwIP_Pkt_Handle                        0x00000a5c   Section        0  netconf.o(i.LwIP_Pkt_Handle)
    i.NMI_Handler                            0x00000a68   Section        0  hhd32f10x_it.o(i.NMI_Handler)
    i.NVIC_DisableIRQ                        0x00000a6a   Section        0  hhd_uart.o(i.NVIC_DisableIRQ)
    NVIC_DisableIRQ                          0x00000a6b   Thumb Code    22  hhd_uart.o(i.NVIC_DisableIRQ)
    i.NVIC_EnableIRQ                         0x00000a80   Section        0  hhd32f107.o(i.NVIC_EnableIRQ)
    NVIC_EnableIRQ                           0x00000a81   Thumb Code    22  hhd32f107.o(i.NVIC_EnableIRQ)
    i.NVIC_SetPriority                       0x00000a96   Section        0  hhd32f107.o(i.NVIC_SetPriority)
    NVIC_SetPriority                         0x00000a97   Thumb Code    32  hhd32f107.o(i.NVIC_SetPriority)
    i.PHY_MII_COPPER                         0x00000ab6   Section        0  hhd_eth.o(i.PHY_MII_COPPER)
    i.PendSV_Handler                         0x00000b26   Section        0  hhd32f10x_it.o(i.PendSV_Handler)
    i.RCC_APB2PeriphClockCmd                 0x00000b28   Section        0  hhd_rcc.o(i.RCC_APB2PeriphClockCmd)
    i.SVC_Handler                            0x00000b40   Section        0  hhd32f10x_it.o(i.SVC_Handler)
    i.Set_MAC_Address                        0x00000b44   Section        0  ethernetif.o(i.Set_MAC_Address)
    i.SysTick_Handler                        0x00000b6c   Section        0  hhd32f10x_it.o(i.SysTick_Handler)
    i.SystemInit                             0x00000b70   Section        0  system_hhd32f1xx.o(i.SystemInit)
    i.System_Setup                           0x00000c1c   Section        0  hhd32f107.o(i.System_Setup)
    i.Time_Update                            0x00000c74   Section        0  main.o(i.Time_Update)
    i.UART_EnableInt                         0x00000c84   Section        0  hhd_uart.o(i.UART_EnableInt)
    i.UART_Open                              0x00000c8c   Section        0  hhd_uart.o(i.UART_Open)
    i.UsageFault_Handler                     0x00000de8   Section        0  hhd32f10x_it.o(i.UsageFault_Handler)
    i.__0printf$8                            0x00000dec   Section        0  printf8.o(i.__0printf$8)
    i.__0sprintf$8                           0x00000e0c   Section        0  printf8.o(i.__0sprintf$8)
    i.__scatterload_copy                     0x00000e34   Section       14  handlers.o(i.__scatterload_copy)
    i.__scatterload_null                     0x00000e42   Section        2  handlers.o(i.__scatterload_null)
    i.__scatterload_zeroinit                 0x00000e44   Section       14  handlers.o(i.__scatterload_zeroinit)
    i._printf_core                           0x00000e54   Section        0  printf8.o(i._printf_core)
    _printf_core                             0x00000e55   Thumb Code   996  printf8.o(i._printf_core)
    i._printf_post_padding                   0x00001264   Section        0  printf8.o(i._printf_post_padding)
    _printf_post_padding                     0x00001265   Thumb Code    36  printf8.o(i._printf_post_padding)
    i._printf_pre_padding                    0x00001288   Section        0  printf8.o(i._printf_pre_padding)
    _printf_pre_padding                      0x00001289   Thumb Code    46  printf8.o(i._printf_pre_padding)
    i._sputc                                 0x000012b6   Section        0  printf8.o(i._sputc)
    _sputc                                   0x000012b7   Thumb Code    10  printf8.o(i._sputc)
    i.application_init                       0x000012c0   Section        0  main.o(i.application_init)
    i.etharp_arp_input                       0x000012ce   Section        0  etharp.o(i.etharp_arp_input)
    i.etharp_ip_input                        0x00001398   Section        0  etharp.o(i.etharp_ip_input)
    i.etharp_output                          0x000013c0   Section        0  etharp.o(i.etharp_output)
    i.etharp_query                           0x00001478   Section        0  etharp.o(i.etharp_query)
    i.etharp_raw                             0x0000157c   Section        0  etharp.o(i.etharp_raw)
    etharp_raw                               0x0000157d   Thumb Code   158  etharp.o(i.etharp_raw)
    i.etharp_request                         0x0000161c   Section        0  etharp.o(i.etharp_request)
    i.etharp_send_ip                         0x00001640   Section        0  etharp.o(i.etharp_send_ip)
    etharp_send_ip                           0x00001641   Thumb Code    54  etharp.o(i.etharp_send_ip)
    i.ethernet_input                         0x00001676   Section        0  etharp.o(i.ethernet_input)
    i.ethernetif_init                        0x000016cc   Section        0  ethernetif.o(i.ethernetif_init)
    i.ethernetif_input                       0x0000170c   Section        0  ethernetif.o(i.ethernetif_input)
    i.find_entry                             0x00001734   Section        0  etharp.o(i.find_entry)
    find_entry                               0x00001735   Thumb Code   308  etharp.o(i.find_entry)
    i.fputc                                  0x00001870   Section        0  main.o(i.fputc)
    i.free_etharp_q                          0x00001888   Section        0  etharp.o(i.free_etharp_q)
    free_etharp_q                            0x00001889   Thumb Code    30  etharp.o(i.free_etharp_q)
    i.get_phyaddr                            0x000018a6   Section        0  hhd32f107.o(i.get_phyaddr)
    i.htonl                                  0x000018c8   Section        0  inet.o(i.htonl)
    i.htons                                  0x000018cc   Section        0  inet.o(i.htons)
    i.icmp_dest_unreach                      0x000018d0   Section        0  icmp.o(i.icmp_dest_unreach)
    i.icmp_input                             0x000018d8   Section        0  icmp.o(i.icmp_input)
    i.icmp_send_response                     0x00001a20   Section        0  icmp.o(i.icmp_send_response)
    icmp_send_response                       0x00001a21   Thumb Code   102  icmp.o(i.icmp_send_response)
    i.icmp_time_exceeded                     0x00001a86   Section        0  icmp.o(i.icmp_time_exceeded)
    i.inet_chksum                            0x00001a8e   Section        0  inet_chksum.o(i.inet_chksum)
    i.inet_chksum_pbuf                       0x00001a9a   Section        0  inet_chksum.o(i.inet_chksum_pbuf)
    i.inet_chksum_pseudo                     0x00001ae2   Section        0  inet_chksum.o(i.inet_chksum_pseudo)
    i.ip_addr_isbroadcast                    0x00001b68   Section        0  ip_addr.o(i.ip_addr_isbroadcast)
    i.ip_frag                                0x00001b98   Section        0  ip_frag.o(i.ip_frag)
    i.ip_input                               0x00001cc8   Section        0  ip.o(i.ip_input)
    i.ip_output                              0x00001e38   Section        0  ip.o(i.ip_output)
    i.ip_output_if                           0x00001e6c   Section        0  ip.o(i.ip_output_if)
    i.ip_reass                               0x00001f44   Section        0  ip_frag.o(i.ip_reass)
    i.ip_reass_chain_frag_into_datagram_and_validate 0x000020f4   Section        0  ip_frag.o(i.ip_reass_chain_frag_into_datagram_and_validate)
    ip_reass_chain_frag_into_datagram_and_validate 0x000020f5   Thumb Code   234  ip_frag.o(i.ip_reass_chain_frag_into_datagram_and_validate)
    i.ip_reass_dequeue_datagram              0x000021e4   Section        0  ip_frag.o(i.ip_reass_dequeue_datagram)
    ip_reass_dequeue_datagram                0x000021e5   Thumb Code    30  ip_frag.o(i.ip_reass_dequeue_datagram)
    i.ip_reass_free_complete_datagram        0x00002208   Section        0  ip_frag.o(i.ip_reass_free_complete_datagram)
    ip_reass_free_complete_datagram          0x00002209   Thumb Code   106  ip_frag.o(i.ip_reass_free_complete_datagram)
    i.ip_reass_remove_oldest_datagram        0x00002278   Section        0  ip_frag.o(i.ip_reass_remove_oldest_datagram)
    ip_reass_remove_oldest_datagram          0x00002279   Thumb Code   110  ip_frag.o(i.ip_reass_remove_oldest_datagram)
    i.ip_route                               0x000022ec   Section        0  ip.o(i.ip_route)
    i.jtagServer_init                        0x00002334   Section        0  lib_xvc.o(i.jtagServer_init)
    i.jtag_gpio_handle                       0x00002378   Section        0  lib_xvc.o(i.jtag_gpio_handle)
    i.low_level_init                         0x00002534   Section        0  ethernetif.o(i.low_level_init)
    low_level_init                           0x00002535   Thumb Code    98  ethernetif.o(i.low_level_init)
    i.low_level_input                        0x000025a4   Section        0  ethernetif.o(i.low_level_input)
    low_level_input                          0x000025a5   Thumb Code    92  ethernetif.o(i.low_level_input)
    i.low_level_output                       0x00002604   Section        0  ethernetif.o(i.low_level_output)
    low_level_output                         0x00002605   Thumb Code    44  ethernetif.o(i.low_level_output)
    i.lwip_standard_chksum                   0x00002630   Section        0  inet_chksum.o(i.lwip_standard_chksum)
    lwip_standard_chksum                     0x00002631   Thumb Code    60  inet_chksum.o(i.lwip_standard_chksum)
    i.main                                   0x0000266c   Section        0  main.o(i.main)
    i.mem_free                               0x000026c4   Section        0  mem.o(i.mem_free)
    i.mem_init                               0x000026f0   Section        0  mem.o(i.mem_init)
    i.mem_malloc                             0x00002724   Section        0  mem.o(i.mem_malloc)
    i.mem_realloc                            0x000027cc   Section        0  mem.o(i.mem_realloc)
    i.memp_free                              0x00002890   Section        0  memp.o(i.memp_free)
    i.memp_init                              0x000028a8   Section        0  memp.o(i.memp_init)
    i.memp_malloc                            0x00002900   Section        0  memp.o(i.memp_malloc)
    i.netif_add                              0x00002920   Section        0  netif.o(i.netif_add)
    i.netif_is_up                            0x00002968   Section        0  netif.o(i.netif_is_up)
    i.netif_set_addr                         0x00002972   Section        0  netif.o(i.netif_set_addr)
    i.netif_set_default                      0x00002994   Section        0  netif.o(i.netif_set_default)
    i.netif_set_gw                           0x000029a0   Section        0  netif.o(i.netif_set_gw)
    i.netif_set_ipaddr                       0x000029a8   Section        0  netif.o(i.netif_set_ipaddr)
    i.netif_set_netmask                      0x00002a10   Section        0  netif.o(i.netif_set_netmask)
    i.netif_set_up                           0x00002a18   Section        0  netif.o(i.netif_set_up)
    i.ntohl                                  0x00002a34   Section        0  inet.o(i.ntohl)
    i.ntohs                                  0x00002a38   Section        0  inet.o(i.ntohs)
    i.pbuf_alloc                             0x00002a3c   Section        0  pbuf.o(i.pbuf_alloc)
    i.pbuf_cat                               0x00002b48   Section        0  pbuf.o(i.pbuf_cat)
    i.pbuf_chain                             0x00002b70   Section        0  pbuf.o(i.pbuf_chain)
    i.pbuf_clen                              0x00002b82   Section        0  pbuf.o(i.pbuf_clen)
    i.pbuf_copy                              0x00002b94   Section        0  pbuf.o(i.pbuf_copy)
    i.pbuf_copy_partial                      0x00002c24   Section        0  pbuf.o(i.pbuf_copy_partial)
    i.pbuf_free                              0x00002c8c   Section        0  pbuf.o(i.pbuf_free)
    i.pbuf_header                            0x00002cd0   Section        0  pbuf.o(i.pbuf_header)
    i.pbuf_realloc                           0x00002d30   Section        0  pbuf.o(i.pbuf_realloc)
    i.pbuf_ref                               0x00002d7e   Section        0  pbuf.o(i.pbuf_ref)
    i.peripheral_init                        0x00002d8c   Section        0  main.o(i.peripheral_init)
    i.plug_holes                             0x00002da8   Section        0  mem.o(i.plug_holes)
    plug_holes                               0x00002da9   Thumb Code    78  mem.o(i.plug_holes)
    i.raw_input                              0x00002dfc   Section        0  raw.o(i.raw_input)
    i.simulator_Init                         0x00002e64   Section        0  simulator_spi.o(i.simulator_Init)
    i.tcp_abandon                            0x00002ea0   Section        0  tcp.o(i.tcp_abandon)
    i.tcp_accept                             0x00002f34   Section        0  tcp.o(i.tcp_accept)
    i.tcp_accept_null                        0x00002f38   Section        0  tcp.o(i.tcp_accept_null)
    tcp_accept_null                          0x00002f39   Thumb Code     6  tcp.o(i.tcp_accept_null)
    i.tcp_alloc                              0x00002f40   Section        0  tcp.o(i.tcp_alloc)
    i.tcp_arg                                0x00003044   Section        0  tcp.o(i.tcp_arg)
    i.tcp_bind                               0x00003048   Section        0  tcp.o(i.tcp_bind)
    i.tcp_close                              0x00003104   Section        0  tcp.o(i.tcp_close)
    i.tcp_echoserver_accept                  0x000031a4   Section        0  lib_xvc.o(i.tcp_echoserver_accept)
    tcp_echoserver_accept                    0x000031a5   Thumb Code    88  lib_xvc.o(i.tcp_echoserver_accept)
    i.tcp_echoserver_connection_close        0x0000320c   Section        0  lib_xvc.o(i.tcp_echoserver_connection_close)
    tcp_echoserver_connection_close          0x0000320d   Thumb Code    64  lib_xvc.o(i.tcp_echoserver_connection_close)
    i.tcp_echoserver_error                   0x0000324c   Section        0  lib_xvc.o(i.tcp_echoserver_error)
    tcp_echoserver_error                     0x0000324d   Thumb Code    10  lib_xvc.o(i.tcp_echoserver_error)
    i.tcp_echoserver_poll                    0x00003256   Section        0  lib_xvc.o(i.tcp_echoserver_poll)
    tcp_echoserver_poll                      0x00003257   Thumb Code    50  lib_xvc.o(i.tcp_echoserver_poll)
    i.tcp_echoserver_recv                    0x00003288   Section        0  lib_xvc.o(i.tcp_echoserver_recv)
    tcp_echoserver_recv                      0x00003289   Thumb Code   462  lib_xvc.o(i.tcp_echoserver_recv)
    i.tcp_echoserver_send                    0x00003490   Section        0  lib_xvc.o(i.tcp_echoserver_send)
    tcp_echoserver_send                      0x00003491   Thumb Code    76  lib_xvc.o(i.tcp_echoserver_send)
    i.tcp_echoserver_sent                    0x000034dc   Section        0  lib_xvc.o(i.tcp_echoserver_sent)
    tcp_echoserver_sent                      0x000034dd   Thumb Code    34  lib_xvc.o(i.tcp_echoserver_sent)
    i.tcp_eff_send_mss                       0x000034fe   Section        0  tcp.o(i.tcp_eff_send_mss)
    i.tcp_enqueue                            0x0000351e   Section        0  tcp_out.o(i.tcp_enqueue)
    i.tcp_err                                0x0000380e   Section        0  tcp.o(i.tcp_err)
    i.tcp_input                              0x00003814   Section        0  tcp_in.o(i.tcp_input)
    i.tcp_listen_input                       0x00003b48   Section        0  tcp_in.o(i.tcp_listen_input)
    tcp_listen_input                         0x00003b49   Thumb Code   222  tcp_in.o(i.tcp_listen_input)
    i.tcp_listen_with_backlog                0x00003c30   Section        0  tcp.o(i.tcp_listen_with_backlog)
    i.tcp_new                                0x00003cb4   Section        0  tcp.o(i.tcp_new)
    i.tcp_new_port                           0x00003cbc   Section        0  tcp.o(i.tcp_new_port)
    tcp_new_port                             0x00003cbd   Thumb Code    92  tcp.o(i.tcp_new_port)
    i.tcp_next_iss                           0x00003d1c   Section        0  tcp.o(i.tcp_next_iss)
    i.tcp_output                             0x00003d2c   Section        0  tcp_out.o(i.tcp_output)
    i.tcp_output_segment                     0x00003f5c   Section        0  tcp_out.o(i.tcp_output_segment)
    tcp_output_segment                       0x00003f5d   Thumb Code   188  tcp_out.o(i.tcp_output_segment)
    i.tcp_output_set_header                  0x00004020   Section        0  tcp_out.o(i.tcp_output_set_header)
    tcp_output_set_header                    0x00004021   Thumb Code   120  tcp_out.o(i.tcp_output_set_header)
    i.tcp_parseopt                           0x00004098   Section        0  tcp_in.o(i.tcp_parseopt)
    tcp_parseopt                             0x00004099   Thumb Code   124  tcp_in.o(i.tcp_parseopt)
    i.tcp_pcb_purge                          0x00004118   Section        0  tcp.o(i.tcp_pcb_purge)
    i.tcp_pcb_remove                         0x00004148   Section        0  tcp.o(i.tcp_pcb_remove)
    i.tcp_poll                               0x000041a8   Section        0  tcp.o(i.tcp_poll)
    i.tcp_process                            0x000041b4   Section        0  tcp_in.o(i.tcp_process)
    tcp_process                              0x000041b5   Thumb Code   814  tcp_in.o(i.tcp_process)
    i.tcp_receive                            0x000044f8   Section        0  tcp_in.o(i.tcp_receive)
    tcp_receive                              0x000044f9   Thumb Code  1130  tcp_in.o(i.tcp_receive)
    i.tcp_recv                               0x00004962   Section        0  tcp.o(i.tcp_recv)
    i.tcp_recv_null                          0x00004968   Section        0  tcp.o(i.tcp_recv_null)
    tcp_recv_null                            0x00004969   Thumb Code    28  tcp.o(i.tcp_recv_null)
    i.tcp_recved                             0x00004984   Section        0  tcp.o(i.tcp_recved)
    i.tcp_rexmit                             0x000049be   Section        0  tcp_out.o(i.tcp_rexmit)
    i.tcp_rst                                0x00004a12   Section        0  tcp_out.o(i.tcp_rst)
    i.tcp_seg_free                           0x00004abc   Section        0  tcp.o(i.tcp_seg_free)
    i.tcp_segs_free                          0x00004adc   Section        0  tcp.o(i.tcp_segs_free)
    i.tcp_send_ctrl                          0x00004af6   Section        0  tcp_out.o(i.tcp_send_ctrl)
    i.tcp_sent                               0x00004b0c   Section        0  tcp.o(i.tcp_sent)
    i.tcp_setprio                            0x00004b12   Section        0  tcp.o(i.tcp_setprio)
    i.tcp_update_rcv_ann_wnd                 0x00004b16   Section        0  tcp.o(i.tcp_update_rcv_ann_wnd)
    i.tcp_write                              0x00004b40   Section        0  tcp_out.o(i.tcp_write)
    i.udp_input                              0x00004b70   Section        0  udp.o(i.udp_input)
    i.update_arp_entry                       0x00004cd0   Section        0  etharp.o(i.update_arp_entry)
    update_arp_entry                         0x00004cd1   Thumb Code   162  etharp.o(i.update_arp_entry)
    .constdata                               0x00004d78   Section       36  memp.o(.constdata)
    memp_sizes                               0x00004d78   Data          18  memp.o(.constdata)
    memp_num                                 0x00004d8a   Data          18  memp.o(.constdata)
    .constdata                               0x00004d9c   Section        4  ip_addr.o(.constdata)
    .constdata                               0x00004da0   Section       12  etharp.o(.constdata)
    .data                                    0x20000000   Section       16  system_hhd32f1xx.o(.data)
    .data                                    0x20000010   Section      444  main.o(.data)
    .data                                    0x200001cc   Section        6  ethernetif.o(.data)
    .data                                    0x200001d4   Section       20  hhd_eth.o(.data)
    .data                                    0x200001e8   Section       16  mem.o(.data)
    mem_sem                                  0x200001e8   Data           1  mem.o(.data)
    ram                                      0x200001ec   Data           4  mem.o(.data)
    ram_end                                  0x200001f0   Data           4  mem.o(.data)
    lfree                                    0x200001f4   Data           4  mem.o(.data)
    .data                                    0x200001f8   Section       12  netif.o(.data)
    netifnum                                 0x200001f8   Data           1  netif.o(.data)
    .data                                    0x20000204   Section        4  raw.o(.data)
    raw_pcbs                                 0x20000204   Data           4  raw.o(.data)
    .data                                    0x20000208   Section       32  tcp.o(.data)
    tcp_timer                                0x20000208   Data           1  tcp.o(.data)
    port                                     0x2000020a   Data           2  tcp.o(.data)
    iss                                      0x2000020c   Data           4  tcp.o(.data)
    .data                                    0x20000228   Section       28  tcp_in.o(.data)
    flags                                    0x20000228   Data           1  tcp_in.o(.data)
    recv_flags                               0x20000229   Data           1  tcp_in.o(.data)
    tcplen                                   0x2000022a   Data           2  tcp_in.o(.data)
    tcphdr                                   0x2000022c   Data           4  tcp_in.o(.data)
    iphdr                                    0x20000230   Data           4  tcp_in.o(.data)
    seqno                                    0x20000234   Data           4  tcp_in.o(.data)
    ackno                                    0x20000238   Data           4  tcp_in.o(.data)
    recv_data                                0x2000023c   Data           4  tcp_in.o(.data)
    .data                                    0x20000244   Section        4  udp.o(.data)
    .data                                    0x20000248   Section       12  ip.o(.data)
    ip_id                                    0x20000248   Data           2  ip.o(.data)
    current_netif                            0x2000024c   Data           4  ip.o(.data)
    current_header                           0x20000250   Data           4  ip.o(.data)
    .data                                    0x20000254   Section        8  ip_frag.o(.data)
    ip_reass_pbufcount                       0x20000254   Data           2  ip_frag.o(.data)
    reassdatagrams                           0x20000258   Data           4  ip_frag.o(.data)
    .data                                    0x2000025c   Section        1  etharp.o(.data)
    etharp_cached_entry                      0x2000025c   Data           1  etharp.o(.data)
    .data                                    0x20000260   Section        4  lib_xvc.o(.data)
    tcp_echoserver_pcb                       0x20000260   Data           4  lib_xvc.o(.data)
    .data                                    0x20000264   Section        4  stdout.o(.data)
    .bss                                     0x20000268   Section       48  netconf.o(.bss)
    .bss                                     0x20000298   Section    21504  ethernetif.o(.bss)
    .bss                                     0x20005698   Section    40980  mem.o(.bss)
    ram_heap                                 0x20005698   Data       40980  mem.o(.bss)
    .bss                                     0x2000f6ac   Section    18615  memp.o(.bss)
    memp_tab                                 0x2000f6ac   Data          36  memp.o(.bss)
    memp_memory                              0x2000f6d0   Data       18579  memp.o(.bss)
    .bss                                     0x20013f64   Section       20  tcp_in.o(.bss)
    inseg                                    0x20013f64   Data          20  tcp_in.o(.bss)
    .bss                                     0x20013f78   Section     1504  ip_frag.o(.bss)
    buf                                      0x20013f78   Data        1504  ip_frag.o(.bss)
    .bss                                     0x20014558   Section      200  etharp.o(.bss)
    arp_table                                0x20014558   Data         200  etharp.o(.bss)
    .bss                                     0x20014620   Section     3084  lib_xvc.o(.bss)
    shiftPackage                             0x20014620   Data        3084  lib_xvc.o(.bss)
    STACK                                    0x20015230   Section     8192  startup_hhd32f1xx_s.o(STACK)

    Global Symbols

    Symbol Name                              Value     Ov Type        Size  Object(Section)

    BuildAttributes$$THM_ISAv4$P$D$K$B$S$PE$A:L22UL41UL21$X:L11$S22US41US21$IEEE1$IW$USESV6$~STKCKD$USESV7$~SHL$OSPACE$ROPI$EBA8$MICROLIB$REQ8$PRES8$EABIv2 0x00000000   Number         0  anon$$obj.o ABSOLUTE
    __ARM_use_no_argv                        0x00000000   Number         0  main.o ABSOLUTE
    __Vectors                                0x00000000   Data           4  startup_hhd32f1xx_s.o(RESET)
    _printf_a                                0x00000000   Number         0  stubs.o ABSOLUTE
    _printf_c                                0x00000000   Number         0  stubs.o ABSOLUTE
    _printf_charcount                        0x00000000   Number         0  stubs.o ABSOLUTE
    _printf_d                                0x00000000   Number         0  stubs.o ABSOLUTE
    _printf_e                                0x00000000   Number         0  stubs.o ABSOLUTE
    _printf_f                                0x00000000   Number         0  stubs.o ABSOLUTE
    _printf_flags                            0x00000000   Number         0  stubs.o ABSOLUTE
    _printf_fp_dec                           0x00000000   Number         0  stubs.o ABSOLUTE
    _printf_fp_hex                           0x00000000   Number         0  stubs.o ABSOLUTE
    _printf_g                                0x00000000   Number         0  stubs.o ABSOLUTE
    _printf_i                                0x00000000   Number         0  stubs.o ABSOLUTE
    _printf_int_dec                          0x00000000   Number         0  stubs.o ABSOLUTE
    _printf_l                                0x00000000   Number         0  stubs.o ABSOLUTE
    _printf_lc                               0x00000000   Number         0  stubs.o ABSOLUTE
    _printf_ll                               0x00000000   Number         0  stubs.o ABSOLUTE
    _printf_lld                              0x00000000   Number         0  stubs.o ABSOLUTE
    _printf_lli                              0x00000000   Number         0  stubs.o ABSOLUTE
    _printf_llo                              0x00000000   Number         0  stubs.o ABSOLUTE
    _printf_llu                              0x00000000   Number         0  stubs.o ABSOLUTE
    _printf_llx                              0x00000000   Number         0  stubs.o ABSOLUTE
    _printf_longlong_dec                     0x00000000   Number         0  stubs.o ABSOLUTE
    _printf_longlong_hex                     0x00000000   Number         0  stubs.o ABSOLUTE
    _printf_longlong_oct                     0x00000000   Number         0  stubs.o ABSOLUTE
    _printf_ls                               0x00000000   Number         0  stubs.o ABSOLUTE
    _printf_mbtowc                           0x00000000   Number         0  stubs.o ABSOLUTE
    _printf_n                                0x00000000   Number         0  stubs.o ABSOLUTE
    _printf_o                                0x00000000   Number         0  stubs.o ABSOLUTE
    _printf_p                                0x00000000   Number         0  stubs.o ABSOLUTE
    _printf_percent                          0x00000000   Number         0  stubs.o ABSOLUTE
    _printf_pre_padding                      0x00000000   Number         0  stubs.o ABSOLUTE
    _printf_return_value                     0x00000000   Number         0  stubs.o ABSOLUTE
    _printf_s                                0x00000000   Number         0  stubs.o ABSOLUTE
    _printf_sizespec                         0x00000000   Number         0  stubs.o ABSOLUTE
    _printf_str                              0x00000000   Number         0  stubs.o ABSOLUTE
    _printf_truncate_signed                  0x00000000   Number         0  stubs.o ABSOLUTE
    _printf_truncate_unsigned                0x00000000   Number         0  stubs.o ABSOLUTE
    _printf_u                                0x00000000   Number         0  stubs.o ABSOLUTE
    _printf_wc                               0x00000000   Number         0  stubs.o ABSOLUTE
    _printf_wctomb                           0x00000000   Number         0  stubs.o ABSOLUTE
    _printf_widthprec                        0x00000000   Number         0  stubs.o ABSOLUTE
    _printf_x                                0x00000000   Number         0  stubs.o ABSOLUTE
    __cpp_initialize__aeabi_                  - Undefined Weak Reference
    __cxa_finalize                            - Undefined Weak Reference
    _clock_init                               - Undefined Weak Reference
    _microlib_exit                            - Undefined Weak Reference
    __Vectors_End                            0x00000148   Data           0  startup_hhd32f1xx_s.o(RESET)
    __Vectors_Size                           0x00000148   Number         0  startup_hhd32f1xx_s.o ABSOLUTE
    __main                                   0x00000149   Thumb Code     0  entry.o(.ARM.Collect$$$$00000000)
    _main_stk                                0x00000149   Thumb Code     0  entry2.o(.ARM.Collect$$$$00000001)
    _main_scatterload                        0x0000014d   Thumb Code     0  entry5.o(.ARM.Collect$$$$00000004)
    __main_after_scatterload                 0x00000151   Thumb Code     0  entry5.o(.ARM.Collect$$$$00000004)
    _main_clock                              0x00000151   Thumb Code     0  entry7b.o(.ARM.Collect$$$$00000008)
    _main_cpp_init                           0x00000151   Thumb Code     0  entry8b.o(.ARM.Collect$$$$0000000A)
    _main_init                               0x00000151   Thumb Code     0  entry9a.o(.ARM.Collect$$$$0000000B)
    __rt_final_cpp                           0x00000159   Thumb Code     0  entry10a.o(.ARM.Collect$$$$0000000D)
    __rt_final_exit                          0x00000159   Thumb Code     0  entry11a.o(.ARM.Collect$$$$0000000F)
    Reset_Handler                            0x0000015d   Thumb Code     8  startup_hhd32f1xx_s.o(.text)
    MemoryManagement_Handler                 0x00000169   Thumb Code     2  startup_hhd32f1xx_s.o(.text)
    DebugMonitor_Handler                     0x00000171   Thumb Code     2  startup_hhd32f1xx_s.o(.text)
    ADC1_2_IRQHandler                        0x00000177   Thumb Code     0  startup_hhd32f1xx_s.o(.text)
    ADC3_IRQHandler                          0x00000177   Thumb Code     0  startup_hhd32f1xx_s.o(.text)
    BOD_IRQHandler                           0x00000177   Thumb Code     0  startup_hhd32f1xx_s.o(.text)
    CAN2_IRQHandler                          0x00000177   Thumb Code     0  startup_hhd32f1xx_s.o(.text)
    CAN_IRQHandler                           0x00000177   Thumb Code     0  startup_hhd32f1xx_s.o(.text)
    DAC_IRQHandler                           0x00000177   Thumb Code     0  startup_hhd32f1xx_s.o(.text)
    DMA1_CHANNEL1_IRQHandler                 0x00000177   Thumb Code     0  startup_hhd32f1xx_s.o(.text)
    DMA1_CHANNEL2_IRQHandler                 0x00000177   Thumb Code     0  startup_hhd32f1xx_s.o(.text)
    DMA1_CHANNEL3_IRQHandler                 0x00000177   Thumb Code     0  startup_hhd32f1xx_s.o(.text)
    DMA1_CHANNEL4_IRQHandler                 0x00000177   Thumb Code     0  startup_hhd32f1xx_s.o(.text)
    DMA1_CHANNEL5_IRQHandler                 0x00000177   Thumb Code     0  startup_hhd32f1xx_s.o(.text)
    DMA1_CHANNEL6_IRQHandler                 0x00000177   Thumb Code     0  startup_hhd32f1xx_s.o(.text)
    DMA1_CHANNEL7_IRQHandler                 0x00000177   Thumb Code     0  startup_hhd32f1xx_s.o(.text)
    DMA2_CHANNEL1_IRQHandler                 0x00000177   Thumb Code     0  startup_hhd32f1xx_s.o(.text)
    DMA2_CHANNEL2_IRQHandler                 0x00000177   Thumb Code     0  startup_hhd32f1xx_s.o(.text)
    DMA2_CHANNEL3_IRQHandler                 0x00000177   Thumb Code     0  startup_hhd32f1xx_s.o(.text)
    DMA2_CHANNEL4_5_IRQHandler               0x00000177   Thumb Code     0  startup_hhd32f1xx_s.o(.text)
    ETH_PMT_IRQHandler                       0x00000177   Thumb Code     0  startup_hhd32f1xx_s.o(.text)
    EXTI0_IRQHandler                         0x00000177   Thumb Code     0  startup_hhd32f1xx_s.o(.text)
    EXTI15_10_IRQHandler                     0x00000177   Thumb Code     0  startup_hhd32f1xx_s.o(.text)
    EXTI1_IRQHandler                         0x00000177   Thumb Code     0  startup_hhd32f1xx_s.o(.text)
    EXTI2_IRQHandler                         0x00000177   Thumb Code     0  startup_hhd32f1xx_s.o(.text)
    EXTI3_IRQHandler                         0x00000177   Thumb Code     0  startup_hhd32f1xx_s.o(.text)
    EXTI4_IRQHandler                         0x00000177   Thumb Code     0  startup_hhd32f1xx_s.o(.text)
    EXTI9_5_IRQHandler                       0x00000177   Thumb Code     0  startup_hhd32f1xx_s.o(.text)
    I2C1_IRQHandler                          0x00000177   Thumb Code     0  startup_hhd32f1xx_s.o(.text)
    I2C2_IRQHandler                          0x00000177   Thumb Code     0  startup_hhd32f1xx_s.o(.text)
    RTC_IRQHandler                           0x00000177   Thumb Code     0  startup_hhd32f1xx_s.o(.text)
    SPI1_IRQHandler                          0x00000177   Thumb Code     0  startup_hhd32f1xx_s.o(.text)
    SPI2_IRQHandler                          0x00000177   Thumb Code     0  startup_hhd32f1xx_s.o(.text)
    SPI3_IRQHandler                          0x00000177   Thumb Code     0  startup_hhd32f1xx_s.o(.text)
    SPI4_IRQHandler                          0x00000177   Thumb Code     0  startup_hhd32f1xx_s.o(.text)
    SPI5_IRQHandler                          0x00000177   Thumb Code     0  startup_hhd32f1xx_s.o(.text)
    TIM10_IRQHandler                         0x00000177   Thumb Code     0  startup_hhd32f1xx_s.o(.text)
    TIM11_IRQHandler                         0x00000177   Thumb Code     0  startup_hhd32f1xx_s.o(.text)
    TIM13_IRQHandler                         0x00000177   Thumb Code     0  startup_hhd32f1xx_s.o(.text)
    TIM14_IRQHandler                         0x00000177   Thumb Code     0  startup_hhd32f1xx_s.o(.text)
    TIM1FAULT_TIM9_IRQHandler                0x00000177   Thumb Code     0  startup_hhd32f1xx_s.o(.text)
    TIM1_IRQHandler                          0x00000177   Thumb Code     0  startup_hhd32f1xx_s.o(.text)
    TIM2_IRQHandler                          0x00000177   Thumb Code     0  startup_hhd32f1xx_s.o(.text)
    TIM3_IRQHandler                          0x00000177   Thumb Code     0  startup_hhd32f1xx_s.o(.text)
    TIM4_IRQHandler                          0x00000177   Thumb Code     0  startup_hhd32f1xx_s.o(.text)
    TIM5_IRQHandler                          0x00000177   Thumb Code     0  startup_hhd32f1xx_s.o(.text)
    TIM6_IRQHandler                          0x00000177   Thumb Code     0  startup_hhd32f1xx_s.o(.text)
    TIM7_IRQHandler                          0x00000177   Thumb Code     0  startup_hhd32f1xx_s.o(.text)
    TIM8FAULT_TIM12_IRQHandler               0x00000177   Thumb Code     0  startup_hhd32f1xx_s.o(.text)
    TIM8_IRQHandler                          0x00000177   Thumb Code     0  startup_hhd32f1xx_s.o(.text)
    UART1_IRQHandler                         0x00000177   Thumb Code     0  startup_hhd32f1xx_s.o(.text)
    UART2_IRQHandler                         0x00000177   Thumb Code     0  startup_hhd32f1xx_s.o(.text)
    UART3_IRQHandler                         0x00000177   Thumb Code     0  startup_hhd32f1xx_s.o(.text)
    UART4_IRQHandler                         0x00000177   Thumb Code     0  startup_hhd32f1xx_s.o(.text)
    UART5_IRQHandler                         0x00000177   Thumb Code     0  startup_hhd32f1xx_s.o(.text)
    USBWAKEUP_IRQHandler                     0x00000177   Thumb Code     0  startup_hhd32f1xx_s.o(.text)
    USB_IRQHandler                           0x00000177   Thumb Code     0  startup_hhd32f1xx_s.o(.text)
    WWDT_IRQHandler                          0x00000177   Thumb Code     0  startup_hhd32f1xx_s.o(.text)
    __aeabi_memcpy                           0x00000181   Thumb Code    36  memcpya.o(.text)
    __aeabi_memcpy4                          0x00000181   Thumb Code     0  memcpya.o(.text)
    __aeabi_memcpy8                          0x00000181   Thumb Code     0  memcpya.o(.text)
    __aeabi_memset                           0x000001a5   Thumb Code    14  memseta.o(.text)
    __aeabi_memset4                          0x000001a5   Thumb Code     0  memseta.o(.text)
    __aeabi_memset8                          0x000001a5   Thumb Code     0  memseta.o(.text)
    __aeabi_memclr                           0x000001b3   Thumb Code     4  memseta.o(.text)
    __aeabi_memclr4                          0x000001b3   Thumb Code     0  memseta.o(.text)
    __aeabi_memclr8                          0x000001b3   Thumb Code     0  memseta.o(.text)
    _memset$wrapper                          0x000001b7   Thumb Code    18  memseta.o(.text)
    strlen                                   0x000001c9   Thumb Code    14  strlen.o(.text)
    memcmp                                   0x000001d7   Thumb Code    26  memcmp.o(.text)
    __aeabi_uldivmod                         0x000001f1   Thumb Code    98  uldiv.o(.text)
    __scatterload                            0x00000255   Thumb Code    28  init.o(.text)
    __scatterload_rt2                        0x00000255   Thumb Code     0  init.o(.text)
    __aeabi_llsl                             0x00000279   Thumb Code    30  llshl.o(.text)
    _ll_shift_l                              0x00000279   Thumb Code     0  llshl.o(.text)
    __aeabi_llsr                             0x00000297   Thumb Code    32  llushr.o(.text)
    _ll_ushift_r                             0x00000297   Thumb Code     0  llushr.o(.text)
    __decompress                             0x000002b7   Thumb Code     0  __dczerorl2.o(.text)
    __decompress1                            0x000002b7   Thumb Code    86  __dczerorl2.o(.text)
    BusFault_Handler                         0x0000030d   Thumb Code     2  hhd32f10x_it.o(i.BusFault_Handler)
    Delay                                    0x00000311   Thumb Code    14  main.o(i.Delay)
    Delay_1ms                                0x00000325   Thumb Code    24  hhd32f107.o(i.Delay_1ms)
    ETH_DMAClearITPendingBit                 0x0000033d   Thumb Code     6  hhd_eth.o(i.ETH_DMAClearITPendingBit)
    ETH_DMAITConfig                          0x00000349   Thumb Code    18  hhd_eth.o(i.ETH_DMAITConfig)
    ETH_DMAReceptionCmd                      0x00000361   Thumb Code    22  hhd_eth.o(i.ETH_DMAReceptionCmd)
    ETH_DMARxDescChainInit                   0x0000037d   Thumb Code    68  hhd_eth.o(i.ETH_DMARxDescChainInit)
    ETH_DMARxDescReceiveITConfig             0x000003cd   Thumb Code    18  hhd_eth.o(i.ETH_DMARxDescReceiveITConfig)
    ETH_DMATransmissionCmd                   0x000003e1   Thumb Code    22  hhd_eth.o(i.ETH_DMATransmissionCmd)
    ETH_DMATxDescChainInit                   0x000003fd   Thumb Code    62  hhd_eth.o(i.ETH_DMATxDescChainInit)
    ETH_DeInit                               0x00000445   Thumb Code     2  hhd_eth.o(i.ETH_DeInit)
    ETH_FlushTransmitFIFO                    0x00000449   Thumb Code    12  hhd_eth.o(i.ETH_FlushTransmitFIFO)
    ETH_GetCurrentTxBuffer                   0x00000459   Thumb Code     8  ethernetif.o(i.ETH_GetCurrentTxBuffer)
    ETH_GetDMARxDescFrameLength              0x00000465   Thumb Code     8  hhd_eth.o(i.ETH_GetDMARxDescFrameLength)
    ETH_GetRxPktSize                         0x0000046d   Thumb Code    30  hhd_eth.o(i.ETH_GetRxPktSize)
    ETH_GetSoftwareResetStatus               0x00000491   Thumb Code    14  hhd_eth.o(i.ETH_GetSoftwareResetStatus)
    ETH_IRQHandler                           0x000004a5   Thumb Code    34  hhd32f10x_it.o(i.ETH_IRQHandler)
    ETH_Init                                 0x000004c9   Thumb Code   288  hhd_eth.o(i.ETH_Init)
    ETH_MACAddressConfig                     0x000005f9   Thumb Code    22  hhd_eth.o(i.ETH_MACAddressConfig)
    ETH_MACReceptionCmd                      0x00000615   Thumb Code    22  hhd_eth.o(i.ETH_MACReceptionCmd)
    ETH_MACTransmissionCmd                   0x00000631   Thumb Code    22  hhd_eth.o(i.ETH_MACTransmissionCmd)
    ETH_ReadPHYRegister                      0x0000064d   Thumb Code    80  hhd_eth.o(i.ETH_ReadPHYRegister)
    ETH_RxPkt_ChainMode                      0x000006a5   Thumb Code    70  ethernetif.o(i.ETH_RxPkt_ChainMode)
    ETH_SoftwareReset                        0x000006f5   Thumb Code    12  hhd_eth.o(i.ETH_SoftwareReset)
    ETH_Start                                0x00000705   Thumb Code    34  hhd_eth.o(i.ETH_Start)
    ETH_StructInit                           0x00000727   Thumb Code   130  hhd_eth.o(i.ETH_StructInit)
    ETH_TxPkt_ChainMode                      0x000007a9   Thumb Code    60  ethernetif.o(i.ETH_TxPkt_ChainMode)
    ETH_WritePHYRegister                     0x000007ed   Thumb Code    76  hhd_eth.o(i.ETH_WritePHYRegister)
    Ethernet_Configuration                   0x00000841   Thumb Code   206  hhd32f107.o(i.Ethernet_Configuration)
    GPIO_ConfigPinsAsInput                   0x0000091d   Thumb Code     8  hhd_gpio.o(i.GPIO_ConfigPinsAsInput)
    GPIO_ConfigPinsAsOutput                  0x00000925   Thumb Code     8  hhd_gpio.o(i.GPIO_ConfigPinsAsOutput)
    GPIO_ResetPin                            0x0000092d   Thumb Code     8  hhd_gpio.o(i.GPIO_ResetPin)
    GPIO_SetPin                              0x00000935   Thumb Code     8  hhd_gpio.o(i.GPIO_SetPin)
    Get_Tick                                 0x0000093d   Thumb Code     6  main.o(i.Get_Tick)
    HardFault_Handler                        0x00000949   Thumb Code     2  hhd32f10x_it.o(i.HardFault_Handler)
    IO_init                                  0x0000094b   Thumb Code    92  io_init.o(i.IO_init)
    Jtag_Init                                0x000009a9   Thumb Code    54  lib_xvc.o(i.Jtag_Init)
    LwIP_Init                                0x000009e5   Thumb Code    94  netconf.o(i.LwIP_Init)
    LwIP_Pkt_Handle                          0x00000a5d   Thumb Code     6  netconf.o(i.LwIP_Pkt_Handle)
    NMI_Handler                              0x00000a69   Thumb Code     2  hhd32f10x_it.o(i.NMI_Handler)
    PHY_MII_COPPER                           0x00000ab7   Thumb Code   112  hhd_eth.o(i.PHY_MII_COPPER)
    PendSV_Handler                           0x00000b27   Thumb Code     2  hhd32f10x_it.o(i.PendSV_Handler)
    RCC_APB2PeriphClockCmd                   0x00000b29   Thumb Code    20  hhd_rcc.o(i.RCC_APB2PeriphClockCmd)
    SVC_Handler                              0x00000b41   Thumb Code     2  hhd32f10x_it.o(i.SVC_Handler)
    Set_MAC_Address                          0x00000b45   Thumb Code    34  ethernetif.o(i.Set_MAC_Address)
    SysTick_Handler                          0x00000b6d   Thumb Code     4  hhd32f10x_it.o(i.SysTick_Handler)
    SystemInit                               0x00000b71   Thumb Code   154  system_hhd32f1xx.o(i.SystemInit)
    System_Setup                             0x00000c1d   Thumb Code    80  hhd32f107.o(i.System_Setup)
    Time_Update                              0x00000c75   Thumb Code    10  main.o(i.Time_Update)
    UART_EnableInt                           0x00000c85   Thumb Code     8  hhd_uart.o(i.UART_EnableInt)
    UART_Open                                0x00000c8d   Thumb Code   320  hhd_uart.o(i.UART_Open)
    UsageFault_Handler                       0x00000de9   Thumb Code     2  hhd32f10x_it.o(i.UsageFault_Handler)
    __0printf$8                              0x00000ded   Thumb Code    22  printf8.o(i.__0printf$8)
    __1printf$8                              0x00000ded   Thumb Code     0  printf8.o(i.__0printf$8)
    __2printf                                0x00000ded   Thumb Code     0  printf8.o(i.__0printf$8)
    __0sprintf$8                             0x00000e0d   Thumb Code    34  printf8.o(i.__0sprintf$8)
    __1sprintf$8                             0x00000e0d   Thumb Code     0  printf8.o(i.__0sprintf$8)
    __2sprintf                               0x00000e0d   Thumb Code     0  printf8.o(i.__0sprintf$8)
    __scatterload_copy                       0x00000e35   Thumb Code    14  handlers.o(i.__scatterload_copy)
    __scatterload_null                       0x00000e43   Thumb Code     2  handlers.o(i.__scatterload_null)
    __scatterload_zeroinit                   0x00000e45   Thumb Code    14  handlers.o(i.__scatterload_zeroinit)
    application_init                         0x000012c1   Thumb Code    14  main.o(i.application_init)
    etharp_arp_input                         0x000012cf   Thumb Code   202  etharp.o(i.etharp_arp_input)
    etharp_ip_input                          0x00001399   Thumb Code    40  etharp.o(i.etharp_ip_input)
    etharp_output                            0x000013c1   Thumb Code   178  etharp.o(i.etharp_output)
    etharp_query                             0x00001479   Thumb Code   256  etharp.o(i.etharp_query)
    etharp_request                           0x0000161d   Thumb Code    32  etharp.o(i.etharp_request)
    ethernet_input                           0x00001677   Thumb Code    84  etharp.o(i.ethernet_input)
    ethernetif_init                          0x000016cd   Thumb Code    56  ethernetif.o(i.ethernetif_init)
    ethernetif_input                         0x0000170d   Thumb Code    38  ethernetif.o(i.ethernetif_input)
    fputc                                    0x00001871   Thumb Code    18  main.o(i.fputc)
    get_phyaddr                              0x000018a7   Thumb Code    34  hhd32f107.o(i.get_phyaddr)
    htonl                                    0x000018c9   Thumb Code     4  inet.o(i.htonl)
    htons                                    0x000018cd   Thumb Code     4  inet.o(i.htons)
    icmp_dest_unreach                        0x000018d1   Thumb Code     8  icmp.o(i.icmp_dest_unreach)
    icmp_input                               0x000018d9   Thumb Code   328  icmp.o(i.icmp_input)
    icmp_time_exceeded                       0x00001a87   Thumb Code     8  icmp.o(i.icmp_time_exceeded)
    inet_chksum                              0x00001a8f   Thumb Code    12  inet_chksum.o(i.inet_chksum)
    inet_chksum_pbuf                         0x00001a9b   Thumb Code    72  inet_chksum.o(i.inet_chksum_pbuf)
    inet_chksum_pseudo                       0x00001ae3   Thumb Code   134  inet_chksum.o(i.inet_chksum_pseudo)
    ip_addr_isbroadcast                      0x00001b69   Thumb Code    48  ip_addr.o(i.ip_addr_isbroadcast)
    ip_frag                                  0x00001b99   Thumb Code   298  ip_frag.o(i.ip_frag)
    ip_input                                 0x00001cc9   Thumb Code   360  ip.o(i.ip_input)
    ip_output                                0x00001e39   Thumb Code    52  ip.o(i.ip_output)
    ip_output_if                             0x00001e6d   Thumb Code   210  ip.o(i.ip_output_if)
    ip_reass                                 0x00001f45   Thumb Code   428  ip_frag.o(i.ip_reass)
    ip_route                                 0x000022ed   Thumb Code    62  ip.o(i.ip_route)
    jtagServer_init                          0x00002335   Thumb Code    54  lib_xvc.o(i.jtagServer_init)
    jtag_gpio_handle                         0x00002379   Thumb Code   436  lib_xvc.o(i.jtag_gpio_handle)
    main                                     0x0000266d   Thumb Code    58  main.o(i.main)
    mem_free                                 0x000026c5   Thumb Code    40  mem.o(i.mem_free)
    mem_init                                 0x000026f1   Thumb Code    44  mem.o(i.mem_init)
    mem_malloc                               0x00002725   Thumb Code   162  mem.o(i.mem_malloc)
    mem_realloc                              0x000027cd   Thumb Code   190  mem.o(i.mem_realloc)
    memp_free                                0x00002891   Thumb Code    18  memp.o(i.memp_free)
    memp_init                                0x000028a9   Thumb Code    78  memp.o(i.memp_init)
    memp_malloc                              0x00002901   Thumb Code    28  memp.o(i.memp_malloc)
    netif_add                                0x00002921   Thumb Code    68  netif.o(i.netif_add)
    netif_is_up                              0x00002969   Thumb Code    10  netif.o(i.netif_is_up)
    netif_set_addr                           0x00002973   Thumb Code    32  netif.o(i.netif_set_addr)
    netif_set_default                        0x00002995   Thumb Code     6  netif.o(i.netif_set_default)
    netif_set_gw                             0x000029a1   Thumb Code     8  netif.o(i.netif_set_gw)
    netif_set_ipaddr                         0x000029a9   Thumb Code    96  netif.o(i.netif_set_ipaddr)
    netif_set_netmask                        0x00002a11   Thumb Code     8  netif.o(i.netif_set_netmask)
    netif_set_up                             0x00002a19   Thumb Code    28  netif.o(i.netif_set_up)
    ntohl                                    0x00002a35   Thumb Code     4  inet.o(i.ntohl)
    ntohs                                    0x00002a39   Thumb Code     4  inet.o(i.ntohs)
    pbuf_alloc                               0x00002a3d   Thumb Code   268  pbuf.o(i.pbuf_alloc)
    pbuf_cat                                 0x00002b49   Thumb Code    40  pbuf.o(i.pbuf_cat)
    pbuf_chain                               0x00002b71   Thumb Code    18  pbuf.o(i.pbuf_chain)
    pbuf_clen                                0x00002b83   Thumb Code    18  pbuf.o(i.pbuf_clen)
    pbuf_copy                                0x00002b95   Thumb Code   144  pbuf.o(i.pbuf_copy)
    pbuf_copy_partial                        0x00002c25   Thumb Code   104  pbuf.o(i.pbuf_copy_partial)
    pbuf_free                                0x00002c8d   Thumb Code    68  pbuf.o(i.pbuf_free)
    pbuf_header                              0x00002cd1   Thumb Code    96  pbuf.o(i.pbuf_header)
    pbuf_realloc                             0x00002d31   Thumb Code    78  pbuf.o(i.pbuf_realloc)
    pbuf_ref                                 0x00002d7f   Thumb Code    12  pbuf.o(i.pbuf_ref)
    peripheral_init                          0x00002d8d   Thumb Code    22  main.o(i.peripheral_init)
    raw_input                                0x00002dfd   Thumb Code   100  raw.o(i.raw_input)
    simulator_Init                           0x00002e65   Thumb Code    52  simulator_spi.o(i.simulator_Init)
    tcp_abandon                              0x00002ea1   Thumb Code   142  tcp.o(i.tcp_abandon)
    tcp_accept                               0x00002f35   Thumb Code     4  tcp.o(i.tcp_accept)
    tcp_alloc                                0x00002f41   Thumb Code   248  tcp.o(i.tcp_alloc)
    tcp_arg                                  0x00003045   Thumb Code     4  tcp.o(i.tcp_arg)
    tcp_bind                                 0x00003049   Thumb Code   182  tcp.o(i.tcp_bind)
    tcp_close                                0x00003105   Thumb Code   156  tcp.o(i.tcp_close)
    tcp_eff_send_mss                         0x000034ff   Thumb Code    32  tcp.o(i.tcp_eff_send_mss)
    tcp_enqueue                              0x0000351f   Thumb Code   752  tcp_out.o(i.tcp_enqueue)
    tcp_err                                  0x0000380f   Thumb Code     6  tcp.o(i.tcp_err)
    tcp_input                                0x00003815   Thumb Code   800  tcp_in.o(i.tcp_input)
    tcp_listen_with_backlog                  0x00003c31   Thumb Code   122  tcp.o(i.tcp_listen_with_backlog)
    tcp_new                                  0x00003cb5   Thumb Code     6  tcp.o(i.tcp_new)
    tcp_next_iss                             0x00003d1d   Thumb Code    12  tcp.o(i.tcp_next_iss)
    tcp_output                               0x00003d2d   Thumb Code   554  tcp_out.o(i.tcp_output)
    tcp_pcb_purge                            0x00004119   Thumb Code    48  tcp.o(i.tcp_pcb_purge)
    tcp_pcb_remove                           0x00004149   Thumb Code    90  tcp.o(i.tcp_pcb_remove)
    tcp_poll                                 0x000041a9   Thumb Code    10  tcp.o(i.tcp_poll)
    tcp_recv                                 0x00004963   Thumb Code     6  tcp.o(i.tcp_recv)
    tcp_recved                               0x00004985   Thumb Code    58  tcp.o(i.tcp_recved)
    tcp_rexmit                               0x000049bf   Thumb Code    84  tcp_out.o(i.tcp_rexmit)
    tcp_rst                                  0x00004a13   Thumb Code   170  tcp_out.o(i.tcp_rst)
    tcp_seg_free                             0x00004abd   Thumb Code    32  tcp.o(i.tcp_seg_free)
    tcp_segs_free                            0x00004add   Thumb Code    26  tcp.o(i.tcp_segs_free)
    tcp_send_ctrl                            0x00004af7   Thumb Code    22  tcp_out.o(i.tcp_send_ctrl)
    tcp_sent                                 0x00004b0d   Thumb Code     6  tcp.o(i.tcp_sent)
    tcp_setprio                              0x00004b13   Thumb Code     4  tcp.o(i.tcp_setprio)
    tcp_update_rcv_ann_wnd                   0x00004b17   Thumb Code    42  tcp.o(i.tcp_update_rcv_ann_wnd)
    tcp_write                                0x00004b41   Thumb Code    46  tcp_out.o(i.tcp_write)
    udp_input                                0x00004b71   Thumb Code   348  udp.o(i.udp_input)
    ip_addr_any                              0x00004d9c   Data           4  ip_addr.o(.constdata)
    ethbroadcast                             0x00004da0   Data           6  etharp.o(.constdata)
    ethzero                                  0x00004da6   Data           6  etharp.o(.constdata)
    Region$$Table$$Base                      0x00004dac   Number         0  anon$$obj.o(Region$$Table)
    Region$$Table$$Limit                     0x00004dcc   Number         0  anon$$obj.o(Region$$Table)
    SystemCoreClock                          0x20000000   Data           4  system_hhd32f1xx.o(.data)
    MainClock                                0x20000004   Data           4  system_hhd32f1xx.o(.data)
    APB1Clock                                0x20000008   Data           4  system_hhd32f1xx.o(.data)
    APB2Clock                                0x2000000c   Data           4  system_hhd32f1xx.o(.data)
    LocalTime                                0x20000010   Data           4  main.o(.data)
    pins_table                               0x20000014   Data         440  main.o(.data)
    MACaddr                                  0x200001cc   Data           6  ethernetif.o(.data)
    DMATxDescToSet                           0x200001d4   Data           4  hhd_eth.o(.data)
    DMARxDescToGet                           0x200001d8   Data           4  hhd_eth.o(.data)
    DMAPTPTxDescToSet                        0x200001dc   Data           4  hhd_eth.o(.data)
    DMAPTPRxDescToGet                        0x200001e0   Data           4  hhd_eth.o(.data)
    error_flag                               0x200001e4   Data           4  hhd_eth.o(.data)
    netif_list                               0x200001fc   Data           4  netif.o(.data)
    netif_default                            0x20000200   Data           4  netif.o(.data)
    tcp_ticks                                0x20000210   Data           4  tcp.o(.data)
    tcp_bound_pcbs                           0x20000214   Data           4  tcp.o(.data)
    tcp_listen_pcbs                          0x20000218   Data           4  tcp.o(.data)
    tcp_active_pcbs                          0x2000021c   Data           4  tcp.o(.data)
    tcp_tw_pcbs                              0x20000220   Data           4  tcp.o(.data)
    tcp_tmp_pcb                              0x20000224   Data           4  tcp.o(.data)
    tcp_input_pcb                            0x20000240   Data           4  tcp_in.o(.data)
    udp_pcbs                                 0x20000244   Data           4  udp.o(.data)
    __stdout                                 0x20000264   Data           4  stdout.o(.data)
    netif                                    0x20000268   Data          48  netconf.o(.bss)
    DMARxDscrTab                             0x20000298   Data         160  ethernetif.o(.bss)
    DMATxDscrTab                             0x20000338   Data          64  ethernetif.o(.bss)
    Rx_Buff                                  0x20000378   Data       15200  ethernetif.o(.bss)
    Tx_Buff                                  0x20003ed8   Data        6080  ethernetif.o(.bss)
    __initial_sp                             0x20017230   Data           0  startup_hhd32f1xx_s.o(STACK)



==============================================================================

Memory Map of the image

  Image Entry point : 0x00000149

  Load Region LR_IROM1 (Base: 0x00000000, Size: 0x00005034, Max: 0x00010000, ABSOLUTE, COMPRESSED[0x00004e80])

    Execution Region ER_IROM1 (Exec base: 0x00000000, Load base: 0x00000000, Size: 0x00004dcc, Max: 0x00010000, ABSOLUTE)

    Exec Addr    Load Addr    Size         Type   Attr      Idx    E Section Name        Object

    0x00000000   0x00000000   0x00000148   Data   RO           50    RESET               startup_hhd32f1xx_s.o
    0x00000148   0x00000148   0x00000000   Code   RO         3441  * .ARM.Collect$$$$00000000  mc_w.l(entry.o)
    0x00000148   0x00000148   0x00000004   Code   RO         3715    .ARM.Collect$$$$00000001  mc_w.l(entry2.o)
    0x0000014c   0x0000014c   0x00000004   Code   RO         3718    .ARM.Collect$$$$00000004  mc_w.l(entry5.o)
    0x00000150   0x00000150   0x00000000   Code   RO         3720    .ARM.Collect$$$$00000008  mc_w.l(entry7b.o)
    0x00000150   0x00000150   0x00000000   Code   RO         3722    .ARM.Collect$$$$0000000A  mc_w.l(entry8b.o)
    0x00000150   0x00000150   0x00000008   Code   RO         3723    .ARM.Collect$$$$0000000B  mc_w.l(entry9a.o)
    0x00000158   0x00000158   0x00000000   Code   RO         3725    .ARM.Collect$$$$0000000D  mc_w.l(entry10a.o)
    0x00000158   0x00000158   0x00000000   Code   RO         3727    .ARM.Collect$$$$0000000F  mc_w.l(entry11a.o)
    0x00000158   0x00000158   0x00000004   Code   RO         3716    .ARM.Collect$$$$00002712  mc_w.l(entry2.o)
    0x0000015c   0x0000015c   0x00000024   Code   RO           51    .text               startup_hhd32f1xx_s.o
    0x00000180   0x00000180   0x00000024   Code   RO         3444    .text               mc_w.l(memcpya.o)
    0x000001a4   0x000001a4   0x00000024   Code   RO         3446    .text               mc_w.l(memseta.o)
    0x000001c8   0x000001c8   0x0000000e   Code   RO         3448    .text               mc_w.l(strlen.o)
    0x000001d6   0x000001d6   0x0000001a   Code   RO         3450    .text               mc_w.l(memcmp.o)
    0x000001f0   0x000001f0   0x00000062   Code   RO         3732    .text               mc_w.l(uldiv.o)
    0x00000252   0x00000252   0x00000002   PAD
    0x00000254   0x00000254   0x00000024   Code   RO         3745    .text               mc_w.l(init.o)
    0x00000278   0x00000278   0x0000001e   Code   RO         3747    .text               mc_w.l(llshl.o)
    0x00000296   0x00000296   0x00000020   Code   RO         3749    .text               mc_w.l(llushr.o)
    0x000002b6   0x000002b6   0x00000056   Code   RO         3763    .text               mc_w.l(__dczerorl2.o)
    0x0000030c   0x0000030c   0x00000002   Code   RO          338    i.BusFault_Handler  hhd32f10x_it.o
    0x0000030e   0x0000030e   0x00000002   PAD
    0x00000310   0x00000310   0x00000014   Code   RO           55    i.Delay             main.o
    0x00000324   0x00000324   0x00000018   Code   RO          290    i.Delay_1ms         hhd32f107.o
    0x0000033c   0x0000033c   0x0000000c   Code   RO         1653    i.ETH_DMAClearITPendingBit  hhd_eth.o
    0x00000348   0x00000348   0x00000018   Code   RO         1654    i.ETH_DMAITConfig   hhd_eth.o
    0x00000360   0x00000360   0x0000001c   Code   RO         1657    i.ETH_DMAReceptionCmd  hhd_eth.o
    0x0000037c   0x0000037c   0x00000050   Code   RO         1658    i.ETH_DMARxDescChainInit  hhd_eth.o
    0x000003cc   0x000003cc   0x00000012   Code   RO         1660    i.ETH_DMARxDescReceiveITConfig  hhd_eth.o
    0x000003de   0x000003de   0x00000002   PAD
    0x000003e0   0x000003e0   0x0000001c   Code   RO         1663    i.ETH_DMATransmissionCmd  hhd_eth.o
    0x000003fc   0x000003fc   0x00000048   Code   RO         1666    i.ETH_DMATxDescChainInit  hhd_eth.o
    0x00000444   0x00000444   0x00000002   Code   RO         1675    i.ETH_DeInit        hhd_eth.o
    0x00000446   0x00000446   0x00000002   PAD
    0x00000448   0x00000448   0x00000010   Code   RO         1680    i.ETH_FlushTransmitFIFO  hhd_eth.o
    0x00000458   0x00000458   0x0000000c   Code   RO          527    i.ETH_GetCurrentTxBuffer  ethernetif.o
    0x00000464   0x00000464   0x00000008   Code   RO         1691    i.ETH_GetDMARxDescFrameLength  hhd_eth.o
    0x0000046c   0x0000046c   0x00000024   Code   RO         1707    i.ETH_GetRxPktSize  hhd_eth.o
    0x00000490   0x00000490   0x00000014   Code   RO         1708    i.ETH_GetSoftwareResetStatus  hhd_eth.o
    0x000004a4   0x000004a4   0x00000022   Code   RO          340    i.ETH_IRQHandler    hhd32f10x_it.o
    0x000004c6   0x000004c6   0x00000002   PAD
    0x000004c8   0x000004c8   0x00000130   Code   RO         1716    i.ETH_Init          hhd_eth.o
    0x000005f8   0x000005f8   0x0000001c   Code   RO         1719    i.ETH_MACAddressConfig  hhd_eth.o
    0x00000614   0x00000614   0x0000001c   Code   RO         1724    i.ETH_MACReceptionCmd  hhd_eth.o
    0x00000630   0x00000630   0x0000001c   Code   RO         1725    i.ETH_MACTransmissionCmd  hhd_eth.o
    0x0000064c   0x0000064c   0x00000058   Code   RO         1736    i.ETH_ReadPHYRegister  hhd_eth.o
    0x000006a4   0x000006a4   0x00000050   Code   RO          528    i.ETH_RxPkt_ChainMode  ethernetif.o
    0x000006f4   0x000006f4   0x00000010   Code   RO         1747    i.ETH_SoftwareReset  hhd_eth.o
    0x00000704   0x00000704   0x00000022   Code   RO         1748    i.ETH_Start         hhd_eth.o
    0x00000726   0x00000726   0x00000082   Code   RO         1749    i.ETH_StructInit    hhd_eth.o
    0x000007a8   0x000007a8   0x00000044   Code   RO          529    i.ETH_TxPkt_ChainMode  ethernetif.o
    0x000007ec   0x000007ec   0x00000054   Code   RO         1751    i.ETH_WritePHYRegister  hhd_eth.o
    0x00000840   0x00000840   0x000000dc   Code   RO          291    i.Ethernet_Configuration  hhd32f107.o
    0x0000091c   0x0000091c   0x00000008   Code   RO          913    i.GPIO_ConfigPinsAsInput  hhd_gpio.o
    0x00000924   0x00000924   0x00000008   Code   RO          914    i.GPIO_ConfigPinsAsOutput  hhd_gpio.o
    0x0000092c   0x0000092c   0x00000008   Code   RO          921    i.GPIO_ResetPin     hhd_gpio.o
    0x00000934   0x00000934   0x00000008   Code   RO          923    i.GPIO_SetPin       hhd_gpio.o
    0x0000093c   0x0000093c   0x0000000c   Code   RO           56    i.Get_Tick          main.o
    0x00000948   0x00000948   0x00000002   Code   RO          341    i.HardFault_Handler  hhd32f10x_it.o
    0x0000094a   0x0000094a   0x0000005c   Code   RO          611    i.IO_init           io_init.o
    0x000009a6   0x000009a6   0x00000002   PAD
    0x000009a8   0x000009a8   0x0000003c   Code   RO         3375    i.Jtag_Init         lib_xvc.o
    0x000009e4   0x000009e4   0x00000078   Code   RO          174    i.LwIP_Init         netconf.o
    0x00000a5c   0x00000a5c   0x0000000c   Code   RO          176    i.LwIP_Pkt_Handle   netconf.o
    0x00000a68   0x00000a68   0x00000002   Code   RO          343    i.NMI_Handler       hhd32f10x_it.o
    0x00000a6a   0x00000a6a   0x00000016   Code   RO         1487    i.NVIC_DisableIRQ   hhd_uart.o
    0x00000a80   0x00000a80   0x00000016   Code   RO          293    i.NVIC_EnableIRQ    hhd32f107.o
    0x00000a96   0x00000a96   0x00000020   Code   RO          294    i.NVIC_SetPriority  hhd32f107.o
    0x00000ab6   0x00000ab6   0x00000070   Code   RO         1752    i.PHY_MII_COPPER    hhd_eth.o
    0x00000b26   0x00000b26   0x00000002   Code   RO          344    i.PendSV_Handler    hhd32f10x_it.o
    0x00000b28   0x00000b28   0x00000018   Code   RO         1014    i.RCC_APB2PeriphClockCmd  hhd_rcc.o
    0x00000b40   0x00000b40   0x00000002   Code   RO          345    i.SVC_Handler       hhd32f10x_it.o
    0x00000b42   0x00000b42   0x00000002   PAD
    0x00000b44   0x00000b44   0x00000028   Code   RO          530    i.Set_MAC_Address   ethernetif.o
    0x00000b6c   0x00000b6c   0x00000004   Code   RO          346    i.SysTick_Handler   hhd32f10x_it.o
    0x00000b70   0x00000b70   0x000000ac   Code   RO           18    i.SystemInit        system_hhd32f1xx.o
    0x00000c1c   0x00000c1c   0x00000058   Code   RO          295    i.System_Setup      hhd32f107.o
    0x00000c74   0x00000c74   0x00000010   Code   RO           58    i.Time_Update       main.o
    0x00000c84   0x00000c84   0x00000008   Code   RO         1494    i.UART_EnableInt    hhd_uart.o
    0x00000c8c   0x00000c8c   0x0000015c   Code   RO         1496    i.UART_Open         hhd_uart.o
    0x00000de8   0x00000de8   0x00000002   Code   RO          347    i.UsageFault_Handler  hhd32f10x_it.o
    0x00000dea   0x00000dea   0x00000002   PAD
    0x00000dec   0x00000dec   0x00000020   Code   RO         3661    i.__0printf$8       mc_w.l(printf8.o)
    0x00000e0c   0x00000e0c   0x00000028   Code   RO         3663    i.__0sprintf$8      mc_w.l(printf8.o)
    0x00000e34   0x00000e34   0x0000000e   Code   RO         3757    i.__scatterload_copy  mc_w.l(handlers.o)
    0x00000e42   0x00000e42   0x00000002   Code   RO         3758    i.__scatterload_null  mc_w.l(handlers.o)
    0x00000e44   0x00000e44   0x0000000e   Code   RO         3759    i.__scatterload_zeroinit  mc_w.l(handlers.o)
    0x00000e52   0x00000e52   0x00000002   PAD
    0x00000e54   0x00000e54   0x00000410   Code   RO         3668    i._printf_core      mc_w.l(printf8.o)
    0x00001264   0x00001264   0x00000024   Code   RO         3669    i._printf_post_padding  mc_w.l(printf8.o)
    0x00001288   0x00001288   0x0000002e   Code   RO         3670    i._printf_pre_padding  mc_w.l(printf8.o)
    0x000012b6   0x000012b6   0x0000000a   Code   RO         3672    i._sputc            mc_w.l(printf8.o)
    0x000012c0   0x000012c0   0x0000000e   Code   RO           59    i.application_init  main.o
    0x000012ce   0x000012ce   0x000000ca   Code   RO         3289    i.etharp_arp_input  etharp.o
    0x00001398   0x00001398   0x00000028   Code   RO         3291    i.etharp_ip_input   etharp.o
    0x000013c0   0x000013c0   0x000000b8   Code   RO         3292    i.etharp_output     etharp.o
    0x00001478   0x00001478   0x00000104   Code   RO         3293    i.etharp_query      etharp.o
    0x0000157c   0x0000157c   0x0000009e   Code   RO         3294    i.etharp_raw        etharp.o
    0x0000161a   0x0000161a   0x00000002   PAD
    0x0000161c   0x0000161c   0x00000024   Code   RO         3295    i.etharp_request    etharp.o
    0x00001640   0x00001640   0x00000036   Code   RO         3296    i.etharp_send_ip    etharp.o
    0x00001676   0x00001676   0x00000054   Code   RO         3298    i.ethernet_input    etharp.o
    0x000016ca   0x000016ca   0x00000002   PAD
    0x000016cc   0x000016cc   0x00000040   Code   RO          532    i.ethernetif_init   ethernetif.o
    0x0000170c   0x0000170c   0x00000026   Code   RO          533    i.ethernetif_input  ethernetif.o
    0x00001732   0x00001732   0x00000002   PAD
    0x00001734   0x00001734   0x0000013c   Code   RO         3299    i.find_entry        etharp.o
    0x00001870   0x00001870   0x00000018   Code   RO           60    i.fputc             main.o
    0x00001888   0x00001888   0x0000001e   Code   RO         3300    i.free_etharp_q     etharp.o
    0x000018a6   0x000018a6   0x00000022   Code   RO          296    i.get_phyaddr       hhd32f107.o
    0x000018c8   0x000018c8   0x00000004   Code   RO         3091    i.htonl             inet.o
    0x000018cc   0x000018cc   0x00000004   Code   RO         3092    i.htons             inet.o
    0x000018d0   0x000018d0   0x00000008   Code   RO         3062    i.icmp_dest_unreach  icmp.o
    0x000018d8   0x000018d8   0x00000148   Code   RO         3063    i.icmp_input        icmp.o
    0x00001a20   0x00001a20   0x00000066   Code   RO         3064    i.icmp_send_response  icmp.o
    0x00001a86   0x00001a86   0x00000008   Code   RO         3065    i.icmp_time_exceeded  icmp.o
    0x00001a8e   0x00001a8e   0x0000000c   Code   RO         3139    i.inet_chksum       inet_chksum.o
    0x00001a9a   0x00001a9a   0x00000048   Code   RO         3140    i.inet_chksum_pbuf  inet_chksum.o
    0x00001ae2   0x00001ae2   0x00000086   Code   RO         3141    i.inet_chksum_pseudo  inet_chksum.o
    0x00001b68   0x00001b68   0x00000030   Code   RO         3219    i.ip_addr_isbroadcast  ip_addr.o
    0x00001b98   0x00001b98   0x00000130   Code   RO         3242    i.ip_frag           ip_frag.o
    0x00001cc8   0x00001cc8   0x00000170   Code   RO         3177    i.ip_input          ip.o
    0x00001e38   0x00001e38   0x00000034   Code   RO         3178    i.ip_output         ip.o
    0x00001e6c   0x00001e6c   0x000000d8   Code   RO         3179    i.ip_output_if      ip.o
    0x00001f44   0x00001f44   0x000001b0   Code   RO         3243    i.ip_reass          ip_frag.o
    0x000020f4   0x000020f4   0x000000f0   Code   RO         3244    i.ip_reass_chain_frag_into_datagram_and_validate  ip_frag.o
    0x000021e4   0x000021e4   0x00000024   Code   RO         3245    i.ip_reass_dequeue_datagram  ip_frag.o
    0x00002208   0x00002208   0x00000070   Code   RO         3246    i.ip_reass_free_complete_datagram  ip_frag.o
    0x00002278   0x00002278   0x00000074   Code   RO         3247    i.ip_reass_remove_oldest_datagram  ip_frag.o
    0x000022ec   0x000022ec   0x00000048   Code   RO         3180    i.ip_route          ip.o
    0x00002334   0x00002334   0x00000044   Code   RO         3376    i.jtagServer_init   lib_xvc.o
    0x00002378   0x00002378   0x000001bc   Code   RO         3377    i.jtag_gpio_handle  lib_xvc.o
    0x00002534   0x00002534   0x00000070   Code   RO          534    i.low_level_init    ethernetif.o
    0x000025a4   0x000025a4   0x00000060   Code   RO          535    i.low_level_input   ethernetif.o
    0x00002604   0x00002604   0x0000002c   Code   RO          536    i.low_level_output  ethernetif.o
    0x00002630   0x00002630   0x0000003c   Code   RO         3142    i.lwip_standard_chksum  inet_chksum.o
    0x0000266c   0x0000266c   0x00000058   Code   RO           61    i.main              main.o
    0x000026c4   0x000026c4   0x0000002c   Code   RO         2380    i.mem_free          mem.o
    0x000026f0   0x000026f0   0x00000034   Code   RO         2381    i.mem_init          mem.o
    0x00002724   0x00002724   0x000000a8   Code   RO         2382    i.mem_malloc        mem.o
    0x000027cc   0x000027cc   0x000000c4   Code   RO         2383    i.mem_realloc       mem.o
    0x00002890   0x00002890   0x00000018   Code   RO         2423    i.memp_free         memp.o
    0x000028a8   0x000028a8   0x00000058   Code   RO         2424    i.memp_init         memp.o
    0x00002900   0x00002900   0x00000020   Code   RO         2425    i.memp_malloc       memp.o
    0x00002920   0x00002920   0x00000048   Code   RO         2465    i.netif_add         netif.o
    0x00002968   0x00002968   0x0000000a   Code   RO         2467    i.netif_is_up       netif.o
    0x00002972   0x00002972   0x00000020   Code   RO         2469    i.netif_set_addr    netif.o
    0x00002992   0x00002992   0x00000002   PAD
    0x00002994   0x00002994   0x0000000c   Code   RO         2470    i.netif_set_default  netif.o
    0x000029a0   0x000029a0   0x00000008   Code   RO         2472    i.netif_set_gw      netif.o
    0x000029a8   0x000029a8   0x00000068   Code   RO         2473    i.netif_set_ipaddr  netif.o
    0x00002a10   0x00002a10   0x00000008   Code   RO         2474    i.netif_set_netmask  netif.o
    0x00002a18   0x00002a18   0x0000001c   Code   RO         2475    i.netif_set_up      netif.o
    0x00002a34   0x00002a34   0x00000004   Code   RO         3096    i.ntohl             inet.o
    0x00002a38   0x00002a38   0x00000004   Code   RO         3097    i.ntohs             inet.o
    0x00002a3c   0x00002a3c   0x0000010c   Code   RO         2540    i.pbuf_alloc        pbuf.o
    0x00002b48   0x00002b48   0x00000028   Code   RO         2541    i.pbuf_cat          pbuf.o
    0x00002b70   0x00002b70   0x00000012   Code   RO         2542    i.pbuf_chain        pbuf.o
    0x00002b82   0x00002b82   0x00000012   Code   RO         2543    i.pbuf_clen         pbuf.o
    0x00002b94   0x00002b94   0x00000090   Code   RO         2545    i.pbuf_copy         pbuf.o
    0x00002c24   0x00002c24   0x00000068   Code   RO         2546    i.pbuf_copy_partial  pbuf.o
    0x00002c8c   0x00002c8c   0x00000044   Code   RO         2548    i.pbuf_free         pbuf.o
    0x00002cd0   0x00002cd0   0x00000060   Code   RO         2549    i.pbuf_header       pbuf.o
    0x00002d30   0x00002d30   0x0000004e   Code   RO         2550    i.pbuf_realloc      pbuf.o
    0x00002d7e   0x00002d7e   0x0000000c   Code   RO         2551    i.pbuf_ref          pbuf.o
    0x00002d8a   0x00002d8a   0x00000002   PAD
    0x00002d8c   0x00002d8c   0x0000001c   Code   RO           62    i.peripheral_init   main.o
    0x00002da8   0x00002da8   0x00000054   Code   RO         2384    i.plug_holes        mem.o
    0x00002dfc   0x00002dfc   0x00000068   Code   RO         2629    i.raw_input         raw.o
    0x00002e64   0x00002e64   0x0000003c   Code   RO          486    i.simulator_Init    simulator_spi.o
    0x00002ea0   0x00002ea0   0x00000094   Code   RO         2695    i.tcp_abandon       tcp.o
    0x00002f34   0x00002f34   0x00000004   Code   RO         2696    i.tcp_accept        tcp.o
    0x00002f38   0x00002f38   0x00000006   Code   RO         2697    i.tcp_accept_null   tcp.o
    0x00002f3e   0x00002f3e   0x00000002   PAD
    0x00002f40   0x00002f40   0x00000104   Code   RO         2698    i.tcp_alloc         tcp.o
    0x00003044   0x00003044   0x00000004   Code   RO         2699    i.tcp_arg           tcp.o
    0x00003048   0x00003048   0x000000bc   Code   RO         2700    i.tcp_bind          tcp.o
    0x00003104   0x00003104   0x000000a0   Code   RO         2701    i.tcp_close         tcp.o
    0x000031a4   0x000031a4   0x00000068   Code   RO         3378    i.tcp_echoserver_accept  lib_xvc.o
    0x0000320c   0x0000320c   0x00000040   Code   RO         3379    i.tcp_echoserver_connection_close  lib_xvc.o
    0x0000324c   0x0000324c   0x0000000a   Code   RO         3380    i.tcp_echoserver_error  lib_xvc.o
    0x00003256   0x00003256   0x00000032   Code   RO         3381    i.tcp_echoserver_poll  lib_xvc.o
    0x00003288   0x00003288   0x00000208   Code   RO         3382    i.tcp_echoserver_recv  lib_xvc.o
    0x00003490   0x00003490   0x0000004c   Code   RO         3383    i.tcp_echoserver_send  lib_xvc.o
    0x000034dc   0x000034dc   0x00000022   Code   RO         3384    i.tcp_echoserver_sent  lib_xvc.o
    0x000034fe   0x000034fe   0x00000020   Code   RO         2703    i.tcp_eff_send_mss  tcp.o
    0x0000351e   0x0000351e   0x000002f0   Code   RO         2914    i.tcp_enqueue       tcp_out.o
    0x0000380e   0x0000380e   0x00000006   Code   RO         2704    i.tcp_err           tcp.o
    0x00003814   0x00003814   0x00000334   Code   RO         2871    i.tcp_input         tcp_in.o
    0x00003b48   0x00003b48   0x000000e8   Code   RO         2872    i.tcp_listen_input  tcp_in.o
    0x00003c30   0x00003c30   0x00000084   Code   RO         2706    i.tcp_listen_with_backlog  tcp.o
    0x00003cb4   0x00003cb4   0x00000006   Code   RO         2707    i.tcp_new           tcp.o
    0x00003cba   0x00003cba   0x00000002   PAD
    0x00003cbc   0x00003cbc   0x00000060   Code   RO         2708    i.tcp_new_port      tcp.o
    0x00003d1c   0x00003d1c   0x00000010   Code   RO         2709    i.tcp_next_iss      tcp.o
    0x00003d2c   0x00003d2c   0x00000230   Code   RO         2916    i.tcp_output        tcp_out.o
    0x00003f5c   0x00003f5c   0x000000c4   Code   RO         2917    i.tcp_output_segment  tcp_out.o
    0x00004020   0x00004020   0x00000078   Code   RO         2918    i.tcp_output_set_header  tcp_out.o
    0x00004098   0x00004098   0x00000080   Code   RO         2873    i.tcp_parseopt      tcp_in.o
    0x00004118   0x00004118   0x00000030   Code   RO         2710    i.tcp_pcb_purge     tcp.o
    0x00004148   0x00004148   0x00000060   Code   RO         2711    i.tcp_pcb_remove    tcp.o
    0x000041a8   0x000041a8   0x0000000a   Code   RO         2712    i.tcp_poll          tcp.o
    0x000041b2   0x000041b2   0x00000002   PAD
    0x000041b4   0x000041b4   0x00000344   Code   RO         2874    i.tcp_process       tcp_in.o
    0x000044f8   0x000044f8   0x0000046a   Code   RO         2875    i.tcp_receive       tcp_in.o
    0x00004962   0x00004962   0x00000006   Code   RO         2713    i.tcp_recv          tcp.o
    0x00004968   0x00004968   0x0000001c   Code   RO         2714    i.tcp_recv_null     tcp.o
    0x00004984   0x00004984   0x0000003a   Code   RO         2715    i.tcp_recved        tcp.o
    0x000049be   0x000049be   0x00000054   Code   RO         2919    i.tcp_rexmit        tcp_out.o
    0x00004a12   0x00004a12   0x000000aa   Code   RO         2921    i.tcp_rst           tcp_out.o
    0x00004abc   0x00004abc   0x00000020   Code   RO         2716    i.tcp_seg_free      tcp.o
    0x00004adc   0x00004adc   0x0000001a   Code   RO         2717    i.tcp_segs_free     tcp.o
    0x00004af6   0x00004af6   0x00000016   Code   RO         2922    i.tcp_send_ctrl     tcp_out.o
    0x00004b0c   0x00004b0c   0x00000006   Code   RO         2718    i.tcp_sent          tcp.o
    0x00004b12   0x00004b12   0x00000004   Code   RO         2719    i.tcp_setprio       tcp.o
    0x00004b16   0x00004b16   0x0000002a   Code   RO         2722    i.tcp_update_rcv_ann_wnd  tcp.o
    0x00004b40   0x00004b40   0x0000002e   Code   RO         2923    i.tcp_write         tcp_out.o
    0x00004b6e   0x00004b6e   0x00000002   PAD
    0x00004b70   0x00004b70   0x00000160   Code   RO         2987    i.udp_input         udp.o
    0x00004cd0   0x00004cd0   0x000000a8   Code   RO         3301    i.update_arp_entry  etharp.o
    0x00004d78   0x00004d78   0x00000024   Data   RO         2427    .constdata          memp.o
    0x00004d9c   0x00004d9c   0x00000004   Data   RO         3220    .constdata          ip_addr.o
    0x00004da0   0x00004da0   0x0000000c   Data   RO         3303    .constdata          etharp.o
    0x00004dac   0x00004dac   0x00000020   Data   RO         3755    Region$$Table       anon$$obj.o


    Execution Region RW_IRAM1 (Exec base: 0x20000000, Load base: 0x00004dcc, Size: 0x00017230, Max: 0x00020000, ABSOLUTE, COMPRESSED[0x000000b4])

    Exec Addr    Load Addr    Size         Type   Attr      Idx    E Section Name        Object

    0x20000000   COMPRESSED   0x00000010   Data   RW           19    .data               system_hhd32f1xx.o
    0x20000010   COMPRESSED   0x000001bc   Data   RW           63    .data               main.o
    0x200001cc   COMPRESSED   0x00000006   Data   RW          542    .data               ethernetif.o
    0x200001d2   COMPRESSED   0x00000002   PAD
    0x200001d4   COMPRESSED   0x00000014   Data   RW         1757    .data               hhd_eth.o
    0x200001e8   COMPRESSED   0x00000010   Data   RW         2386    .data               mem.o
    0x200001f8   COMPRESSED   0x0000000c   Data   RW         2476    .data               netif.o
    0x20000204   COMPRESSED   0x00000004   Data   RW         2635    .data               raw.o
    0x20000208   COMPRESSED   0x00000020   Data   RW         2724    .data               tcp.o
    0x20000228   COMPRESSED   0x0000001c   Data   RW         2877    .data               tcp_in.o
    0x20000244   COMPRESSED   0x00000004   Data   RW         2994    .data               udp.o
    0x20000248   COMPRESSED   0x0000000c   Data   RW         3181    .data               ip.o
    0x20000254   COMPRESSED   0x00000008   Data   RW         3250    .data               ip_frag.o
    0x2000025c   COMPRESSED   0x00000001   Data   RW         3304    .data               etharp.o
    0x2000025d   COMPRESSED   0x00000003   PAD
    0x20000260   COMPRESSED   0x00000004   Data   RW         3386    .data               lib_xvc.o
    0x20000264   COMPRESSED   0x00000004   Data   RW         3729    .data               mc_w.l(stdout.o)
    0x20000268        -       0x00000030   Zero   RW          177    .bss                netconf.o
    0x20000298        -       0x00005400   Zero   RW          537    .bss                ethernetif.o
    0x20005698        -       0x0000a014   Zero   RW         2385    .bss                mem.o
    0x2000f6ac        -       0x000048b7   Zero   RW         2426    .bss                memp.o
    0x20013f63   COMPRESSED   0x00000001   PAD
    0x20013f64        -       0x00000014   Zero   RW         2876    .bss                tcp_in.o
    0x20013f78        -       0x000005e0   Zero   RW         3249    .bss                ip_frag.o
    0x20014558        -       0x000000c8   Zero   RW         3302    .bss                etharp.o
    0x20014620        -       0x00000c0c   Zero   RW         3385    .bss                lib_xvc.o
    0x2001522c   COMPRESSED   0x00000004   PAD
    0x20015230        -       0x00002000   Zero   RW           48    STACK               startup_hhd32f1xx_s.o


==============================================================================

Image component sizes


      Code (inc. data)   RO Data    RW Data    ZI Data      Debug   Object Name

         0          0          0          0          0       4540   core_cm3.o
      1532         28         12          1        200      12679   etharp.o
       554         54          0          6      21504       8000   ethernetif.o
       420         22          0          0          0      20706   hhd32f107.o
        50          0          0          0          0       3384   hhd32f10x_it.o
      1196        116          0         20          0      15084   hhd_eth.o
        32          0          0          0          0       2661   hhd_gpio.o
        24          4          0          0          0        593   hhd_rcc.o
       378         28          0          0          0      19384   hhd_uart.o
       446          0          0          0          0       3606   icmp.o
        16          0          0          0          0       2986   inet.o
       278          0          0          0          0       6734   inet_chksum.o
         0          0          0          0          0        668   init.o
        92          0          0          0          0       1322   io_init.o
       708         24          0         12          0       4969   ip.o
        48          0          4          0          0       5505   ip_addr.o
      1240         34          0          8       1504       7645   ip_frag.o
      1430        102          0          4       3084       9053   lib_xvc.o
       202         60          0        444          0      56700   main.o
       544         30          0         16      40980       5009   mem.o
       144         20         36          0      18615       3898   memp.o
       132         32          0          0         48      23052   netconf.o
       274         18          0         12          0       7041   netif.o
       846          0          0          0          0       8409   pbuf.o
       104          4          0          4          0       1740   raw.o
        60          8          0          0          0        477   simulator_spi.o
        36          8        328          0       8192        912   startup_hhd32f1xx_s.o
       172         18          0         16          0      28317   system_hhd32f1xx.o
      1414         60          0         32          0      24158   tcp.o
      3146         76          0         28         20      14676   tcp_in.o
      1950         14          0          0          0       8806   tcp_out.o
       352          4          0          4          0       3536   udp.o

    ----------------------------------------------------------------------
     17852        764        412        612      94152     316250   Object Totals
         0          0         32          0          0          0   (incl. Generated)
        32          0          0          5          5          0   (incl. Padding)

    ----------------------------------------------------------------------

      Code (inc. data)   RO Data    RW Data    ZI Data      Debug   Library Member Name

        86          0          0          0          0          0   __dczerorl2.o
         0          0          0          0          0          0   entry.o
         0          0          0          0          0          0   entry10a.o
         0          0          0          0          0          0   entry11a.o
         8          4          0          0          0          0   entry2.o
         4          0          0          0          0          0   entry5.o
         0          0          0          0          0          0   entry7b.o
         0          0          0          0          0          0   entry8b.o
         8          4          0          0          0          0   entry9a.o
        30          0          0          0          0          0   handlers.o
        36          8          0          0          0         68   init.o
        30          0          0          0          0         68   llshl.o
        32          0          0          0          0         68   llushr.o
        26          0          0          0          0         80   memcmp.o
        36          0          0          0          0         68   memcpya.o
        36          0          0          0          0        108   memseta.o
      1204         60          0          0          0        504   printf8.o
         0          0          0          4          0          0   stdout.o
        14          0          0          0          0         68   strlen.o
        98          0          0          0          0         92   uldiv.o

    ----------------------------------------------------------------------
      1652         76          0          4          0       1124   Library Totals
         4          0          0          0          0          0   (incl. Padding)

    ----------------------------------------------------------------------

      Code (inc. data)   RO Data    RW Data    ZI Data      Debug   Library Name

      1648         76          0          4          0       1124   mc_w.l

    ----------------------------------------------------------------------
      1652         76          0          4          0       1124   Library Totals

    ----------------------------------------------------------------------

==============================================================================


      Code (inc. data)   RO Data    RW Data    ZI Data      Debug   

     19504        840        412        616      94152     308298   Grand Totals
     19504        840        412        180      94152     308298   ELF Image Totals (compressed)
     19504        840        412        180          0          0   ROM Totals

==============================================================================

    Total RO  Size (Code + RO Data)                19916 (  19.45kB)
    Total RW  Size (RW Data + ZI Data)             94768 (  92.55kB)
    Total ROM Size (Code + RO Data + RW Data)      20096 (  19.63kB)

==============================================================================

